
> test
> jest

FAIL tests/external-editor.test.js
  ΓùÅ Console

    console.error
      Error: Not implemented: window.alert
          at module.exports (C:\Users\arunk\Downloads\projects\New folder\pdf reader\node_modules\jest-environment-jsdom\node_modules\jsdom\lib\jsdom\browser\not-implemented.js:9:17)
          at C:\Users\arunk\Downloads\projects\New folder\pdf reader\node_modules\jest-environment-jsdom\node_modules\jsdom\lib\jsdom\browser\Window.js:960:7
          at saveExternalNote (eval at loadEditorModule (C:\Users\arunk\Downloads\projects\New folder\pdf reader\tests\external-editor.test.js:43:3), <anonymous>:1003:18)
          at Object._saveExternalNote (C:\Users\arunk\Downloads\projects\New folder\pdf reader\tests\external-editor.test.js:149:27) {
        type: 'not implemented'
      }

      at VirtualConsole.<anonymous> (node_modules/@jest/environment-jsdom-abstract/build/index.js:87:23)
      at saveExternalNote (eval at loadEditorModule (tests/external-editor.test.js:43:3), <anonymous>:1003:18)
      at Object._saveExternalNote (tests/external-editor.test.js:149:27)

  ΓùÅ Notes Full Editor ΓÇö Robustness Tests ΓÇ║ Bug 1 ΓÇö createNewExternalNote defined exactly once (complete version) ΓÇ║ clears the title input

    expect(received).toBe(expected) // Object.is equality

    Expected: ""
    Received: "Untitled Note"

      103 |       document.getElementById('external-note-title').value = 'My Note';
      104 |       window._createNewExternalNote();
    > 105 |       expect(document.getElementById('external-note-title').value).toBe('');
          |                                                                    ^
      106 |     });
      107 |   });
      108 |

      at Object.toBe (tests/external-editor.test.js:105:68)

FAIL tests/integration/remote-stylus-flow.test.js
  ΓùÅ Console

    console.error
      Error: Not implemented: navigation (except hash changes)
          at module.exports (C:\Users\arunk\Downloads\projects\New folder\pdf reader\node_modules\jest-environment-jsdom\node_modules\jsdom\lib\jsdom\browser\not-implemented.js:9:17)
          at navigateFetch (C:\Users\arunk\Downloads\projects\New folder\pdf reader\node_modules\jest-environment-jsdom\node_modules\jsdom\lib\jsdom\living\window\navigation.js:77:3)
          at exports.navigate (C:\Users\arunk\Downloads\projects\New folder\pdf reader\node_modules\jest-environment-jsdom\node_modules\jsdom\lib\jsdom\living\window\navigation.js:55:3)
          at LocationImpl._locationObjectNavigate (C:\Users\arunk\Downloads\projects\New folder\pdf reader\node_modules\jest-environment-jsdom\node_modules\jsdom\lib\jsdom\living\window\Location-impl.js:30:5)
          at LocationImpl._locationObjectSetterNavigate (C:\Users\arunk\Downloads\projects\New folder\pdf reader\node_modules\jest-environment-jsdom\node_modules\jsdom\lib\jsdom\living\window\Location-impl.js:24:17)
          at LocationImpl.set href [as href] (C:\Users\arunk\Downloads\projects\New folder\pdf reader\node_modules\jest-environment-jsdom\node_modules\jsdom\lib\jsdom\living\window\Location-impl.js:46:10)
          at Location.set href [as href] (C:\Users\arunk\Downloads\projects\New folder\pdf reader\node_modules\jest-environment-jsdom\node_modules\jsdom\lib\jsdom\living\generated\Location.js:125:37)
          at Reflect.set (<anonymous>)
          at Window.set location [as location] (C:\Users\arunk\Downloads\projects\New folder\pdf reader\node_modules\jest-environment-jsdom\node_modules\jsdom\lib\jsdom\browser\Window.js:424:15)
          at stubGlobals (C:\Users\arunk\Downloads\projects\New folder\pdf reader\tests\integration\remote-stylus-flow.test.js:85:18)
          at Object.stubGlobals (C:\Users\arunk\Downloads\projects\New folder\pdf reader\tests\integration\remote-stylus-flow.test.js:106:5)
          at Promise.finally.completed (C:\Users\arunk\Downloads\projects\New folder\pdf reader\node_modules\jest-circus\build\jestAdapterInit.js:1561:28)
          at new Promise (<anonymous>)
          at callAsyncCircusFn (C:\Users\arunk\Downloads\projects\New folder\pdf reader\node_modules\jest-circus\build\jestAdapterInit.js:1501:10)
          at _callCircusHook (C:\Users\arunk\Downloads\projects\New folder\pdf reader\node_modules\jest-circus\build\jestAdapterInit.js:980:40)
          at _runTest (C:\Users\arunk\Downloads\projects\New folder\pdf reader\node_modules\jest-circus\build\jestAdapterInit.js:945:5)
          at C:\Users\arunk\Downloads\projects\New folder\pdf reader\node_modules\jest-circus\build\jestAdapterInit.js:853:7
          at _runTestsForDescribeBlock (C:\Users\arunk\Downloads\projects\New folder\pdf reader\node_modules\jest-circus\build\jestAdapterInit.js:866:11)
          at _runTestsForDescribeBlock (C:\Users\arunk\Downloads\projects\New folder\pdf reader\node_modules\jest-circus\build\jestAdapterInit.js:861:11)
          at run (C:\Users\arunk\Downloads\projects\New folder\pdf reader\node_modules\jest-circus\build\jestAdapterInit.js:765:3)
          at runAndTransformResultsToJestFormat (C:\Users\arunk\Downloads\projects\New folder\pdf reader\node_modules\jest-circus\build\jestAdapterInit.js:1993:21)
          at jestAdapter (C:\Users\arunk\Downloads\projects\New folder\pdf reader\node_modules\jest-circus\build\runner.js:111:19)
          at runTestInternal (C:\Users\arunk\Downloads\projects\New folder\pdf reader\node_modules\jest-runner\build\index.js:276:16)
          at runTest (C:\Users\arunk\Downloads\projects\New folder\pdf reader\node_modules\jest-runner\build\index.js:344:7) {
        type: 'not implemented'
      }

      83 |   };
      84 |   delete window.location;
    > 85 |   window.location = {
         |                  ^
      86 |     protocol:'http:', host:'localhost:8500',
      87 |     search:'?roomId=r1&mode=A', href:'http://localhost:8500/remote-stylus?roomId=r1&mode=A'
      88 |   };

      at VirtualConsole.<anonymous> (node_modules/@jest/environment-jsdom-abstract/build/index.js:87:23)
          at Reflect.set (<anonymous>)
      at stubGlobals (tests/integration/remote-stylus-flow.test.js:85:18)
      at Object.stubGlobals (tests/integration/remote-stylus-flow.test.js:106:5)

    console.error
      Invalid sync payload TypeError: targetNode.scrollIntoView is not a function
          at Object.setActiveCanvas (eval at loadSync (C:\Users\arunk\Downloads\projects\New folder\pdf reader\tests\integration\remote-stylus-flow.test.js:49:3), <anonymous>:910:28)
          at MockWebSocket.ws.onmessage (eval at loadSync (C:\Users\arunk\Downloads\projects\New folder\pdf reader\tests\integration\remote-stylus-flow.test.js:49:3), <anonymous>:95:43)
          at MockWebSocket.onmessage [as _receive] (C:\Users\arunk\Downloads\projects\New folder\pdf reader\tests\integration\remote-stylus-flow.test.js:29:30)
          at Object._receive (C:\Users\arunk\Downloads\projects\New folder\pdf reader\tests\integration\remote-stylus-flow.test.js:117:8)
          at Promise.finally.completed (C:\Users\arunk\Downloads\projects\New folder\pdf reader\node_modules\jest-circus\build\jestAdapterInit.js:1561:28)
          at new Promise (<anonymous>)
          at callAsyncCircusFn (C:\Users\arunk\Downloads\projects\New folder\pdf reader\node_modules\jest-circus\build\jestAdapterInit.js:1501:10)
          at _callCircusTest (C:\Users\arunk\Downloads\projects\New folder\pdf reader\node_modules\jest-circus\build\jestAdapterInit.js:1011:40)
          at _runTest (C:\Users\arunk\Downloads\projects\New folder\pdf reader\node_modules\jest-circus\build\jestAdapterInit.js:951:3)
          at C:\Users\arunk\Downloads\projects\New folder\pdf reader\node_modules\jest-circus\build\jestAdapterInit.js:853:7
          at _runTestsForDescribeBlock (C:\Users\arunk\Downloads\projects\New folder\pdf reader\node_modules\jest-circus\build\jestAdapterInit.js:866:11)
          at _runTestsForDescribeBlock (C:\Users\arunk\Downloads\projects\New folder\pdf reader\node_modules\jest-circus\build\jestAdapterInit.js:861:11)
          at run (C:\Users\arunk\Downloads\projects\New folder\pdf reader\node_modules\jest-circus\build\jestAdapterInit.js:765:3)
          at runAndTransformResultsToJestFormat (C:\Users\arunk\Downloads\projects\New folder\pdf reader\node_modules\jest-circus\build\jestAdapterInit.js:1993:21)
          at jestAdapter (C:\Users\arunk\Downloads\projects\New folder\pdf reader\node_modules\jest-circus\build\runner.js:111:19)
          at runTestInternal (C:\Users\arunk\Downloads\projects\New folder\pdf reader\node_modules\jest-runner\build\index.js:276:16)
          at runTest (C:\Users\arunk\Downloads\projects\New folder\pdf reader\node_modules\jest-runner\build\index.js:344:7)

      at MockWebSocket.ws.onmessage (eval at loadSync (tests/integration/remote-stylus-flow.test.js:49:3), <anonymous>:133:25)
      at MockWebSocket.onmessage [as _receive] (tests/integration/remote-stylus-flow.test.js:29:30)
      at Object._receive (tests/integration/remote-stylus-flow.test.js:117:8)

    console.error
      Error: Not implemented: navigation (except hash changes)
          at module.exports (C:\Users\arunk\Downloads\projects\New folder\pdf reader\node_modules\jest-environment-jsdom\node_modules\jsdom\lib\jsdom\browser\not-implemented.js:9:17)
          at navigateFetch (C:\Users\arunk\Downloads\projects\New folder\pdf reader\node_modules\jest-environment-jsdom\node_modules\jsdom\lib\jsdom\living\window\navigation.js:77:3)
          at exports.navigate (C:\Users\arunk\Downloads\projects\New folder\pdf reader\node_modules\jest-environment-jsdom\node_modules\jsdom\lib\jsdom\living\window\navigation.js:55:3)
          at LocationImpl._locationObjectNavigate (C:\Users\arunk\Downloads\projects\New folder\pdf reader\node_modules\jest-environment-jsdom\node_modules\jsdom\lib\jsdom\living\window\Location-impl.js:30:5)
          at LocationImpl._locationObjectSetterNavigate (C:\Users\arunk\Downloads\projects\New folder\pdf reader\node_modules\jest-environment-jsdom\node_modules\jsdom\lib\jsdom\living\window\Location-impl.js:24:17)
          at LocationImpl.set href [as href] (C:\Users\arunk\Downloads\projects\New folder\pdf reader\node_modules\jest-environment-jsdom\node_modules\jsdom\lib\jsdom\living\window\Location-impl.js:46:10)
          at Location.set href [as href] (C:\Users\arunk\Downloads\projects\New folder\pdf reader\node_modules\jest-environment-jsdom\node_modules\jsdom\lib\jsdom\living\generated\Location.js:125:37)
          at Reflect.set (<anonymous>)
          at Window.set location [as location] (C:\Users\arunk\Downloads\projects\New folder\pdf reader\node_modules\jest-environment-jsdom\node_modules\jsdom\lib\jsdom\browser\Window.js:424:15)
          at stubGlobals (C:\Users\arunk\Downloads\projects\New folder\pdf reader\tests\integration\remote-stylus-flow.test.js:85:18)
          at Object.stubGlobals (C:\Users\arunk\Downloads\projects\New folder\pdf reader\tests\integration\remote-stylus-flow.test.js:106:5)
          at Promise.finally.completed (C:\Users\arunk\Downloads\projects\New folder\pdf reader\node_modules\jest-circus\build\jestAdapterInit.js:1561:28)
          at new Promise (<anonymous>)
          at callAsyncCircusFn (C:\Users\arunk\Downloads\projects\New folder\pdf reader\node_modules\jest-circus\build\jestAdapterInit.js:1501:10)
          at _callCircusHook (C:\Users\arunk\Downloads\projects\New folder\pdf reader\node_modules\jest-circus\build\jestAdapterInit.js:980:40)
          at _runTest (C:\Users\arunk\Downloads\projects\New folder\pdf reader\node_modules\jest-circus\build\jestAdapterInit.js:945:5)
          at C:\Users\arunk\Downloads\projects\New folder\pdf reader\node_modules\jest-circus\build\jestAdapterInit.js:853:7
          at _runTestsForDescribeBlock (C:\Users\arunk\Downloads\projects\New folder\pdf reader\node_modules\jest-circus\build\jestAdapterInit.js:866:11)
          at _runTestsForDescribeBlock (C:\Users\arunk\Downloads\projects\New folder\pdf reader\node_modules\jest-circus\build\jestAdapterInit.js:861:11)
          at run (C:\Users\arunk\Downloads\projects\New folder\pdf reader\node_modules\jest-circus\build\jestAdapterInit.js:765:3)
          at runAndTransformResultsToJestFormat (C:\Users\arunk\Downloads\projects\New folder\pdf reader\node_modules\jest-circus\build\jestAdapterInit.js:1993:21)
          at jestAdapter (C:\Users\arunk\Downloads\projects\New folder\pdf reader\node_modules\jest-circus\build\runner.js:111:19)
          at runTestInternal (C:\Users\arunk\Downloads\projects\New folder\pdf reader\node_modules\jest-runner\build\index.js:276:16)
          at runTest (C:\Users\arunk\Downloads\projects\New folder\pdf reader\node_modules\jest-runner\build\index.js:344:7) {
        type: 'not implemented'
      }

      83 |   };
      84 |   delete window.location;
    > 85 |   window.location = {
         |                  ^
      86 |     protocol:'http:', host:'localhost:8500',
      87 |     search:'?roomId=r1&mode=A', href:'http://localhost:8500/remote-stylus?roomId=r1&mode=A'
      88 |   };

      at VirtualConsole.<anonymous> (node_modules/@jest/environment-jsdom-abstract/build/index.js:87:23)
          at Reflect.set (<anonymous>)
      at stubGlobals (tests/integration/remote-stylus-flow.test.js:85:18)
      at Object.stubGlobals (tests/integration/remote-stylus-flow.test.js:106:5)

    console.error
      Invalid sync payload TypeError: targetNode.scrollIntoView is not a function
          at Object.setActiveCanvas (eval at loadSync (C:\Users\arunk\Downloads\projects\New folder\pdf reader\tests\integration\remote-stylus-flow.test.js:49:3), <anonymous>:910:28)
          at MockWebSocket.ws.onmessage (eval at loadSync (C:\Users\arunk\Downloads\projects\New folder\pdf reader\tests\integration\remote-stylus-flow.test.js:49:3), <anonymous>:95:43)
          at MockWebSocket.onmessage [as _receive] (C:\Users\arunk\Downloads\projects\New folder\pdf reader\tests\integration\remote-stylus-flow.test.js:29:30)
          at Object._receive (C:\Users\arunk\Downloads\projects\New folder\pdf reader\tests\integration\remote-stylus-flow.test.js:130:8)
          at Promise.finally.completed (C:\Users\arunk\Downloads\projects\New folder\pdf reader\node_modules\jest-circus\build\jestAdapterInit.js:1561:28)
          at new Promise (<anonymous>)
          at callAsyncCircusFn (C:\Users\arunk\Downloads\projects\New folder\pdf reader\node_modules\jest-circus\build\jestAdapterInit.js:1501:10)
          at _callCircusTest (C:\Users\arunk\Downloads\projects\New folder\pdf reader\node_modules\jest-circus\build\jestAdapterInit.js:1011:40)
          at _runTest (C:\Users\arunk\Downloads\projects\New folder\pdf reader\node_modules\jest-circus\build\jestAdapterInit.js:951:3)
          at C:\Users\arunk\Downloads\projects\New folder\pdf reader\node_modules\jest-circus\build\jestAdapterInit.js:853:7
          at _runTestsForDescribeBlock (C:\Users\arunk\Downloads\projects\New folder\pdf reader\node_modules\jest-circus\build\jestAdapterInit.js:866:11)
          at _runTestsForDescribeBlock (C:\Users\arunk\Downloads\projects\New folder\pdf reader\node_modules\jest-circus\build\jestAdapterInit.js:861:11)
          at run (C:\Users\arunk\Downloads\projects\New folder\pdf reader\node_modules\jest-circus\build\jestAdapterInit.js:765:3)
          at runAndTransformResultsToJestFormat (C:\Users\arunk\Downloads\projects\New folder\pdf reader\node_modules\jest-circus\build\jestAdapterInit.js:1993:21)
          at jestAdapter (C:\Users\arunk\Downloads\projects\New folder\pdf reader\node_modules\jest-circus\build\runner.js:111:19)
          at runTestInternal (C:\Users\arunk\Downloads\projects\New folder\pdf reader\node_modules\jest-runner\build\index.js:276:16)
          at runTest (C:\Users\arunk\Downloads\projects\New folder\pdf reader\node_modules\jest-runner\build\index.js:344:7)

      at MockWebSocket.ws.onmessage (eval at loadSync (tests/integration/remote-stylus-flow.test.js:49:3), <anonymous>:133:25)
      at MockWebSocket.onmessage [as _receive] (tests/integration/remote-stylus-flow.test.js:29:30)
      at Object._receive (tests/integration/remote-stylus-flow.test.js:130:8)

    console.error
      Invalid sync payload TypeError: targetNode.scrollIntoView is not a function
          at Object.setActiveCanvas (eval at loadSync (C:\Users\arunk\Downloads\projects\New folder\pdf reader\tests\integration\remote-stylus-flow.test.js:49:3), <anonymous>:910:28)
          at MockWebSocket.ws.onmessage (eval at loadSync (C:\Users\arunk\Downloads\projects\New folder\pdf reader\tests\integration\remote-stylus-flow.test.js:49:3), <anonymous>:95:43)
          at MockWebSocket.onmessage [as _receive] (C:\Users\arunk\Downloads\projects\New folder\pdf reader\tests\integration\remote-stylus-flow.test.js:29:30)
          at Object._receive (C:\Users\arunk\Downloads\projects\New folder\pdf reader\tests\integration\remote-stylus-flow.test.js:132:8)
          at Promise.finally.completed (C:\Users\arunk\Downloads\projects\New folder\pdf reader\node_modules\jest-circus\build\jestAdapterInit.js:1561:28)
          at new Promise (<anonymous>)
          at callAsyncCircusFn (C:\Users\arunk\Downloads\projects\New folder\pdf reader\node_modules\jest-circus\build\jestAdapterInit.js:1501:10)
          at _callCircusTest (C:\Users\arunk\Downloads\projects\New folder\pdf reader\node_modules\jest-circus\build\jestAdapterInit.js:1011:40)
          at _runTest (C:\Users\arunk\Downloads\projects\New folder\pdf reader\node_modules\jest-circus\build\jestAdapterInit.js:951:3)
          at C:\Users\arunk\Downloads\projects\New folder\pdf reader\node_modules\jest-circus\build\jestAdapterInit.js:853:7
          at _runTestsForDescribeBlock (C:\Users\arunk\Downloads\projects\New folder\pdf reader\node_modules\jest-circus\build\jestAdapterInit.js:866:11)
          at _runTestsForDescribeBlock (C:\Users\arunk\Downloads\projects\New folder\pdf reader\node_modules\jest-circus\build\jestAdapterInit.js:861:11)
          at run (C:\Users\arunk\Downloads\projects\New folder\pdf reader\node_modules\jest-circus\build\jestAdapterInit.js:765:3)
          at runAndTransformResultsToJestFormat (C:\Users\arunk\Downloads\projects\New folder\pdf reader\node_modules\jest-circus\build\jestAdapterInit.js:1993:21)
          at jestAdapter (C:\Users\arunk\Downloads\projects\New folder\pdf reader\node_modules\jest-circus\build\runner.js:111:19)
          at runTestInternal (C:\Users\arunk\Downloads\projects\New folder\pdf reader\node_modules\jest-runner\build\index.js:276:16)
          at runTest (C:\Users\arunk\Downloads\projects\New folder\pdf reader\node_modules\jest-runner\build\index.js:344:7)

      at MockWebSocket.ws.onmessage (eval at loadSync (tests/integration/remote-stylus-flow.test.js:49:3), <anonymous>:133:25)
      at MockWebSocket.onmessage [as _receive] (tests/integration/remote-stylus-flow.test.js:29:30)
      at Object._receive (tests/integration/remote-stylus-flow.test.js:132:8)

    console.error
      Error: Not implemented: navigation (except hash changes)
          at module.exports (C:\Users\arunk\Downloads\projects\New folder\pdf reader\node_modules\jest-environment-jsdom\node_modules\jsdom\lib\jsdom\browser\not-implemented.js:9:17)
          at navigateFetch (C:\Users\arunk\Downloads\projects\New folder\pdf reader\node_modules\jest-environment-jsdom\node_modules\jsdom\lib\jsdom\living\window\navigation.js:77:3)
          at exports.navigate (C:\Users\arunk\Downloads\projects\New folder\pdf reader\node_modules\jest-environment-jsdom\node_modules\jsdom\lib\jsdom\living\window\navigation.js:55:3)
          at LocationImpl._locationObjectNavigate (C:\Users\arunk\Downloads\projects\New folder\pdf reader\node_modules\jest-environment-jsdom\node_modules\jsdom\lib\jsdom\living\window\Location-impl.js:30:5)
          at LocationImpl._locationObjectSetterNavigate (C:\Users\arunk\Downloads\projects\New folder\pdf reader\node_modules\jest-environment-jsdom\node_modules\jsdom\lib\jsdom\living\window\Location-impl.js:24:17)
          at LocationImpl.set href [as href] (C:\Users\arunk\Downloads\projects\New folder\pdf reader\node_modules\jest-environment-jsdom\node_modules\jsdom\lib\jsdom\living\window\Location-impl.js:46:10)
          at Location.set href [as href] (C:\Users\arunk\Downloads\projects\New folder\pdf reader\node_modules\jest-environment-jsdom\node_modules\jsdom\lib\jsdom\living\generated\Location.js:125:37)
          at Reflect.set (<anonymous>)
          at Window.set location [as location] (C:\Users\arunk\Downloads\projects\New folder\pdf reader\node_modules\jest-environment-jsdom\node_modules\jsdom\lib\jsdom\browser\Window.js:424:15)
          at stubGlobals (C:\Users\arunk\Downloads\projects\New folder\pdf reader\tests\integration\remote-stylus-flow.test.js:85:18)
          at Object.stubGlobals (C:\Users\arunk\Downloads\projects\New folder\pdf reader\tests\integration\remote-stylus-flow.test.js:149:5)
          at Promise.finally.completed (C:\Users\arunk\Downloads\projects\New folder\pdf reader\node_modules\jest-circus\build\jestAdapterInit.js:1561:28)
          at new Promise (<anonymous>)
          at callAsyncCircusFn (C:\Users\arunk\Downloads\projects\New folder\pdf reader\node_modules\jest-circus\build\jestAdapterInit.js:1501:10)
          at _callCircusHook (C:\Users\arunk\Downloads\projects\New folder\pdf reader\node_modules\jest-circus\build\jestAdapterInit.js:980:40)
          at _runTest (C:\Users\arunk\Downloads\projects\New folder\pdf reader\node_modules\jest-circus\build\jestAdapterInit.js:945:5)
          at C:\Users\arunk\Downloads\projects\New folder\pdf reader\node_modules\jest-circus\build\jestAdapterInit.js:853:7
          at _runTestsForDescribeBlock (C:\Users\arunk\Downloads\projects\New folder\pdf reader\node_modules\jest-circus\build\jestAdapterInit.js:866:11)
          at _runTestsForDescribeBlock (C:\Users\arunk\Downloads\projects\New folder\pdf reader\node_modules\jest-circus\build\jestAdapterInit.js:861:11)
          at run (C:\Users\arunk\Downloads\projects\New folder\pdf reader\node_modules\jest-circus\build\jestAdapterInit.js:765:3)
          at runAndTransformResultsToJestFormat (C:\Users\arunk\Downloads\projects\New folder\pdf reader\node_modules\jest-circus\build\jestAdapterInit.js:1993:21)
          at jestAdapter (C:\Users\arunk\Downloads\projects\New folder\pdf reader\node_modules\jest-circus\build\runner.js:111:19)
          at runTestInternal (C:\Users\arunk\Downloads\projects\New folder\pdf reader\node_modules\jest-runner\build\index.js:276:16)
          at runTest (C:\Users\arunk\Downloads\projects\New folder\pdf reader\node_modules\jest-runner\build\index.js:344:7) {
        type: 'not implemented'
      }

      83 |   };
      84 |   delete window.location;
    > 85 |   window.location = {
         |                  ^
      86 |     protocol:'http:', host:'localhost:8500',
      87 |     search:'?roomId=r1&mode=A', href:'http://localhost:8500/remote-stylus?roomId=r1&mode=A'
      88 |   };

      at VirtualConsole.<anonymous> (node_modules/@jest/environment-jsdom-abstract/build/index.js:87:23)
          at Reflect.set (<anonymous>)
      at stubGlobals (tests/integration/remote-stylus-flow.test.js:85:18)
      at Object.stubGlobals (tests/integration/remote-stylus-flow.test.js:149:5)

    console.error
      Error: Not implemented: navigation (except hash changes)
          at module.exports (C:\Users\arunk\Downloads\projects\New folder\pdf reader\node_modules\jest-environment-jsdom\node_modules\jsdom\lib\jsdom\browser\not-implemented.js:9:17)
          at navigateFetch (C:\Users\arunk\Downloads\projects\New folder\pdf reader\node_modules\jest-environment-jsdom\node_modules\jsdom\lib\jsdom\living\window\navigation.js:77:3)
          at exports.navigate (C:\Users\arunk\Downloads\projects\New folder\pdf reader\node_modules\jest-environment-jsdom\node_modules\jsdom\lib\jsdom\living\window\navigation.js:55:3)
          at LocationImpl._locationObjectNavigate (C:\Users\arunk\Downloads\projects\New folder\pdf reader\node_modules\jest-environment-jsdom\node_modules\jsdom\lib\jsdom\living\window\Location-impl.js:30:5)
          at LocationImpl._locationObjectSetterNavigate (C:\Users\arunk\Downloads\projects\New folder\pdf reader\node_modules\jest-environment-jsdom\node_modules\jsdom\lib\jsdom\living\window\Location-impl.js:24:17)
          at LocationImpl.set href [as href] (C:\Users\arunk\Downloads\projects\New folder\pdf reader\node_modules\jest-environment-jsdom\node_modules\jsdom\lib\jsdom\living\window\Location-impl.js:46:10)
          at Location.set href [as href] (C:\Users\arunk\Downloads\projects\New folder\pdf reader\node_modules\jest-environment-jsdom\node_modules\jsdom\lib\jsdom\living\generated\Location.js:125:37)
          at Reflect.set (<anonymous>)
          at Window.set location [as location] (C:\Users\arunk\Downloads\projects\New folder\pdf reader\node_modules\jest-environment-jsdom\node_modules\jsdom\lib\jsdom\browser\Window.js:424:15)
          at stubGlobals (C:\Users\arunk\Downloads\projects\New folder\pdf reader\tests\integration\remote-stylus-flow.test.js:85:18)
          at Object.stubGlobals (C:\Users\arunk\Downloads\projects\New folder\pdf reader\tests\integration\remote-stylus-flow.test.js:149:5)
          at Promise.finally.completed (C:\Users\arunk\Downloads\projects\New folder\pdf reader\node_modules\jest-circus\build\jestAdapterInit.js:1561:28)
          at new Promise (<anonymous>)
          at callAsyncCircusFn (C:\Users\arunk\Downloads\projects\New folder\pdf reader\node_modules\jest-circus\build\jestAdapterInit.js:1501:10)
          at _callCircusHook (C:\Users\arunk\Downloads\projects\New folder\pdf reader\node_modules\jest-circus\build\jestAdapterInit.js:980:40)
          at _runTest (C:\Users\arunk\Downloads\projects\New folder\pdf reader\node_modules\jest-circus\build\jestAdapterInit.js:945:5)
          at C:\Users\arunk\Downloads\projects\New folder\pdf reader\node_modules\jest-circus\build\jestAdapterInit.js:853:7
          at _runTestsForDescribeBlock (C:\Users\arunk\Downloads\projects\New folder\pdf reader\node_modules\jest-circus\build\jestAdapterInit.js:866:11)
          at _runTestsForDescribeBlock (C:\Users\arunk\Downloads\projects\New folder\pdf reader\node_modules\jest-circus\build\jestAdapterInit.js:861:11)
          at run (C:\Users\arunk\Downloads\projects\New folder\pdf reader\node_modules\jest-circus\build\jestAdapterInit.js:765:3)
          at runAndTransformResultsToJestFormat (C:\Users\arunk\Downloads\projects\New folder\pdf reader\node_modules\jest-circus\build\jestAdapterInit.js:1993:21)
          at jestAdapter (C:\Users\arunk\Downloads\projects\New folder\pdf reader\node_modules\jest-circus\build\runner.js:111:19)
          at runTestInternal (C:\Users\arunk\Downloads\projects\New folder\pdf reader\node_modules\jest-runner\build\index.js:276:16)
          at runTest (C:\Users\arunk\Downloads\projects\New folder\pdf reader\node_modules\jest-runner\build\index.js:344:7) {
        type: 'not implemented'
      }

      83 |   };
      84 |   delete window.location;
    > 85 |   window.location = {
         |                  ^
      86 |     protocol:'http:', host:'localhost:8500',
      87 |     search:'?roomId=r1&mode=A', href:'http://localhost:8500/remote-stylus?roomId=r1&mode=A'
      88 |   };

      at VirtualConsole.<anonymous> (node_modules/@jest/environment-jsdom-abstract/build/index.js:87:23)
          at Reflect.set (<anonymous>)
      at stubGlobals (tests/integration/remote-stylus-flow.test.js:85:18)
      at Object.stubGlobals (tests/integration/remote-stylus-flow.test.js:149:5)

    console.error
      Error: Not implemented: navigation (except hash changes)
          at module.exports (C:\Users\arunk\Downloads\projects\New folder\pdf reader\node_modules\jest-environment-jsdom\node_modules\jsdom\lib\jsdom\browser\not-implemented.js:9:17)
          at navigateFetch (C:\Users\arunk\Downloads\projects\New folder\pdf reader\node_modules\jest-environment-jsdom\node_modules\jsdom\lib\jsdom\living\window\navigation.js:77:3)
          at exports.navigate (C:\Users\arunk\Downloads\projects\New folder\pdf reader\node_modules\jest-environment-jsdom\node_modules\jsdom\lib\jsdom\living\window\navigation.js:55:3)
          at LocationImpl._locationObjectNavigate (C:\Users\arunk\Downloads\projects\New folder\pdf reader\node_modules\jest-environment-jsdom\node_modules\jsdom\lib\jsdom\living\window\Location-impl.js:30:5)
          at LocationImpl._locationObjectSetterNavigate (C:\Users\arunk\Downloads\projects\New folder\pdf reader\node_modules\jest-environment-jsdom\node_modules\jsdom\lib\jsdom\living\window\Location-impl.js:24:17)
          at LocationImpl.set href [as href] (C:\Users\arunk\Downloads\projects\New folder\pdf reader\node_modules\jest-environment-jsdom\node_modules\jsdom\lib\jsdom\living\window\Location-impl.js:46:10)
          at Location.set href [as href] (C:\Users\arunk\Downloads\projects\New folder\pdf reader\node_modules\jest-environment-jsdom\node_modules\jsdom\lib\jsdom\living\generated\Location.js:125:37)
          at Reflect.set (<anonymous>)
          at Window.set location [as location] (C:\Users\arunk\Downloads\projects\New folder\pdf reader\node_modules\jest-environment-jsdom\node_modules\jsdom\lib\jsdom\browser\Window.js:424:15)
          at stubGlobals (C:\Users\arunk\Downloads\projects\New folder\pdf reader\tests\integration\remote-stylus-flow.test.js:85:18)
          at Object.stubGlobals (C:\Users\arunk\Downloads\projects\New folder\pdf reader\tests\integration\remote-stylus-flow.test.js:149:5)
          at Promise.finally.completed (C:\Users\arunk\Downloads\projects\New folder\pdf reader\node_modules\jest-circus\build\jestAdapterInit.js:1561:28)
          at new Promise (<anonymous>)
          at callAsyncCircusFn (C:\Users\arunk\Downloads\projects\New folder\pdf reader\node_modules\jest-circus\build\jestAdapterInit.js:1501:10)
          at _callCircusHook (C:\Users\arunk\Downloads\projects\New folder\pdf reader\node_modules\jest-circus\build\jestAdapterInit.js:980:40)
          at _runTest (C:\Users\arunk\Downloads\projects\New folder\pdf reader\node_modules\jest-circus\build\jestAdapterInit.js:945:5)
          at C:\Users\arunk\Downloads\projects\New folder\pdf reader\node_modules\jest-circus\build\jestAdapterInit.js:853:7
          at _runTestsForDescribeBlock (C:\Users\arunk\Downloads\projects\New folder\pdf reader\node_modules\jest-circus\build\jestAdapterInit.js:866:11)
          at _runTestsForDescribeBlock (C:\Users\arunk\Downloads\projects\New folder\pdf reader\node_modules\jest-circus\build\jestAdapterInit.js:861:11)
          at run (C:\Users\arunk\Downloads\projects\New folder\pdf reader\node_modules\jest-circus\build\jestAdapterInit.js:765:3)
          at runAndTransformResultsToJestFormat (C:\Users\arunk\Downloads\projects\New folder\pdf reader\node_modules\jest-circus\build\jestAdapterInit.js:1993:21)
          at jestAdapter (C:\Users\arunk\Downloads\projects\New folder\pdf reader\node_modules\jest-circus\build\runner.js:111:19)
          at runTestInternal (C:\Users\arunk\Downloads\projects\New folder\pdf reader\node_modules\jest-runner\build\index.js:276:16)
          at runTest (C:\Users\arunk\Downloads\projects\New folder\pdf reader\node_modules\jest-runner\build\index.js:344:7) {
        type: 'not implemented'
      }

      83 |   };
      84 |   delete window.location;
    > 85 |   window.location = {
         |                  ^
      86 |     protocol:'http:', host:'localhost:8500',
      87 |     search:'?roomId=r1&mode=A', href:'http://localhost:8500/remote-stylus?roomId=r1&mode=A'
      88 |   };

      at VirtualConsole.<anonymous> (node_modules/@jest/environment-jsdom-abstract/build/index.js:87:23)
          at Reflect.set (<anonymous>)
      at stubGlobals (tests/integration/remote-stylus-flow.test.js:85:18)
      at Object.stubGlobals (tests/integration/remote-stylus-flow.test.js:149:5)

    console.error
      Error: Not implemented: navigation (except hash changes)
          at module.exports (C:\Users\arunk\Downloads\projects\New folder\pdf reader\node_modules\jest-environment-jsdom\node_modules\jsdom\lib\jsdom\browser\not-implemented.js:9:17)
          at navigateFetch (C:\Users\arunk\Downloads\projects\New folder\pdf reader\node_modules\jest-environment-jsdom\node_modules\jsdom\lib\jsdom\living\window\navigation.js:77:3)
          at exports.navigate (C:\Users\arunk\Downloads\projects\New folder\pdf reader\node_modules\jest-environment-jsdom\node_modules\jsdom\lib\jsdom\living\window\navigation.js:55:3)
          at LocationImpl._locationObjectNavigate (C:\Users\arunk\Downloads\projects\New folder\pdf reader\node_modules\jest-environment-jsdom\node_modules\jsdom\lib\jsdom\living\window\Location-impl.js:30:5)
          at LocationImpl._locationObjectSetterNavigate (C:\Users\arunk\Downloads\projects\New folder\pdf reader\node_modules\jest-environment-jsdom\node_modules\jsdom\lib\jsdom\living\window\Location-impl.js:24:17)
          at LocationImpl.set href [as href] (C:\Users\arunk\Downloads\projects\New folder\pdf reader\node_modules\jest-environment-jsdom\node_modules\jsdom\lib\jsdom\living\window\Location-impl.js:46:10)
          at Location.set href [as href] (C:\Users\arunk\Downloads\projects\New folder\pdf reader\node_modules\jest-environment-jsdom\node_modules\jsdom\lib\jsdom\living\generated\Location.js:125:37)
          at Reflect.set (<anonymous>)
          at Window.set location [as location] (C:\Users\arunk\Downloads\projects\New folder\pdf reader\node_modules\jest-environment-jsdom\node_modules\jsdom\lib\jsdom\browser\Window.js:424:15)
          at stubGlobals (C:\Users\arunk\Downloads\projects\New folder\pdf reader\tests\integration\remote-stylus-flow.test.js:85:18)
          at Object.stubGlobals (C:\Users\arunk\Downloads\projects\New folder\pdf reader\tests\integration\remote-stylus-flow.test.js:186:5)
          at Promise.finally.completed (C:\Users\arunk\Downloads\projects\New folder\pdf reader\node_modules\jest-circus\build\jestAdapterInit.js:1561:28)
          at new Promise (<anonymous>)
          at callAsyncCircusFn (C:\Users\arunk\Downloads\projects\New folder\pdf reader\node_modules\jest-circus\build\jestAdapterInit.js:1501:10)
          at _callCircusHook (C:\Users\arunk\Downloads\projects\New folder\pdf reader\node_modules\jest-circus\build\jestAdapterInit.js:980:40)
          at _runTest (C:\Users\arunk\Downloads\projects\New folder\pdf reader\node_modules\jest-circus\build\jestAdapterInit.js:945:5)
          at C:\Users\arunk\Downloads\projects\New folder\pdf reader\node_modules\jest-circus\build\jestAdapterInit.js:853:7
          at _runTestsForDescribeBlock (C:\Users\arunk\Downloads\projects\New folder\pdf reader\node_modules\jest-circus\build\jestAdapterInit.js:866:11)
          at _runTestsForDescribeBlock (C:\Users\arunk\Downloads\projects\New folder\pdf reader\node_modules\jest-circus\build\jestAdapterInit.js:861:11)
          at run (C:\Users\arunk\Downloads\projects\New folder\pdf reader\node_modules\jest-circus\build\jestAdapterInit.js:765:3)
          at runAndTransformResultsToJestFormat (C:\Users\arunk\Downloads\projects\New folder\pdf reader\node_modules\jest-circus\build\jestAdapterInit.js:1993:21)
          at jestAdapter (C:\Users\arunk\Downloads\projects\New folder\pdf reader\node_modules\jest-circus\build\runner.js:111:19)
          at runTestInternal (C:\Users\arunk\Downloads\projects\New folder\pdf reader\node_modules\jest-runner\build\index.js:276:16)
          at runTest (C:\Users\arunk\Downloads\projects\New folder\pdf reader\node_modules\jest-runner\build\index.js:344:7) {
        type: 'not implemented'
      }

      83 |   };
      84 |   delete window.location;
    > 85 |   window.location = {
         |                  ^
      86 |     protocol:'http:', host:'localhost:8500',
      87 |     search:'?roomId=r1&mode=A', href:'http://localhost:8500/remote-stylus?roomId=r1&mode=A'
      88 |   };

      at VirtualConsole.<anonymous> (node_modules/@jest/environment-jsdom-abstract/build/index.js:87:23)
          at Reflect.set (<anonymous>)
      at stubGlobals (tests/integration/remote-stylus-flow.test.js:85:18)
      at Object.stubGlobals (tests/integration/remote-stylus-flow.test.js:186:5)

    console.error
      Error: Not implemented: navigation (except hash changes)
          at module.exports (C:\Users\arunk\Downloads\projects\New folder\pdf reader\node_modules\jest-environment-jsdom\node_modules\jsdom\lib\jsdom\browser\not-implemented.js:9:17)
          at navigateFetch (C:\Users\arunk\Downloads\projects\New folder\pdf reader\node_modules\jest-environment-jsdom\node_modules\jsdom\lib\jsdom\living\window\navigation.js:77:3)
          at exports.navigate (C:\Users\arunk\Downloads\projects\New folder\pdf reader\node_modules\jest-environment-jsdom\node_modules\jsdom\lib\jsdom\living\window\navigation.js:55:3)
          at LocationImpl._locationObjectNavigate (C:\Users\arunk\Downloads\projects\New folder\pdf reader\node_modules\jest-environment-jsdom\node_modules\jsdom\lib\jsdom\living\window\Location-impl.js:30:5)
          at LocationImpl._locationObjectSetterNavigate (C:\Users\arunk\Downloads\projects\New folder\pdf reader\node_modules\jest-environment-jsdom\node_modules\jsdom\lib\jsdom\living\window\Location-impl.js:24:17)
          at LocationImpl.set href [as href] (C:\Users\arunk\Downloads\projects\New folder\pdf reader\node_modules\jest-environment-jsdom\node_modules\jsdom\lib\jsdom\living\window\Location-impl.js:46:10)
          at Location.set href [as href] (C:\Users\arunk\Downloads\projects\New folder\pdf reader\node_modules\jest-environment-jsdom\node_modules\jsdom\lib\jsdom\living\generated\Location.js:125:37)
          at Reflect.set (<anonymous>)
          at Window.set location [as location] (C:\Users\arunk\Downloads\projects\New folder\pdf reader\node_modules\jest-environment-jsdom\node_modules\jsdom\lib\jsdom\browser\Window.js:424:15)
          at stubGlobals (C:\Users\arunk\Downloads\projects\New folder\pdf reader\tests\integration\remote-stylus-flow.test.js:85:18)
          at Object.stubGlobals (C:\Users\arunk\Downloads\projects\New folder\pdf reader\tests\integration\remote-stylus-flow.test.js:186:5)
          at Promise.finally.completed (C:\Users\arunk\Downloads\projects\New folder\pdf reader\node_modules\jest-circus\build\jestAdapterInit.js:1561:28)
          at new Promise (<anonymous>)
          at callAsyncCircusFn (C:\Users\arunk\Downloads\projects\New folder\pdf reader\node_modules\jest-circus\build\jestAdapterInit.js:1501:10)
          at _callCircusHook (C:\Users\arunk\Downloads\projects\New folder\pdf reader\node_modules\jest-circus\build\jestAdapterInit.js:980:40)
          at _runTest (C:\Users\arunk\Downloads\projects\New folder\pdf reader\node_modules\jest-circus\build\jestAdapterInit.js:945:5)
          at C:\Users\arunk\Downloads\projects\New folder\pdf reader\node_modules\jest-circus\build\jestAdapterInit.js:853:7
          at _runTestsForDescribeBlock (C:\Users\arunk\Downloads\projects\New folder\pdf reader\node_modules\jest-circus\build\jestAdapterInit.js:866:11)
          at _runTestsForDescribeBlock (C:\Users\arunk\Downloads\projects\New folder\pdf reader\node_modules\jest-circus\build\jestAdapterInit.js:861:11)
          at run (C:\Users\arunk\Downloads\projects\New folder\pdf reader\node_modules\jest-circus\build\jestAdapterInit.js:765:3)
          at runAndTransformResultsToJestFormat (C:\Users\arunk\Downloads\projects\New folder\pdf reader\node_modules\jest-circus\build\jestAdapterInit.js:1993:21)
          at jestAdapter (C:\Users\arunk\Downloads\projects\New folder\pdf reader\node_modules\jest-circus\build\runner.js:111:19)
          at runTestInternal (C:\Users\arunk\Downloads\projects\New folder\pdf reader\node_modules\jest-runner\build\index.js:276:16)
          at runTest (C:\Users\arunk\Downloads\projects\New folder\pdf reader\node_modules\jest-runner\build\index.js:344:7) {
        type: 'not implemented'
      }

      83 |   };
      84 |   delete window.location;
    > 85 |   window.location = {
         |                  ^
      86 |     protocol:'http:', host:'localhost:8500',
      87 |     search:'?roomId=r1&mode=A', href:'http://localhost:8500/remote-stylus?roomId=r1&mode=A'
      88 |   };

      at VirtualConsole.<anonymous> (node_modules/@jest/environment-jsdom-abstract/build/index.js:87:23)
          at Reflect.set (<anonymous>)
      at stubGlobals (tests/integration/remote-stylus-flow.test.js:85:18)
      at Object.stubGlobals (tests/integration/remote-stylus-flow.test.js:186:5)

    console.error
      Error: Not implemented: navigation (except hash changes)
          at module.exports (C:\Users\arunk\Downloads\projects\New folder\pdf reader\node_modules\jest-environment-jsdom\node_modules\jsdom\lib\jsdom\browser\not-implemented.js:9:17)
          at navigateFetch (C:\Users\arunk\Downloads\projects\New folder\pdf reader\node_modules\jest-environment-jsdom\node_modules\jsdom\lib\jsdom\living\window\navigation.js:77:3)
          at exports.navigate (C:\Users\arunk\Downloads\projects\New folder\pdf reader\node_modules\jest-environment-jsdom\node_modules\jsdom\lib\jsdom\living\window\navigation.js:55:3)
          at LocationImpl._locationObjectNavigate (C:\Users\arunk\Downloads\projects\New folder\pdf reader\node_modules\jest-environment-jsdom\node_modules\jsdom\lib\jsdom\living\window\Location-impl.js:30:5)
          at LocationImpl._locationObjectSetterNavigate (C:\Users\arunk\Downloads\projects\New folder\pdf reader\node_modules\jest-environment-jsdom\node_modules\jsdom\lib\jsdom\living\window\Location-impl.js:24:17)
          at LocationImpl.set href [as href] (C:\Users\arunk\Downloads\projects\New folder\pdf reader\node_modules\jest-environment-jsdom\node_modules\jsdom\lib\jsdom\living\window\Location-impl.js:46:10)
          at Location.set href [as href] (C:\Users\arunk\Downloads\projects\New folder\pdf reader\node_modules\jest-environment-jsdom\node_modules\jsdom\lib\jsdom\living\generated\Location.js:125:37)
          at Reflect.set (<anonymous>)
          at Window.set location [as location] (C:\Users\arunk\Downloads\projects\New folder\pdf reader\node_modules\jest-environment-jsdom\node_modules\jsdom\lib\jsdom\browser\Window.js:424:15)
          at stubGlobals (C:\Users\arunk\Downloads\projects\New folder\pdf reader\tests\integration\remote-stylus-flow.test.js:85:18)
          at Object.stubGlobals (C:\Users\arunk\Downloads\projects\New folder\pdf reader\tests\integration\remote-stylus-flow.test.js:220:5)
          at Promise.finally.completed (C:\Users\arunk\Downloads\projects\New folder\pdf reader\node_modules\jest-circus\build\jestAdapterInit.js:1561:28)
          at new Promise (<anonymous>)
          at callAsyncCircusFn (C:\Users\arunk\Downloads\projects\New folder\pdf reader\node_modules\jest-circus\build\jestAdapterInit.js:1501:10)
          at _callCircusHook (C:\Users\arunk\Downloads\projects\New folder\pdf reader\node_modules\jest-circus\build\jestAdapterInit.js:980:40)
          at _runTest (C:\Users\arunk\Downloads\projects\New folder\pdf reader\node_modules\jest-circus\build\jestAdapterInit.js:945:5)
          at C:\Users\arunk\Downloads\projects\New folder\pdf reader\node_modules\jest-circus\build\jestAdapterInit.js:853:7
          at _runTestsForDescribeBlock (C:\Users\arunk\Downloads\projects\New folder\pdf reader\node_modules\jest-circus\build\jestAdapterInit.js:866:11)
          at _runTestsForDescribeBlock (C:\Users\arunk\Downloads\projects\New folder\pdf reader\node_modules\jest-circus\build\jestAdapterInit.js:861:11)
          at run (C:\Users\arunk\Downloads\projects\New folder\pdf reader\node_modules\jest-circus\build\jestAdapterInit.js:765:3)
          at runAndTransformResultsToJestFormat (C:\Users\arunk\Downloads\projects\New folder\pdf reader\node_modules\jest-circus\build\jestAdapterInit.js:1993:21)
          at jestAdapter (C:\Users\arunk\Downloads\projects\New folder\pdf reader\node_modules\jest-circus\build\runner.js:111:19)
          at runTestInternal (C:\Users\arunk\Downloads\projects\New folder\pdf reader\node_modules\jest-runner\build\index.js:276:16)
          at runTest (C:\Users\arunk\Downloads\projects\New folder\pdf reader\node_modules\jest-runner\build\index.js:344:7) {
        type: 'not implemented'
      }

      83 |   };
      84 |   delete window.location;
    > 85 |   window.location = {
         |                  ^
      86 |     protocol:'http:', host:'localhost:8500',
      87 |     search:'?roomId=r1&mode=A', href:'http://localhost:8500/remote-stylus?roomId=r1&mode=A'
      88 |   };

      at VirtualConsole.<anonymous> (node_modules/@jest/environment-jsdom-abstract/build/index.js:87:23)
          at Reflect.set (<anonymous>)
      at stubGlobals (tests/integration/remote-stylus-flow.test.js:85:18)
      at Object.stubGlobals (tests/integration/remote-stylus-flow.test.js:220:5)

    console.error
      Error: Not implemented: navigation (except hash changes)
          at module.exports (C:\Users\arunk\Downloads\projects\New folder\pdf reader\node_modules\jest-environment-jsdom\node_modules\jsdom\lib\jsdom\browser\not-implemented.js:9:17)
          at navigateFetch (C:\Users\arunk\Downloads\projects\New folder\pdf reader\node_modules\jest-environment-jsdom\node_modules\jsdom\lib\jsdom\living\window\navigation.js:77:3)
          at exports.navigate (C:\Users\arunk\Downloads\projects\New folder\pdf reader\node_modules\jest-environment-jsdom\node_modules\jsdom\lib\jsdom\living\window\navigation.js:55:3)
          at LocationImpl._locationObjectNavigate (C:\Users\arunk\Downloads\projects\New folder\pdf reader\node_modules\jest-environment-jsdom\node_modules\jsdom\lib\jsdom\living\window\Location-impl.js:30:5)
          at LocationImpl._locationObjectSetterNavigate (C:\Users\arunk\Downloads\projects\New folder\pdf reader\node_modules\jest-environment-jsdom\node_modules\jsdom\lib\jsdom\living\window\Location-impl.js:24:17)
          at LocationImpl.set href [as href] (C:\Users\arunk\Downloads\projects\New folder\pdf reader\node_modules\jest-environment-jsdom\node_modules\jsdom\lib\jsdom\living\window\Location-impl.js:46:10)
          at Location.set href [as href] (C:\Users\arunk\Downloads\projects\New folder\pdf reader\node_modules\jest-environment-jsdom\node_modules\jsdom\lib\jsdom\living\generated\Location.js:125:37)
          at Reflect.set (<anonymous>)
          at Window.set location [as location] (C:\Users\arunk\Downloads\projects\New folder\pdf reader\node_modules\jest-environment-jsdom\node_modules\jsdom\lib\jsdom\browser\Window.js:424:15)
          at stubGlobals (C:\Users\arunk\Downloads\projects\New folder\pdf reader\tests\integration\remote-stylus-flow.test.js:85:18)
          at Object.stubGlobals (C:\Users\arunk\Downloads\projects\New folder\pdf reader\tests\integration\remote-stylus-flow.test.js:220:5)
          at Promise.finally.completed (C:\Users\arunk\Downloads\projects\New folder\pdf reader\node_modules\jest-circus\build\jestAdapterInit.js:1561:28)
          at new Promise (<anonymous>)
          at callAsyncCircusFn (C:\Users\arunk\Downloads\projects\New folder\pdf reader\node_modules\jest-circus\build\jestAdapterInit.js:1501:10)
          at _callCircusHook (C:\Users\arunk\Downloads\projects\New folder\pdf reader\node_modules\jest-circus\build\jestAdapterInit.js:980:40)
          at _runTest (C:\Users\arunk\Downloads\projects\New folder\pdf reader\node_modules\jest-circus\build\jestAdapterInit.js:945:5)
          at C:\Users\arunk\Downloads\projects\New folder\pdf reader\node_modules\jest-circus\build\jestAdapterInit.js:853:7
          at _runTestsForDescribeBlock (C:\Users\arunk\Downloads\projects\New folder\pdf reader\node_modules\jest-circus\build\jestAdapterInit.js:866:11)
          at _runTestsForDescribeBlock (C:\Users\arunk\Downloads\projects\New folder\pdf reader\node_modules\jest-circus\build\jestAdapterInit.js:861:11)
          at run (C:\Users\arunk\Downloads\projects\New folder\pdf reader\node_modules\jest-circus\build\jestAdapterInit.js:765:3)
          at runAndTransformResultsToJestFormat (C:\Users\arunk\Downloads\projects\New folder\pdf reader\node_modules\jest-circus\build\jestAdapterInit.js:1993:21)
          at jestAdapter (C:\Users\arunk\Downloads\projects\New folder\pdf reader\node_modules\jest-circus\build\runner.js:111:19)
          at runTestInternal (C:\Users\arunk\Downloads\projects\New folder\pdf reader\node_modules\jest-runner\build\index.js:276:16)
          at runTest (C:\Users\arunk\Downloads\projects\New folder\pdf reader\node_modules\jest-runner\build\index.js:344:7) {
        type: 'not implemented'
      }

      83 |   };
      84 |   delete window.location;
    > 85 |   window.location = {
         |                  ^
      86 |     protocol:'http:', host:'localhost:8500',
      87 |     search:'?roomId=r1&mode=A', href:'http://localhost:8500/remote-stylus?roomId=r1&mode=A'
      88 |   };

      at VirtualConsole.<anonymous> (node_modules/@jest/environment-jsdom-abstract/build/index.js:87:23)
          at Reflect.set (<anonymous>)
      at stubGlobals (tests/integration/remote-stylus-flow.test.js:85:18)
      at Object.stubGlobals (tests/integration/remote-stylus-flow.test.js:220:5)

    console.error
      Error: Not implemented: navigation (except hash changes)
          at module.exports (C:\Users\arunk\Downloads\projects\New folder\pdf reader\node_modules\jest-environment-jsdom\node_modules\jsdom\lib\jsdom\browser\not-implemented.js:9:17)
          at navigateFetch (C:\Users\arunk\Downloads\projects\New folder\pdf reader\node_modules\jest-environment-jsdom\node_modules\jsdom\lib\jsdom\living\window\navigation.js:77:3)
          at exports.navigate (C:\Users\arunk\Downloads\projects\New folder\pdf reader\node_modules\jest-environment-jsdom\node_modules\jsdom\lib\jsdom\living\window\navigation.js:55:3)
          at LocationImpl._locationObjectNavigate (C:\Users\arunk\Downloads\projects\New folder\pdf reader\node_modules\jest-environment-jsdom\node_modules\jsdom\lib\jsdom\living\window\Location-impl.js:30:5)
          at LocationImpl._locationObjectSetterNavigate (C:\Users\arunk\Downloads\projects\New folder\pdf reader\node_modules\jest-environment-jsdom\node_modules\jsdom\lib\jsdom\living\window\Location-impl.js:24:17)
          at LocationImpl.set href [as href] (C:\Users\arunk\Downloads\projects\New folder\pdf reader\node_modules\jest-environment-jsdom\node_modules\jsdom\lib\jsdom\living\window\Location-impl.js:46:10)
          at Location.set href [as href] (C:\Users\arunk\Downloads\projects\New folder\pdf reader\node_modules\jest-environment-jsdom\node_modules\jsdom\lib\jsdom\living\generated\Location.js:125:37)
          at Reflect.set (<anonymous>)
          at Window.set location [as location] (C:\Users\arunk\Downloads\projects\New folder\pdf reader\node_modules\jest-environment-jsdom\node_modules\jsdom\lib\jsdom\browser\Window.js:424:15)
          at stubGlobals (C:\Users\arunk\Downloads\projects\New folder\pdf reader\tests\integration\remote-stylus-flow.test.js:85:18)
          at Object.stubGlobals (C:\Users\arunk\Downloads\projects\New folder\pdf reader\tests\integration\remote-stylus-flow.test.js:254:5)
          at Promise.finally.completed (C:\Users\arunk\Downloads\projects\New folder\pdf reader\node_modules\jest-circus\build\jestAdapterInit.js:1561:28)
          at new Promise (<anonymous>)
          at callAsyncCircusFn (C:\Users\arunk\Downloads\projects\New folder\pdf reader\node_modules\jest-circus\build\jestAdapterInit.js:1501:10)
          at _callCircusHook (C:\Users\arunk\Downloads\projects\New folder\pdf reader\node_modules\jest-circus\build\jestAdapterInit.js:980:40)
          at _runTest (C:\Users\arunk\Downloads\projects\New folder\pdf reader\node_modules\jest-circus\build\jestAdapterInit.js:945:5)
          at C:\Users\arunk\Downloads\projects\New folder\pdf reader\node_modules\jest-circus\build\jestAdapterInit.js:853:7
          at _runTestsForDescribeBlock (C:\Users\arunk\Downloads\projects\New folder\pdf reader\node_modules\jest-circus\build\jestAdapterInit.js:866:11)
          at _runTestsForDescribeBlock (C:\Users\arunk\Downloads\projects\New folder\pdf reader\node_modules\jest-circus\build\jestAdapterInit.js:861:11)
          at run (C:\Users\arunk\Downloads\projects\New folder\pdf reader\node_modules\jest-circus\build\jestAdapterInit.js:765:3)
          at runAndTransformResultsToJestFormat (C:\Users\arunk\Downloads\projects\New folder\pdf reader\node_modules\jest-circus\build\jestAdapterInit.js:1993:21)
          at jestAdapter (C:\Users\arunk\Downloads\projects\New folder\pdf reader\node_modules\jest-circus\build\runner.js:111:19)
          at runTestInternal (C:\Users\arunk\Downloads\projects\New folder\pdf reader\node_modules\jest-runner\build\index.js:276:16)
          at runTest (C:\Users\arunk\Downloads\projects\New folder\pdf reader\node_modules\jest-runner\build\index.js:344:7) {
        type: 'not implemented'
      }

      83 |   };
      84 |   delete window.location;
    > 85 |   window.location = {
         |                  ^
      86 |     protocol:'http:', host:'localhost:8500',
      87 |     search:'?roomId=r1&mode=A', href:'http://localhost:8500/remote-stylus?roomId=r1&mode=A'
      88 |   };

      at VirtualConsole.<anonymous> (node_modules/@jest/environment-jsdom-abstract/build/index.js:87:23)
          at Reflect.set (<anonymous>)
      at stubGlobals (tests/integration/remote-stylus-flow.test.js:85:18)
      at Object.stubGlobals (tests/integration/remote-stylus-flow.test.js:254:5)

    console.error
      Error: Not implemented: navigation (except hash changes)
          at module.exports (C:\Users\arunk\Downloads\projects\New folder\pdf reader\node_modules\jest-environment-jsdom\node_modules\jsdom\lib\jsdom\browser\not-implemented.js:9:17)
          at navigateFetch (C:\Users\arunk\Downloads\projects\New folder\pdf reader\node_modules\jest-environment-jsdom\node_modules\jsdom\lib\jsdom\living\window\navigation.js:77:3)
          at exports.navigate (C:\Users\arunk\Downloads\projects\New folder\pdf reader\node_modules\jest-environment-jsdom\node_modules\jsdom\lib\jsdom\living\window\navigation.js:55:3)
          at LocationImpl._locationObjectNavigate (C:\Users\arunk\Downloads\projects\New folder\pdf reader\node_modules\jest-environment-jsdom\node_modules\jsdom\lib\jsdom\living\window\Location-impl.js:30:5)
          at LocationImpl._locationObjectSetterNavigate (C:\Users\arunk\Downloads\projects\New folder\pdf reader\node_modules\jest-environment-jsdom\node_modules\jsdom\lib\jsdom\living\window\Location-impl.js:24:17)
          at LocationImpl.set href [as href] (C:\Users\arunk\Downloads\projects\New folder\pdf reader\node_modules\jest-environment-jsdom\node_modules\jsdom\lib\jsdom\living\window\Location-impl.js:46:10)
          at Location.set href [as href] (C:\Users\arunk\Downloads\projects\New folder\pdf reader\node_modules\jest-environment-jsdom\node_modules\jsdom\lib\jsdom\living\generated\Location.js:125:37)
          at Reflect.set (<anonymous>)
          at Window.set location [as location] (C:\Users\arunk\Downloads\projects\New folder\pdf reader\node_modules\jest-environment-jsdom\node_modules\jsdom\lib\jsdom\browser\Window.js:424:15)
          at stubGlobals (C:\Users\arunk\Downloads\projects\New folder\pdf reader\tests\integration\remote-stylus-flow.test.js:85:18)
          at Object.stubGlobals (C:\Users\arunk\Downloads\projects\New folder\pdf reader\tests\integration\remote-stylus-flow.test.js:254:5)
          at Promise.finally.completed (C:\Users\arunk\Downloads\projects\New folder\pdf reader\node_modules\jest-circus\build\jestAdapterInit.js:1561:28)
          at new Promise (<anonymous>)
          at callAsyncCircusFn (C:\Users\arunk\Downloads\projects\New folder\pdf reader\node_modules\jest-circus\build\jestAdapterInit.js:1501:10)
          at _callCircusHook (C:\Users\arunk\Downloads\projects\New folder\pdf reader\node_modules\jest-circus\build\jestAdapterInit.js:980:40)
          at _runTest (C:\Users\arunk\Downloads\projects\New folder\pdf reader\node_modules\jest-circus\build\jestAdapterInit.js:945:5)
          at C:\Users\arunk\Downloads\projects\New folder\pdf reader\node_modules\jest-circus\build\jestAdapterInit.js:853:7
          at _runTestsForDescribeBlock (C:\Users\arunk\Downloads\projects\New folder\pdf reader\node_modules\jest-circus\build\jestAdapterInit.js:866:11)
          at _runTestsForDescribeBlock (C:\Users\arunk\Downloads\projects\New folder\pdf reader\node_modules\jest-circus\build\jestAdapterInit.js:861:11)
          at run (C:\Users\arunk\Downloads\projects\New folder\pdf reader\node_modules\jest-circus\build\jestAdapterInit.js:765:3)
          at runAndTransformResultsToJestFormat (C:\Users\arunk\Downloads\projects\New folder\pdf reader\node_modules\jest-circus\build\jestAdapterInit.js:1993:21)
          at jestAdapter (C:\Users\arunk\Downloads\projects\New folder\pdf reader\node_modules\jest-circus\build\runner.js:111:19)
          at runTestInternal (C:\Users\arunk\Downloads\projects\New folder\pdf reader\node_modules\jest-runner\build\index.js:276:16)
          at runTest (C:\Users\arunk\Downloads\projects\New folder\pdf reader\node_modules\jest-runner\build\index.js:344:7) {
        type: 'not implemented'
      }

      83 |   };
      84 |   delete window.location;
    > 85 |   window.location = {
         |                  ^
      86 |     protocol:'http:', host:'localhost:8500',
      87 |     search:'?roomId=r1&mode=A', href:'http://localhost:8500/remote-stylus?roomId=r1&mode=A'
      88 |   };

      at VirtualConsole.<anonymous> (node_modules/@jest/environment-jsdom-abstract/build/index.js:87:23)
          at Reflect.set (<anonymous>)
      at stubGlobals (tests/integration/remote-stylus-flow.test.js:85:18)
      at Object.stubGlobals (tests/integration/remote-stylus-flow.test.js:254:5)

    console.error
      Error: Not implemented: navigation (except hash changes)
          at module.exports (C:\Users\arunk\Downloads\projects\New folder\pdf reader\node_modules\jest-environment-jsdom\node_modules\jsdom\lib\jsdom\browser\not-implemented.js:9:17)
          at navigateFetch (C:\Users\arunk\Downloads\projects\New folder\pdf reader\node_modules\jest-environment-jsdom\node_modules\jsdom\lib\jsdom\living\window\navigation.js:77:3)
          at exports.navigate (C:\Users\arunk\Downloads\projects\New folder\pdf reader\node_modules\jest-environment-jsdom\node_modules\jsdom\lib\jsdom\living\window\navigation.js:55:3)
          at LocationImpl._locationObjectNavigate (C:\Users\arunk\Downloads\projects\New folder\pdf reader\node_modules\jest-environment-jsdom\node_modules\jsdom\lib\jsdom\living\window\Location-impl.js:30:5)
          at LocationImpl._locationObjectSetterNavigate (C:\Users\arunk\Downloads\projects\New folder\pdf reader\node_modules\jest-environment-jsdom\node_modules\jsdom\lib\jsdom\living\window\Location-impl.js:24:17)
          at LocationImpl.set href [as href] (C:\Users\arunk\Downloads\projects\New folder\pdf reader\node_modules\jest-environment-jsdom\node_modules\jsdom\lib\jsdom\living\window\Location-impl.js:46:10)
          at Location.set href [as href] (C:\Users\arunk\Downloads\projects\New folder\pdf reader\node_modules\jest-environment-jsdom\node_modules\jsdom\lib\jsdom\living\generated\Location.js:125:37)
          at Reflect.set (<anonymous>)
          at Window.set location [as location] (C:\Users\arunk\Downloads\projects\New folder\pdf reader\node_modules\jest-environment-jsdom\node_modules\jsdom\lib\jsdom\browser\Window.js:424:15)
          at stubGlobals (C:\Users\arunk\Downloads\projects\New folder\pdf reader\tests\integration\remote-stylus-flow.test.js:85:18)
          at Object.stubGlobals (C:\Users\arunk\Downloads\projects\New folder\pdf reader\tests\integration\remote-stylus-flow.test.js:254:5)
          at Promise.finally.completed (C:\Users\arunk\Downloads\projects\New folder\pdf reader\node_modules\jest-circus\build\jestAdapterInit.js:1561:28)
          at new Promise (<anonymous>)
          at callAsyncCircusFn (C:\Users\arunk\Downloads\projects\New folder\pdf reader\node_modules\jest-circus\build\jestAdapterInit.js:1501:10)
          at _callCircusHook (C:\Users\arunk\Downloads\projects\New folder\pdf reader\node_modules\jest-circus\build\jestAdapterInit.js:980:40)
          at _runTest (C:\Users\arunk\Downloads\projects\New folder\pdf reader\node_modules\jest-circus\build\jestAdapterInit.js:945:5)
          at C:\Users\arunk\Downloads\projects\New folder\pdf reader\node_modules\jest-circus\build\jestAdapterInit.js:853:7
          at _runTestsForDescribeBlock (C:\Users\arunk\Downloads\projects\New folder\pdf reader\node_modules\jest-circus\build\jestAdapterInit.js:866:11)
          at _runTestsForDescribeBlock (C:\Users\arunk\Downloads\projects\New folder\pdf reader\node_modules\jest-circus\build\jestAdapterInit.js:861:11)
          at run (C:\Users\arunk\Downloads\projects\New folder\pdf reader\node_modules\jest-circus\build\jestAdapterInit.js:765:3)
          at runAndTransformResultsToJestFormat (C:\Users\arunk\Downloads\projects\New folder\pdf reader\node_modules\jest-circus\build\jestAdapterInit.js:1993:21)
          at jestAdapter (C:\Users\arunk\Downloads\projects\New folder\pdf reader\node_modules\jest-circus\build\runner.js:111:19)
          at runTestInternal (C:\Users\arunk\Downloads\projects\New folder\pdf reader\node_modules\jest-runner\build\index.js:276:16)
          at runTest (C:\Users\arunk\Downloads\projects\New folder\pdf reader\node_modules\jest-runner\build\index.js:344:7) {
        type: 'not implemented'
      }

      83 |   };
      84 |   delete window.location;
    > 85 |   window.location = {
         |                  ^
      86 |     protocol:'http:', host:'localhost:8500',
      87 |     search:'?roomId=r1&mode=A', href:'http://localhost:8500/remote-stylus?roomId=r1&mode=A'
      88 |   };

      at VirtualConsole.<anonymous> (node_modules/@jest/environment-jsdom-abstract/build/index.js:87:23)
          at Reflect.set (<anonymous>)
      at stubGlobals (tests/integration/remote-stylus-flow.test.js:85:18)
      at Object.stubGlobals (tests/integration/remote-stylus-flow.test.js:254:5)

  ΓùÅ Flow: canvas switch (Desktop side) ΓÇ║ switch-canvas sends load-strokes for the correct DOM node

    expect(received).toHaveLength(expected)

    Expected length: 1
    Received length: 0
    Received array:  []

      119 |
      120 |     const loadMsgs = ws.sent.filter(m => m.type === 'load-strokes');
    > 121 |     expect(loadMsgs).toHaveLength(1);
          |                      ^
      122 |     expect(loadMsgs[0].canvasId).toBe('cv2');
      123 |     expect(loadMsgs[0].strokes).toHaveLength(1);
      124 |   });

      at Object.toHaveLength (tests/integration/remote-stylus-flow.test.js:121:22)

  ΓùÅ Flow: canvas switch (Desktop side) ΓÇ║ switch-canvas index 0 and index 1 send different canvasIds

    expect(received).toContain(expected) // indexOf

    Expected value: "cv1"
    Received array: []

      135 |     const loadMsgs = ws.sent.filter(m => m.type === 'load-strokes');
      136 |     const ids = loadMsgs.map(m => m.canvasId);
    > 137 |     expect(ids).toContain('cv1');
          |                 ^
      138 |     expect(ids).toContain('cv2');
      139 |     expect(ids[0]).not.toBe(ids[1]);
      140 |   });

      at Object.toContain (tests/integration/remote-stylus-flow.test.js:137:17)

  ΓùÅ Flow: strokes sync (Tablet ΓåÆ Desktop) ΓÇ║ sync-strokes-done updates StylusStore with received strokes

    expect(received).toEqual(expected) // deep equality

    Expected: [{"pts": [[0, 0]], "tool": "pen"}]
    Received: undefined

      161 |     const strokes = [{ tool:'pen', pts:[[0,0]] }];
      162 |     ws._receive({ type:'sync-strokes-done', canvasId:'canvas-A', strokes });
    > 163 |     expect(window.StylusStore.get('canvas-A')).toEqual(strokes);
          |                                                ^
      164 |   });
      165 |
      166 |   test('sync-strokes-done with mismatched canvasId does NOT render via activeFacade', () => {

      at Object.toEqual (tests/integration/remote-stylus-flow.test.js:163:48)

  ΓùÅ Flow: strokes sync (Tablet ΓåÆ Desktop) ΓÇ║ sync-strokes-done shows success toast

    expect(received).toBeGreaterThanOrEqual(expected)

    Expected: >= 1
    Received:    0

      174 |     ws._receive({ type:'sync-strokes-done', canvasId:'canvas-A', strokes:[] });
      175 |     const toasts = window.showToast.mock.calls.filter(c => c[0].includes('Γ£à'));
    > 176 |     expect(toasts.length).toBeGreaterThanOrEqual(1);
          |                           ^
      177 |   });
      178 | });
      179 |

      at Object.toBeGreaterThanOrEqual (tests/integration/remote-stylus-flow.test.js:176:27)

PASS tests/user-profile.test.js
  ΓùÅ Console

    console.warn
      Failed to migrate legacy document storage: ReferenceError: indexedDB is not defined
          at eval (eval at <anonymous> (C:\Users\arunk\Downloads\projects\New folder\pdf reader\tests\user-profile.test.js:21:5), <anonymous>:405:23)
          at new Promise (<anonymous>)
          at DatabaseManager.init (eval at <anonymous> (C:\Users\arunk\Downloads\projects\New folder\pdf reader\tests\user-profile.test.js:21:5), <anonymous>:404:24)
          at DatabaseManager.getDB (eval at <anonymous> (C:\Users\arunk\Downloads\projects\New folder\pdf reader\tests\user-profile.test.js:21:5), <anonymous>:440:17)
          at StorageRepository.migrateBackend (eval at <anonymous> (C:\Users\arunk\Downloads\projects\New folder\pdf reader\tests\user-profile.test.js:21:5), <anonymous>:837:39)
          at eval (eval at <anonymous> (C:\Users\arunk\Downloads\projects\New folder\pdf reader\tests\user-profile.test.js:21:5), <anonymous>:987:26)
          at Object.eval (C:\Users\arunk\Downloads\projects\New folder\pdf reader\tests\user-profile.test.js:21:5)
          at Promise.finally.completed (C:\Users\arunk\Downloads\projects\New folder\pdf reader\node_modules\jest-circus\build\jestAdapterInit.js:1561:28)
          at new Promise (<anonymous>)
          at callAsyncCircusFn (C:\Users\arunk\Downloads\projects\New folder\pdf reader\node_modules\jest-circus\build\jestAdapterInit.js:1501:10)
          at _callCircusHook (C:\Users\arunk\Downloads\projects\New folder\pdf reader\node_modules\jest-circus\build\jestAdapterInit.js:980:40)
          at _runTest (C:\Users\arunk\Downloads\projects\New folder\pdf reader\node_modules\jest-circus\build\jestAdapterInit.js:945:5)
          at C:\Users\arunk\Downloads\projects\New folder\pdf reader\node_modules\jest-circus\build\jestAdapterInit.js:853:7
          at _runTestsForDescribeBlock (C:\Users\arunk\Downloads\projects\New folder\pdf reader\node_modules\jest-circus\build\jestAdapterInit.js:866:11)
          at _runTestsForDescribeBlock (C:\Users\arunk\Downloads\projects\New folder\pdf reader\node_modules\jest-circus\build\jestAdapterInit.js:861:11)
          at run (C:\Users\arunk\Downloads\projects\New folder\pdf reader\node_modules\jest-circus\build\jestAdapterInit.js:765:3)
          at runAndTransformResultsToJestFormat (C:\Users\arunk\Downloads\projects\New folder\pdf reader\node_modules\jest-circus\build\jestAdapterInit.js:1993:21)
          at jestAdapter (C:\Users\arunk\Downloads\projects\New folder\pdf reader\node_modules\jest-circus\build\runner.js:111:19)
          at runTestInternal (C:\Users\arunk\Downloads\projects\New folder\pdf reader\node_modules\jest-runner\build\index.js:276:16)
          at runTest (C:\Users\arunk\Downloads\projects\New folder\pdf reader\node_modules\jest-runner\build\index.js:344:7)

      at StorageRepository.migrateBackend (eval at <anonymous> (tests/user-profile.test.js:21:5), <anonymous>:876:15)

    console.warn
      Failed to migrate legacy document storage: ReferenceError: indexedDB is not defined
          at eval (eval at <anonymous> (C:\Users\arunk\Downloads\projects\New folder\pdf reader\tests\user-profile.test.js:21:5), <anonymous>:405:23)
          at new Promise (<anonymous>)
          at DatabaseManager.init (eval at <anonymous> (C:\Users\arunk\Downloads\projects\New folder\pdf reader\tests\user-profile.test.js:21:5), <anonymous>:404:24)
          at DatabaseManager.getDB (eval at <anonymous> (C:\Users\arunk\Downloads\projects\New folder\pdf reader\tests\user-profile.test.js:21:5), <anonymous>:440:17)
          at StorageRepository.migrateBackend (eval at <anonymous> (C:\Users\arunk\Downloads\projects\New folder\pdf reader\tests\user-profile.test.js:21:5), <anonymous>:837:39)
          at eval (eval at <anonymous> (C:\Users\arunk\Downloads\projects\New folder\pdf reader\tests\user-profile.test.js:21:5), <anonymous>:987:26)
          at Object.eval (C:\Users\arunk\Downloads\projects\New folder\pdf reader\tests\user-profile.test.js:21:5)
          at Promise.finally.completed (C:\Users\arunk\Downloads\projects\New folder\pdf reader\node_modules\jest-circus\build\jestAdapterInit.js:1561:28)
          at new Promise (<anonymous>)
          at callAsyncCircusFn (C:\Users\arunk\Downloads\projects\New folder\pdf reader\node_modules\jest-circus\build\jestAdapterInit.js:1501:10)
          at _callCircusHook (C:\Users\arunk\Downloads\projects\New folder\pdf reader\node_modules\jest-circus\build\jestAdapterInit.js:980:40)
          at _runTest (C:\Users\arunk\Downloads\projects\New folder\pdf reader\node_modules\jest-circus\build\jestAdapterInit.js:945:5)
          at C:\Users\arunk\Downloads\projects\New folder\pdf reader\node_modules\jest-circus\build\jestAdapterInit.js:853:7
          at _runTestsForDescribeBlock (C:\Users\arunk\Downloads\projects\New folder\pdf reader\node_modules\jest-circus\build\jestAdapterInit.js:866:11)
          at _runTestsForDescribeBlock (C:\Users\arunk\Downloads\projects\New folder\pdf reader\node_modules\jest-circus\build\jestAdapterInit.js:861:11)
          at run (C:\Users\arunk\Downloads\projects\New folder\pdf reader\node_modules\jest-circus\build\jestAdapterInit.js:765:3)
          at runAndTransformResultsToJestFormat (C:\Users\arunk\Downloads\projects\New folder\pdf reader\node_modules\jest-circus\build\jestAdapterInit.js:1993:21)
          at jestAdapter (C:\Users\arunk\Downloads\projects\New folder\pdf reader\node_modules\jest-circus\build\runner.js:111:19)
          at runTestInternal (C:\Users\arunk\Downloads\projects\New folder\pdf reader\node_modules\jest-runner\build\index.js:276:16)
          at runTest (C:\Users\arunk\Downloads\projects\New folder\pdf reader\node_modules\jest-runner\build\index.js:344:7)

      at StorageRepository.migrateBackend (eval at <anonymous> (tests/user-profile.test.js:21:5), <anonymous>:876:15)

    console.warn
      Backend mock login failed: ReferenceError: fetch is not defined
          at window.saveUsernameProfile (eval at <anonymous> (C:\Users\arunk\Downloads\projects\New folder\pdf reader\tests\user-profile.test.js:34:5), <anonymous>:541:20)
          at Object.saveUsernameProfile (C:\Users\arunk\Downloads\projects\New folder\pdf reader\tests\user-profile.test.js:62:12)
          at Promise.finally.completed (C:\Users\arunk\Downloads\projects\New folder\pdf reader\node_modules\jest-circus\build\jestAdapterInit.js:1561:28)
          at new Promise (<anonymous>)
          at callAsyncCircusFn (C:\Users\arunk\Downloads\projects\New folder\pdf reader\node_modules\jest-circus\build\jestAdapterInit.js:1501:10)
          at _callCircusTest (C:\Users\arunk\Downloads\projects\New folder\pdf reader\node_modules\jest-circus\build\jestAdapterInit.js:1011:40)
          at _runTest (C:\Users\arunk\Downloads\projects\New folder\pdf reader\node_modules\jest-circus\build\jestAdapterInit.js:951:3)
          at C:\Users\arunk\Downloads\projects\New folder\pdf reader\node_modules\jest-circus\build\jestAdapterInit.js:853:7
          at _runTestsForDescribeBlock (C:\Users\arunk\Downloads\projects\New folder\pdf reader\node_modules\jest-circus\build\jestAdapterInit.js:866:11)
          at _runTestsForDescribeBlock (C:\Users\arunk\Downloads\projects\New folder\pdf reader\node_modules\jest-circus\build\jestAdapterInit.js:861:11)
          at run (C:\Users\arunk\Downloads\projects\New folder\pdf reader\node_modules\jest-circus\build\jestAdapterInit.js:765:3)
          at runAndTransformResultsToJestFormat (C:\Users\arunk\Downloads\projects\New folder\pdf reader\node_modules\jest-circus\build\jestAdapterInit.js:1993:21)
          at jestAdapter (C:\Users\arunk\Downloads\projects\New folder\pdf reader\node_modules\jest-circus\build\runner.js:111:19)
          at runTestInternal (C:\Users\arunk\Downloads\projects\New folder\pdf reader\node_modules\jest-runner\build\index.js:276:16)
          at runTest (C:\Users\arunk\Downloads\projects\New folder\pdf reader\node_modules\jest-runner\build\index.js:344:7)

      at window.saveUsernameProfile (eval at <anonymous> (tests/user-profile.test.js:34:5), <anonymous>:551:15)
      at Object.saveUsernameProfile (tests/user-profile.test.js:62:12)

    console.log
      [ProfileMigration] Migrating namespace from 'guest' to 'arun'...

      at eval (eval at <anonymous> (tests/user-profile.test.js:21:5), <anonymous>:1064:17)
          at Array.forEach (<anonymous>)

    console.warn
      Failed to migrate legacy document storage: ReferenceError: indexedDB is not defined
          at eval (eval at <anonymous> (C:\Users\arunk\Downloads\projects\New folder\pdf reader\tests\user-profile.test.js:21:5), <anonymous>:405:23)
          at new Promise (<anonymous>)
          at DatabaseManager.init (eval at <anonymous> (C:\Users\arunk\Downloads\projects\New folder\pdf reader\tests\user-profile.test.js:21:5), <anonymous>:404:24)
          at DatabaseManager.getDB (eval at <anonymous> (C:\Users\arunk\Downloads\projects\New folder\pdf reader\tests\user-profile.test.js:21:5), <anonymous>:440:17)
          at StorageRepository.migrateBackend (eval at <anonymous> (C:\Users\arunk\Downloads\projects\New folder\pdf reader\tests\user-profile.test.js:21:5), <anonymous>:837:39)
          at eval (eval at <anonymous> (C:\Users\arunk\Downloads\projects\New folder\pdf reader\tests\user-profile.test.js:21:5), <anonymous>:987:26)
          at Object.eval (C:\Users\arunk\Downloads\projects\New folder\pdf reader\tests\user-profile.test.js:21:5)
          at Promise.finally.completed (C:\Users\arunk\Downloads\projects\New folder\pdf reader\node_modules\jest-circus\build\jestAdapterInit.js:1561:28)
          at new Promise (<anonymous>)
          at callAsyncCircusFn (C:\Users\arunk\Downloads\projects\New folder\pdf reader\node_modules\jest-circus\build\jestAdapterInit.js:1501:10)
          at _callCircusHook (C:\Users\arunk\Downloads\projects\New folder\pdf reader\node_modules\jest-circus\build\jestAdapterInit.js:980:40)
          at _runTest (C:\Users\arunk\Downloads\projects\New folder\pdf reader\node_modules\jest-circus\build\jestAdapterInit.js:945:5)
          at C:\Users\arunk\Downloads\projects\New folder\pdf reader\node_modules\jest-circus\build\jestAdapterInit.js:853:7
          at _runTestsForDescribeBlock (C:\Users\arunk\Downloads\projects\New folder\pdf reader\node_modules\jest-circus\build\jestAdapterInit.js:866:11)
          at _runTestsForDescribeBlock (C:\Users\arunk\Downloads\projects\New folder\pdf reader\node_modules\jest-circus\build\jestAdapterInit.js:861:11)
          at run (C:\Users\arunk\Downloads\projects\New folder\pdf reader\node_modules\jest-circus\build\jestAdapterInit.js:765:3)
          at runAndTransformResultsToJestFormat (C:\Users\arunk\Downloads\projects\New folder\pdf reader\node_modules\jest-circus\build\jestAdapterInit.js:1993:21)
          at jestAdapter (C:\Users\arunk\Downloads\projects\New folder\pdf reader\node_modules\jest-circus\build\runner.js:111:19)
          at runTestInternal (C:\Users\arunk\Downloads\projects\New folder\pdf reader\node_modules\jest-runner\build\index.js:276:16)
          at runTest (C:\Users\arunk\Downloads\projects\New folder\pdf reader\node_modules\jest-runner\build\index.js:344:7)

      at StorageRepository.migrateBackend (eval at <anonymous> (tests/user-profile.test.js:21:5), <anonymous>:876:15)

    console.warn
      Backend mock login failed: ReferenceError: fetch is not defined
          at window.saveUsernameProfile (eval at <anonymous> (C:\Users\arunk\Downloads\projects\New folder\pdf reader\tests\user-profile.test.js:34:5), <anonymous>:541:20)
          at Object.saveUsernameProfile (C:\Users\arunk\Downloads\projects\New folder\pdf reader\tests\user-profile.test.js:71:12)
          at Promise.finally.completed (C:\Users\arunk\Downloads\projects\New folder\pdf reader\node_modules\jest-circus\build\jestAdapterInit.js:1561:28)
          at new Promise (<anonymous>)
          at callAsyncCircusFn (C:\Users\arunk\Downloads\projects\New folder\pdf reader\node_modules\jest-circus\build\jestAdapterInit.js:1501:10)
          at _callCircusTest (C:\Users\arunk\Downloads\projects\New folder\pdf reader\node_modules\jest-circus\build\jestAdapterInit.js:1011:40)
          at _runTest (C:\Users\arunk\Downloads\projects\New folder\pdf reader\node_modules\jest-circus\build\jestAdapterInit.js:951:3)
          at C:\Users\arunk\Downloads\projects\New folder\pdf reader\node_modules\jest-circus\build\jestAdapterInit.js:853:7
          at _runTestsForDescribeBlock (C:\Users\arunk\Downloads\projects\New folder\pdf reader\node_modules\jest-circus\build\jestAdapterInit.js:866:11)
          at _runTestsForDescribeBlock (C:\Users\arunk\Downloads\projects\New folder\pdf reader\node_modules\jest-circus\build\jestAdapterInit.js:861:11)
          at run (C:\Users\arunk\Downloads\projects\New folder\pdf reader\node_modules\jest-circus\build\jestAdapterInit.js:765:3)
          at runAndTransformResultsToJestFormat (C:\Users\arunk\Downloads\projects\New folder\pdf reader\node_modules\jest-circus\build\jestAdapterInit.js:1993:21)
          at jestAdapter (C:\Users\arunk\Downloads\projects\New folder\pdf reader\node_modules\jest-circus\build\runner.js:111:19)
          at runTestInternal (C:\Users\arunk\Downloads\projects\New folder\pdf reader\node_modules\jest-runner\build\index.js:276:16)
          at runTest (C:\Users\arunk\Downloads\projects\New folder\pdf reader\node_modules\jest-runner\build\index.js:344:7)

      at window.saveUsernameProfile (eval at <anonymous> (tests/user-profile.test.js:34:5), <anonymous>:551:15)
      at Object.saveUsernameProfile (tests/user-profile.test.js:71:12)

    console.log
      [ProfileMigration] Migrating namespace from 'guest' to 'arun'...

      at eval (eval at <anonymous> (tests/user-profile.test.js:21:5), <anonymous>:1064:17)
          at Array.forEach (<anonymous>)

    console.warn
      Backend mock login failed: ReferenceError: fetch is not defined
          at window.saveUsernameProfile (eval at <anonymous> (C:\Users\arunk\Downloads\projects\New folder\pdf reader\tests\user-profile.test.js:34:5), <anonymous>:541:20)
          at Object.saveUsernameProfile (C:\Users\arunk\Downloads\projects\New folder\pdf reader\tests\user-profile.test.js:72:12)
          at Promise.finally.completed (C:\Users\arunk\Downloads\projects\New folder\pdf reader\node_modules\jest-circus\build\jestAdapterInit.js:1561:28)
          at new Promise (<anonymous>)
          at callAsyncCircusFn (C:\Users\arunk\Downloads\projects\New folder\pdf reader\node_modules\jest-circus\build\jestAdapterInit.js:1501:10)
          at _callCircusTest (C:\Users\arunk\Downloads\projects\New folder\pdf reader\node_modules\jest-circus\build\jestAdapterInit.js:1011:40)
          at _runTest (C:\Users\arunk\Downloads\projects\New folder\pdf reader\node_modules\jest-circus\build\jestAdapterInit.js:951:3)
          at C:\Users\arunk\Downloads\projects\New folder\pdf reader\node_modules\jest-circus\build\jestAdapterInit.js:853:7
          at _runTestsForDescribeBlock (C:\Users\arunk\Downloads\projects\New folder\pdf reader\node_modules\jest-circus\build\jestAdapterInit.js:866:11)
          at _runTestsForDescribeBlock (C:\Users\arunk\Downloads\projects\New folder\pdf reader\node_modules\jest-circus\build\jestAdapterInit.js:861:11)
          at run (C:\Users\arunk\Downloads\projects\New folder\pdf reader\node_modules\jest-circus\build\jestAdapterInit.js:765:3)
          at runAndTransformResultsToJestFormat (C:\Users\arunk\Downloads\projects\New folder\pdf reader\node_modules\jest-circus\build\jestAdapterInit.js:1993:21)
          at jestAdapter (C:\Users\arunk\Downloads\projects\New folder\pdf reader\node_modules\jest-circus\build\runner.js:111:19)
          at runTestInternal (C:\Users\arunk\Downloads\projects\New folder\pdf reader\node_modules\jest-runner\build\index.js:276:16)
          at runTest (C:\Users\arunk\Downloads\projects\New folder\pdf reader\node_modules\jest-runner\build\index.js:344:7)

      at window.saveUsernameProfile (eval at <anonymous> (tests/user-profile.test.js:34:5), <anonymous>:551:15)
      at Object.saveUsernameProfile (tests/user-profile.test.js:72:12)

    console.warn
      Failed to migrate legacy document storage: ReferenceError: indexedDB is not defined
          at eval (eval at <anonymous> (C:\Users\arunk\Downloads\projects\New folder\pdf reader\tests\user-profile.test.js:21:5), <anonymous>:405:23)
          at new Promise (<anonymous>)
          at DatabaseManager.init (eval at <anonymous> (C:\Users\arunk\Downloads\projects\New folder\pdf reader\tests\user-profile.test.js:21:5), <anonymous>:404:24)
          at DatabaseManager.getDB (eval at <anonymous> (C:\Users\arunk\Downloads\projects\New folder\pdf reader\tests\user-profile.test.js:21:5), <anonymous>:440:17)
          at StorageRepository.migrateBackend (eval at <anonymous> (C:\Users\arunk\Downloads\projects\New folder\pdf reader\tests\user-profile.test.js:21:5), <anonymous>:837:39)
          at eval (eval at <anonymous> (C:\Users\arunk\Downloads\projects\New folder\pdf reader\tests\user-profile.test.js:21:5), <anonymous>:987:26)
          at Object.eval (C:\Users\arunk\Downloads\projects\New folder\pdf reader\tests\user-profile.test.js:21:5)
          at Promise.finally.completed (C:\Users\arunk\Downloads\projects\New folder\pdf reader\node_modules\jest-circus\build\jestAdapterInit.js:1561:28)
          at new Promise (<anonymous>)
          at callAsyncCircusFn (C:\Users\arunk\Downloads\projects\New folder\pdf reader\node_modules\jest-circus\build\jestAdapterInit.js:1501:10)
          at _callCircusHook (C:\Users\arunk\Downloads\projects\New folder\pdf reader\node_modules\jest-circus\build\jestAdapterInit.js:980:40)
          at _runTest (C:\Users\arunk\Downloads\projects\New folder\pdf reader\node_modules\jest-circus\build\jestAdapterInit.js:945:5)
          at C:\Users\arunk\Downloads\projects\New folder\pdf reader\node_modules\jest-circus\build\jestAdapterInit.js:853:7
          at _runTestsForDescribeBlock (C:\Users\arunk\Downloads\projects\New folder\pdf reader\node_modules\jest-circus\build\jestAdapterInit.js:866:11)
          at _runTestsForDescribeBlock (C:\Users\arunk\Downloads\projects\New folder\pdf reader\node_modules\jest-circus\build\jestAdapterInit.js:861:11)
          at run (C:\Users\arunk\Downloads\projects\New folder\pdf reader\node_modules\jest-circus\build\jestAdapterInit.js:765:3)
          at runAndTransformResultsToJestFormat (C:\Users\arunk\Downloads\projects\New folder\pdf reader\node_modules\jest-circus\build\jestAdapterInit.js:1993:21)
          at jestAdapter (C:\Users\arunk\Downloads\projects\New folder\pdf reader\node_modules\jest-circus\build\runner.js:111:19)
          at runTestInternal (C:\Users\arunk\Downloads\projects\New folder\pdf reader\node_modules\jest-runner\build\index.js:276:16)
          at runTest (C:\Users\arunk\Downloads\projects\New folder\pdf reader\node_modules\jest-runner\build\index.js:344:7)

      at StorageRepository.migrateBackend (eval at <anonymous> (tests/user-profile.test.js:21:5), <anonymous>:876:15)

    console.warn
      Failed to migrate legacy document storage: ReferenceError: indexedDB is not defined
          at eval (eval at <anonymous> (C:\Users\arunk\Downloads\projects\New folder\pdf reader\tests\user-profile.test.js:21:5), <anonymous>:405:23)
          at new Promise (<anonymous>)
          at DatabaseManager.init (eval at <anonymous> (C:\Users\arunk\Downloads\projects\New folder\pdf reader\tests\user-profile.test.js:21:5), <anonymous>:404:24)
          at DatabaseManager.getDB (eval at <anonymous> (C:\Users\arunk\Downloads\projects\New folder\pdf reader\tests\user-profile.test.js:21:5), <anonymous>:440:17)
          at StorageRepository.migrateBackend (eval at <anonymous> (C:\Users\arunk\Downloads\projects\New folder\pdf reader\tests\user-profile.test.js:21:5), <anonymous>:837:39)
          at eval (eval at <anonymous> (C:\Users\arunk\Downloads\projects\New folder\pdf reader\tests\user-profile.test.js:21:5), <anonymous>:987:26)
          at Object.eval (C:\Users\arunk\Downloads\projects\New folder\pdf reader\tests\user-profile.test.js:21:5)
          at Promise.finally.completed (C:\Users\arunk\Downloads\projects\New folder\pdf reader\node_modules\jest-circus\build\jestAdapterInit.js:1561:28)
          at new Promise (<anonymous>)
          at callAsyncCircusFn (C:\Users\arunk\Downloads\projects\New folder\pdf reader\node_modules\jest-circus\build\jestAdapterInit.js:1501:10)
          at _callCircusHook (C:\Users\arunk\Downloads\projects\New folder\pdf reader\node_modules\jest-circus\build\jestAdapterInit.js:980:40)
          at _runTest (C:\Users\arunk\Downloads\projects\New folder\pdf reader\node_modules\jest-circus\build\jestAdapterInit.js:945:5)
          at C:\Users\arunk\Downloads\projects\New folder\pdf reader\node_modules\jest-circus\build\jestAdapterInit.js:853:7
          at _runTestsForDescribeBlock (C:\Users\arunk\Downloads\projects\New folder\pdf reader\node_modules\jest-circus\build\jestAdapterInit.js:866:11)
          at _runTestsForDescribeBlock (C:\Users\arunk\Downloads\projects\New folder\pdf reader\node_modules\jest-circus\build\jestAdapterInit.js:861:11)
          at run (C:\Users\arunk\Downloads\projects\New folder\pdf reader\node_modules\jest-circus\build\jestAdapterInit.js:765:3)
          at runAndTransformResultsToJestFormat (C:\Users\arunk\Downloads\projects\New folder\pdf reader\node_modules\jest-circus\build\jestAdapterInit.js:1993:21)
          at jestAdapter (C:\Users\arunk\Downloads\projects\New folder\pdf reader\node_modules\jest-circus\build\runner.js:111:19)
          at runTestInternal (C:\Users\arunk\Downloads\projects\New folder\pdf reader\node_modules\jest-runner\build\index.js:276:16)
          at runTest (C:\Users\arunk\Downloads\projects\New folder\pdf reader\node_modules\jest-runner\build\index.js:344:7)

      at StorageRepository.migrateBackend (eval at <anonymous> (tests/user-profile.test.js:21:5), <anonymous>:876:15)

    console.warn
      Failed to migrate legacy document storage: ReferenceError: indexedDB is not defined
          at eval (eval at <anonymous> (C:\Users\arunk\Downloads\projects\New folder\pdf reader\tests\user-profile.test.js:21:5), <anonymous>:405:23)
          at new Promise (<anonymous>)
          at DatabaseManager.init (eval at <anonymous> (C:\Users\arunk\Downloads\projects\New folder\pdf reader\tests\user-profile.test.js:21:5), <anonymous>:404:24)
          at DatabaseManager.getDB (eval at <anonymous> (C:\Users\arunk\Downloads\projects\New folder\pdf reader\tests\user-profile.test.js:21:5), <anonymous>:440:17)
          at StorageRepository.migrateBackend (eval at <anonymous> (C:\Users\arunk\Downloads\projects\New folder\pdf reader\tests\user-profile.test.js:21:5), <anonymous>:837:39)
          at eval (eval at <anonymous> (C:\Users\arunk\Downloads\projects\New folder\pdf reader\tests\user-profile.test.js:21:5), <anonymous>:987:26)
          at Object.eval (C:\Users\arunk\Downloads\projects\New folder\pdf reader\tests\user-profile.test.js:21:5)
          at Promise.finally.completed (C:\Users\arunk\Downloads\projects\New folder\pdf reader\node_modules\jest-circus\build\jestAdapterInit.js:1561:28)
          at new Promise (<anonymous>)
          at callAsyncCircusFn (C:\Users\arunk\Downloads\projects\New folder\pdf reader\node_modules\jest-circus\build\jestAdapterInit.js:1501:10)
          at _callCircusHook (C:\Users\arunk\Downloads\projects\New folder\pdf reader\node_modules\jest-circus\build\jestAdapterInit.js:980:40)
          at _runTest (C:\Users\arunk\Downloads\projects\New folder\pdf reader\node_modules\jest-circus\build\jestAdapterInit.js:945:5)
          at C:\Users\arunk\Downloads\projects\New folder\pdf reader\node_modules\jest-circus\build\jestAdapterInit.js:853:7
          at _runTestsForDescribeBlock (C:\Users\arunk\Downloads\projects\New folder\pdf reader\node_modules\jest-circus\build\jestAdapterInit.js:866:11)
          at _runTestsForDescribeBlock (C:\Users\arunk\Downloads\projects\New folder\pdf reader\node_modules\jest-circus\build\jestAdapterInit.js:861:11)
          at run (C:\Users\arunk\Downloads\projects\New folder\pdf reader\node_modules\jest-circus\build\jestAdapterInit.js:765:3)
          at runAndTransformResultsToJestFormat (C:\Users\arunk\Downloads\projects\New folder\pdf reader\node_modules\jest-circus\build\jestAdapterInit.js:1993:21)
          at jestAdapter (C:\Users\arunk\Downloads\projects\New folder\pdf reader\node_modules\jest-circus\build\runner.js:111:19)
          at runTestInternal (C:\Users\arunk\Downloads\projects\New folder\pdf reader\node_modules\jest-runner\build\index.js:276:16)
          at runTest (C:\Users\arunk\Downloads\projects\New folder\pdf reader\node_modules\jest-runner\build\index.js:344:7)

      at StorageRepository.migrateBackend (eval at <anonymous> (tests/user-profile.test.js:21:5), <anonymous>:876:15)

    console.warn
      Failed to migrate legacy document storage: ReferenceError: indexedDB is not defined
          at eval (eval at <anonymous> (C:\Users\arunk\Downloads\projects\New folder\pdf reader\tests\user-profile.test.js:21:5), <anonymous>:405:23)
          at new Promise (<anonymous>)
          at DatabaseManager.init (eval at <anonymous> (C:\Users\arunk\Downloads\projects\New folder\pdf reader\tests\user-profile.test.js:21:5), <anonymous>:404:24)
          at DatabaseManager.getDB (eval at <anonymous> (C:\Users\arunk\Downloads\projects\New folder\pdf reader\tests\user-profile.test.js:21:5), <anonymous>:440:17)
          at StorageRepository.migrateBackend (eval at <anonymous> (C:\Users\arunk\Downloads\projects\New folder\pdf reader\tests\user-profile.test.js:21:5), <anonymous>:837:39)
          at eval (eval at <anonymous> (C:\Users\arunk\Downloads\projects\New folder\pdf reader\tests\user-profile.test.js:21:5), <anonymous>:987:26)
          at Object.eval (C:\Users\arunk\Downloads\projects\New folder\pdf reader\tests\user-profile.test.js:21:5)
          at Promise.finally.completed (C:\Users\arunk\Downloads\projects\New folder\pdf reader\node_modules\jest-circus\build\jestAdapterInit.js:1561:28)
          at new Promise (<anonymous>)
          at callAsyncCircusFn (C:\Users\arunk\Downloads\projects\New folder\pdf reader\node_modules\jest-circus\build\jestAdapterInit.js:1501:10)
          at _callCircusHook (C:\Users\arunk\Downloads\projects\New folder\pdf reader\node_modules\jest-circus\build\jestAdapterInit.js:980:40)
          at _runTest (C:\Users\arunk\Downloads\projects\New folder\pdf reader\node_modules\jest-circus\build\jestAdapterInit.js:945:5)
          at C:\Users\arunk\Downloads\projects\New folder\pdf reader\node_modules\jest-circus\build\jestAdapterInit.js:853:7
          at _runTestsForDescribeBlock (C:\Users\arunk\Downloads\projects\New folder\pdf reader\node_modules\jest-circus\build\jestAdapterInit.js:866:11)
          at _runTestsForDescribeBlock (C:\Users\arunk\Downloads\projects\New folder\pdf reader\node_modules\jest-circus\build\jestAdapterInit.js:861:11)
          at run (C:\Users\arunk\Downloads\projects\New folder\pdf reader\node_modules\jest-circus\build\jestAdapterInit.js:765:3)
          at runAndTransformResultsToJestFormat (C:\Users\arunk\Downloads\projects\New folder\pdf reader\node_modules\jest-circus\build\jestAdapterInit.js:1993:21)
          at jestAdapter (C:\Users\arunk\Downloads\projects\New folder\pdf reader\node_modules\jest-circus\build\runner.js:111:19)
          at runTestInternal (C:\Users\arunk\Downloads\projects\New folder\pdf reader\node_modules\jest-runner\build\index.js:276:16)
          at runTest (C:\Users\arunk\Downloads\projects\New folder\pdf reader\node_modules\jest-runner\build\index.js:344:7)

      at StorageRepository.migrateBackend (eval at <anonymous> (tests/user-profile.test.js:21:5), <anonymous>:876:15)

    console.warn
      Backend mock login failed: ReferenceError: fetch is not defined
          at window.saveUsernameProfile (eval at <anonymous> (C:\Users\arunk\Downloads\projects\New folder\pdf reader\tests\user-profile.test.js:34:5), <anonymous>:541:20)
          at Object.saveUsernameProfile (C:\Users\arunk\Downloads\projects\New folder\pdf reader\tests\user-profile.test.js:100:12)
          at Promise.finally.completed (C:\Users\arunk\Downloads\projects\New folder\pdf reader\node_modules\jest-circus\build\jestAdapterInit.js:1561:28)
          at new Promise (<anonymous>)
          at callAsyncCircusFn (C:\Users\arunk\Downloads\projects\New folder\pdf reader\node_modules\jest-circus\build\jestAdapterInit.js:1501:10)
          at _callCircusTest (C:\Users\arunk\Downloads\projects\New folder\pdf reader\node_modules\jest-circus\build\jestAdapterInit.js:1011:40)
          at _runTest (C:\Users\arunk\Downloads\projects\New folder\pdf reader\node_modules\jest-circus\build\jestAdapterInit.js:951:3)
          at C:\Users\arunk\Downloads\projects\New folder\pdf reader\node_modules\jest-circus\build\jestAdapterInit.js:853:7
          at _runTestsForDescribeBlock (C:\Users\arunk\Downloads\projects\New folder\pdf reader\node_modules\jest-circus\build\jestAdapterInit.js:866:11)
          at _runTestsForDescribeBlock (C:\Users\arunk\Downloads\projects\New folder\pdf reader\node_modules\jest-circus\build\jestAdapterInit.js:861:11)
          at run (C:\Users\arunk\Downloads\projects\New folder\pdf reader\node_modules\jest-circus\build\jestAdapterInit.js:765:3)
          at runAndTransformResultsToJestFormat (C:\Users\arunk\Downloads\projects\New folder\pdf reader\node_modules\jest-circus\build\jestAdapterInit.js:1993:21)
          at jestAdapter (C:\Users\arunk\Downloads\projects\New folder\pdf reader\node_modules\jest-circus\build\runner.js:111:19)
          at runTestInternal (C:\Users\arunk\Downloads\projects\New folder\pdf reader\node_modules\jest-runner\build\index.js:276:16)
          at runTest (C:\Users\arunk\Downloads\projects\New folder\pdf reader\node_modules\jest-runner\build\index.js:344:7)

      at window.saveUsernameProfile (eval at <anonymous> (tests/user-profile.test.js:34:5), <anonymous>:551:15)
      at Object.saveUsernameProfile (tests/user-profile.test.js:100:12)

    console.log
      [ProfileMigration] Migrating namespace from 'guest' to 'my-profile_01'...

      at eval (eval at <anonymous> (tests/user-profile.test.js:21:5), <anonymous>:1064:17)
          at Array.forEach (<anonymous>)

    console.warn
      Failed to migrate legacy document storage: ReferenceError: indexedDB is not defined
          at eval (eval at <anonymous> (C:\Users\arunk\Downloads\projects\New folder\pdf reader\tests\user-profile.test.js:21:5), <anonymous>:405:23)
          at new Promise (<anonymous>)
          at DatabaseManager.init (eval at <anonymous> (C:\Users\arunk\Downloads\projects\New folder\pdf reader\tests\user-profile.test.js:21:5), <anonymous>:404:24)
          at DatabaseManager.getDB (eval at <anonymous> (C:\Users\arunk\Downloads\projects\New folder\pdf reader\tests\user-profile.test.js:21:5), <anonymous>:440:17)
          at StorageRepository.migrateBackend (eval at <anonymous> (C:\Users\arunk\Downloads\projects\New folder\pdf reader\tests\user-profile.test.js:21:5), <anonymous>:837:39)
          at eval (eval at <anonymous> (C:\Users\arunk\Downloads\projects\New folder\pdf reader\tests\user-profile.test.js:21:5), <anonymous>:987:26)
          at Object.eval (C:\Users\arunk\Downloads\projects\New folder\pdf reader\tests\user-profile.test.js:21:5)
          at Promise.finally.completed (C:\Users\arunk\Downloads\projects\New folder\pdf reader\node_modules\jest-circus\build\jestAdapterInit.js:1561:28)
          at new Promise (<anonymous>)
          at callAsyncCircusFn (C:\Users\arunk\Downloads\projects\New folder\pdf reader\node_modules\jest-circus\build\jestAdapterInit.js:1501:10)
          at _callCircusHook (C:\Users\arunk\Downloads\projects\New folder\pdf reader\node_modules\jest-circus\build\jestAdapterInit.js:980:40)
          at _runTest (C:\Users\arunk\Downloads\projects\New folder\pdf reader\node_modules\jest-circus\build\jestAdapterInit.js:945:5)
          at C:\Users\arunk\Downloads\projects\New folder\pdf reader\node_modules\jest-circus\build\jestAdapterInit.js:853:7
          at _runTestsForDescribeBlock (C:\Users\arunk\Downloads\projects\New folder\pdf reader\node_modules\jest-circus\build\jestAdapterInit.js:866:11)
          at _runTestsForDescribeBlock (C:\Users\arunk\Downloads\projects\New folder\pdf reader\node_modules\jest-circus\build\jestAdapterInit.js:861:11)
          at run (C:\Users\arunk\Downloads\projects\New folder\pdf reader\node_modules\jest-circus\build\jestAdapterInit.js:765:3)
          at runAndTransformResultsToJestFormat (C:\Users\arunk\Downloads\projects\New folder\pdf reader\node_modules\jest-circus\build\jestAdapterInit.js:1993:21)
          at jestAdapter (C:\Users\arunk\Downloads\projects\New folder\pdf reader\node_modules\jest-circus\build\runner.js:111:19)
          at runTestInternal (C:\Users\arunk\Downloads\projects\New folder\pdf reader\node_modules\jest-runner\build\index.js:276:16)
          at runTest (C:\Users\arunk\Downloads\projects\New folder\pdf reader\node_modules\jest-runner\build\index.js:344:7)

      at StorageRepository.migrateBackend (eval at <anonymous> (tests/user-profile.test.js:21:5), <anonymous>:876:15)

    console.log
      [ProfileMigration] Migrating namespace from 'guest' to 'alex'...

      at eval (eval at <anonymous> (tests/user-profile.test.js:21:5), <anonymous>:1064:17)
          at Array.forEach (<anonymous>)

    console.log
      [AutoRestore] library length for my-profile_01: 1

      at eval (eval at <anonymous> (tests/user-profile.test.js:21:5), <anonymous>:1184:11)

    console.log
      [AutoRestore] library length for my-profile_01: 1

      at eval (eval at <anonymous> (tests/user-profile.test.js:21:5), <anonymous>:1184:11)

    console.log
      [AutoRestore] library length for my-profile_01: 1

      at eval (eval at <anonymous> (tests/user-profile.test.js:21:5), <anonymous>:1184:11)

    console.log
      [AutoRestore] library length for my-profile_01: 1

      at eval (eval at <anonymous> (tests/user-profile.test.js:21:5), <anonymous>:1184:11)

    console.log
      [AutoRestore] library length for my-profile_01: 1

      at eval (eval at <anonymous> (tests/user-profile.test.js:21:5), <anonymous>:1184:11)

    console.log
      [AutoRestore] library length for my-profile_01: 1

      at eval (eval at <anonymous> (tests/user-profile.test.js:21:5), <anonymous>:1184:11)

    console.log
      [AutoRestore] library length for my-profile_01: 1

      at eval (eval at <anonymous> (tests/user-profile.test.js:21:5), <anonymous>:1184:11)

    console.log
      [AutoRestore] library length for my-profile_01: 1

      at eval (eval at <anonymous> (tests/user-profile.test.js:21:5), <anonymous>:1184:11)

    console.warn
      [StorageRepository] Failed to load document from IndexedDB: ReferenceError: indexedDB is not defined
          at eval (eval at <anonymous> (C:\Users\arunk\Downloads\projects\New folder\pdf reader\tests\user-profile.test.js:21:5), <anonymous>:405:23)
          at new Promise (<anonymous>)
          at DatabaseManager.init (eval at <anonymous> (C:\Users\arunk\Downloads\projects\New folder\pdf reader\tests\user-profile.test.js:21:5), <anonymous>:404:24)
          at DatabaseManager.getDB (eval at <anonymous> (C:\Users\arunk\Downloads\projects\New folder\pdf reader\tests\user-profile.test.js:21:5), <anonymous>:440:17)
          at StorageRepository.migrateBackend (eval at <anonymous> (C:\Users\arunk\Downloads\projects\New folder\pdf reader\tests\user-profile.test.js:21:5), <anonymous>:837:39)
          at eval (eval at <anonymous> (C:\Users\arunk\Downloads\projects\New folder\pdf reader\tests\user-profile.test.js:21:5), <anonymous>:987:26)
          at Object.eval (C:\Users\arunk\Downloads\projects\New folder\pdf reader\tests\user-profile.test.js:21:5)
          at Promise.finally.completed (C:\Users\arunk\Downloads\projects\New folder\pdf reader\node_modules\jest-circus\build\jestAdapterInit.js:1561:28)
          at new Promise (<anonymous>)
          at callAsyncCircusFn (C:\Users\arunk\Downloads\projects\New folder\pdf reader\node_modules\jest-circus\build\jestAdapterInit.js:1501:10)
          at _callCircusHook (C:\Users\arunk\Downloads\projects\New folder\pdf reader\node_modules\jest-circus\build\jestAdapterInit.js:980:40)
          at _runTest (C:\Users\arunk\Downloads\projects\New folder\pdf reader\node_modules\jest-circus\build\jestAdapterInit.js:945:5)
          at C:\Users\arunk\Downloads\projects\New folder\pdf reader\node_modules\jest-circus\build\jestAdapterInit.js:853:7
          at _runTestsForDescribeBlock (C:\Users\arunk\Downloads\projects\New folder\pdf reader\node_modules\jest-circus\build\jestAdapterInit.js:866:11)
          at _runTestsForDescribeBlock (C:\Users\arunk\Downloads\projects\New folder\pdf reader\node_modules\jest-circus\build\jestAdapterInit.js:861:11)
          at run (C:\Users\arunk\Downloads\projects\New folder\pdf reader\node_modules\jest-circus\build\jestAdapterInit.js:765:3)
          at runAndTransformResultsToJestFormat (C:\Users\arunk\Downloads\projects\New folder\pdf reader\node_modules\jest-circus\build\jestAdapterInit.js:1993:21)
          at jestAdapter (C:\Users\arunk\Downloads\projects\New folder\pdf reader\node_modules\jest-circus\build\runner.js:111:19)
          at runTestInternal (C:\Users\arunk\Downloads\projects\New folder\pdf reader\node_modules\jest-runner\build\index.js:276:16)
          at runTest (C:\Users\arunk\Downloads\projects\New folder\pdf reader\node_modules\jest-runner\build\index.js:344:7)

      at StorageRepository.loadDocument (eval at <anonymous> (tests/user-profile.test.js:21:5), <anonymous>:707:15)
      at eval (eval at <anonymous> (tests/user-profile.test.js:21:5), <anonymous>:1188:19)

    console.warn
      [StorageRepository] Failed to load document from IndexedDB: ReferenceError: indexedDB is not defined
          at eval (eval at <anonymous> (C:\Users\arunk\Downloads\projects\New folder\pdf reader\tests\user-profile.test.js:21:5), <anonymous>:405:23)
          at new Promise (<anonymous>)
          at DatabaseManager.init (eval at <anonymous> (C:\Users\arunk\Downloads\projects\New folder\pdf reader\tests\user-profile.test.js:21:5), <anonymous>:404:24)
          at DatabaseManager.getDB (eval at <anonymous> (C:\Users\arunk\Downloads\projects\New folder\pdf reader\tests\user-profile.test.js:21:5), <anonymous>:440:17)
          at StorageRepository.migrateBackend (eval at <anonymous> (C:\Users\arunk\Downloads\projects\New folder\pdf reader\tests\user-profile.test.js:21:5), <anonymous>:837:39)
          at eval (eval at <anonymous> (C:\Users\arunk\Downloads\projects\New folder\pdf reader\tests\user-profile.test.js:21:5), <anonymous>:987:26)
          at Object.eval (C:\Users\arunk\Downloads\projects\New folder\pdf reader\tests\user-profile.test.js:21:5)
          at Promise.finally.completed (C:\Users\arunk\Downloads\projects\New folder\pdf reader\node_modules\jest-circus\build\jestAdapterInit.js:1561:28)
          at new Promise (<anonymous>)
          at callAsyncCircusFn (C:\Users\arunk\Downloads\projects\New folder\pdf reader\node_modules\jest-circus\build\jestAdapterInit.js:1501:10)
          at _callCircusHook (C:\Users\arunk\Downloads\projects\New folder\pdf reader\node_modules\jest-circus\build\jestAdapterInit.js:980:40)
          at _runTest (C:\Users\arunk\Downloads\projects\New folder\pdf reader\node_modules\jest-circus\build\jestAdapterInit.js:945:5)
          at C:\Users\arunk\Downloads\projects\New folder\pdf reader\node_modules\jest-circus\build\jestAdapterInit.js:853:7
          at _runTestsForDescribeBlock (C:\Users\arunk\Downloads\projects\New folder\pdf reader\node_modules\jest-circus\build\jestAdapterInit.js:866:11)
          at _runTestsForDescribeBlock (C:\Users\arunk\Downloads\projects\New folder\pdf reader\node_modules\jest-circus\build\jestAdapterInit.js:861:11)
          at run (C:\Users\arunk\Downloads\projects\New folder\pdf reader\node_modules\jest-circus\build\jestAdapterInit.js:765:3)
          at runAndTransformResultsToJestFormat (C:\Users\arunk\Downloads\projects\New folder\pdf reader\node_modules\jest-circus\build\jestAdapterInit.js:1993:21)
          at jestAdapter (C:\Users\arunk\Downloads\projects\New folder\pdf reader\node_modules\jest-circus\build\runner.js:111:19)
          at runTestInternal (C:\Users\arunk\Downloads\projects\New folder\pdf reader\node_modules\jest-runner\build\index.js:276:16)
          at runTest (C:\Users\arunk\Downloads\projects\New folder\pdf reader\node_modules\jest-runner\build\index.js:344:7)

      at StorageRepository.loadDocument (eval at <anonymous> (tests/user-profile.test.js:21:5), <anonymous>:707:15)
      at eval (eval at <anonymous> (tests/user-profile.test.js:21:5), <anonymous>:1188:19)

    console.warn
      [StorageRepository] Failed to load document from IndexedDB: ReferenceError: indexedDB is not defined
          at eval (eval at <anonymous> (C:\Users\arunk\Downloads\projects\New folder\pdf reader\tests\user-profile.test.js:21:5), <anonymous>:405:23)
          at new Promise (<anonymous>)
          at DatabaseManager.init (eval at <anonymous> (C:\Users\arunk\Downloads\projects\New folder\pdf reader\tests\user-profile.test.js:21:5), <anonymous>:404:24)
          at DatabaseManager.getDB (eval at <anonymous> (C:\Users\arunk\Downloads\projects\New folder\pdf reader\tests\user-profile.test.js:21:5), <anonymous>:440:17)
          at StorageRepository.migrateBackend (eval at <anonymous> (C:\Users\arunk\Downloads\projects\New folder\pdf reader\tests\user-profile.test.js:21:5), <anonymous>:837:39)
          at eval (eval at <anonymous> (C:\Users\arunk\Downloads\projects\New folder\pdf reader\tests\user-profile.test.js:21:5), <anonymous>:987:26)
          at Object.eval (C:\Users\arunk\Downloads\projects\New folder\pdf reader\tests\user-profile.test.js:21:5)
          at Promise.finally.completed (C:\Users\arunk\Downloads\projects\New folder\pdf reader\node_modules\jest-circus\build\jestAdapterInit.js:1561:28)
          at new Promise (<anonymous>)
          at callAsyncCircusFn (C:\Users\arunk\Downloads\projects\New folder\pdf reader\node_modules\jest-circus\build\jestAdapterInit.js:1501:10)
          at _callCircusHook (C:\Users\arunk\Downloads\projects\New folder\pdf reader\node_modules\jest-circus\build\jestAdapterInit.js:980:40)
          at _runTest (C:\Users\arunk\Downloads\projects\New folder\pdf reader\node_modules\jest-circus\build\jestAdapterInit.js:945:5)
          at C:\Users\arunk\Downloads\projects\New folder\pdf reader\node_modules\jest-circus\build\jestAdapterInit.js:853:7
          at _runTestsForDescribeBlock (C:\Users\arunk\Downloads\projects\New folder\pdf reader\node_modules\jest-circus\build\jestAdapterInit.js:866:11)
          at _runTestsForDescribeBlock (C:\Users\arunk\Downloads\projects\New folder\pdf reader\node_modules\jest-circus\build\jestAdapterInit.js:861:11)
          at run (C:\Users\arunk\Downloads\projects\New folder\pdf reader\node_modules\jest-circus\build\jestAdapterInit.js:765:3)
          at runAndTransformResultsToJestFormat (C:\Users\arunk\Downloads\projects\New folder\pdf reader\node_modules\jest-circus\build\jestAdapterInit.js:1993:21)
          at jestAdapter (C:\Users\arunk\Downloads\projects\New folder\pdf reader\node_modules\jest-circus\build\runner.js:111:19)
          at runTestInternal (C:\Users\arunk\Downloads\projects\New folder\pdf reader\node_modules\jest-runner\build\index.js:276:16)
          at runTest (C:\Users\arunk\Downloads\projects\New folder\pdf reader\node_modules\jest-runner\build\index.js:344:7)

      at StorageRepository.loadDocument (eval at <anonymous> (tests/user-profile.test.js:21:5), <anonymous>:707:15)
      at eval (eval at <anonymous> (tests/user-profile.test.js:21:5), <anonymous>:1188:19)

    console.warn
      [StorageRepository] Failed to load document from IndexedDB: ReferenceError: indexedDB is not defined
          at eval (eval at <anonymous> (C:\Users\arunk\Downloads\projects\New folder\pdf reader\tests\user-profile.test.js:21:5), <anonymous>:405:23)
          at new Promise (<anonymous>)
          at DatabaseManager.init (eval at <anonymous> (C:\Users\arunk\Downloads\projects\New folder\pdf reader\tests\user-profile.test.js:21:5), <anonymous>:404:24)
          at DatabaseManager.getDB (eval at <anonymous> (C:\Users\arunk\Downloads\projects\New folder\pdf reader\tests\user-profile.test.js:21:5), <anonymous>:440:17)
          at StorageRepository.migrateBackend (eval at <anonymous> (C:\Users\arunk\Downloads\projects\New folder\pdf reader\tests\user-profile.test.js:21:5), <anonymous>:837:39)
          at eval (eval at <anonymous> (C:\Users\arunk\Downloads\projects\New folder\pdf reader\tests\user-profile.test.js:21:5), <anonymous>:987:26)
          at Object.eval (C:\Users\arunk\Downloads\projects\New folder\pdf reader\tests\user-profile.test.js:21:5)
          at Promise.finally.completed (C:\Users\arunk\Downloads\projects\New folder\pdf reader\node_modules\jest-circus\build\jestAdapterInit.js:1561:28)
          at new Promise (<anonymous>)
          at callAsyncCircusFn (C:\Users\arunk\Downloads\projects\New folder\pdf reader\node_modules\jest-circus\build\jestAdapterInit.js:1501:10)
          at _callCircusHook (C:\Users\arunk\Downloads\projects\New folder\pdf reader\node_modules\jest-circus\build\jestAdapterInit.js:980:40)
          at _runTest (C:\Users\arunk\Downloads\projects\New folder\pdf reader\node_modules\jest-circus\build\jestAdapterInit.js:945:5)
          at C:\Users\arunk\Downloads\projects\New folder\pdf reader\node_modules\jest-circus\build\jestAdapterInit.js:853:7
          at _runTestsForDescribeBlock (C:\Users\arunk\Downloads\projects\New folder\pdf reader\node_modules\jest-circus\build\jestAdapterInit.js:866:11)
          at _runTestsForDescribeBlock (C:\Users\arunk\Downloads\projects\New folder\pdf reader\node_modules\jest-circus\build\jestAdapterInit.js:861:11)
          at run (C:\Users\arunk\Downloads\projects\New folder\pdf reader\node_modules\jest-circus\build\jestAdapterInit.js:765:3)
          at runAndTransformResultsToJestFormat (C:\Users\arunk\Downloads\projects\New folder\pdf reader\node_modules\jest-circus\build\jestAdapterInit.js:1993:21)
          at jestAdapter (C:\Users\arunk\Downloads\projects\New folder\pdf reader\node_modules\jest-circus\build\runner.js:111:19)
          at runTestInternal (C:\Users\arunk\Downloads\projects\New folder\pdf reader\node_modules\jest-runner\build\index.js:276:16)
          at runTest (C:\Users\arunk\Downloads\projects\New folder\pdf reader\node_modules\jest-runner\build\index.js:344:7)

      at StorageRepository.loadDocument (eval at <anonymous> (tests/user-profile.test.js:21:5), <anonymous>:707:15)
      at eval (eval at <anonymous> (tests/user-profile.test.js:21:5), <anonymous>:1188:19)

    console.warn
      [StorageRepository] Failed to load document from IndexedDB: ReferenceError: indexedDB is not defined
          at eval (eval at <anonymous> (C:\Users\arunk\Downloads\projects\New folder\pdf reader\tests\user-profile.test.js:21:5), <anonymous>:405:23)
          at new Promise (<anonymous>)
          at DatabaseManager.init (eval at <anonymous> (C:\Users\arunk\Downloads\projects\New folder\pdf reader\tests\user-profile.test.js:21:5), <anonymous>:404:24)
          at DatabaseManager.getDB (eval at <anonymous> (C:\Users\arunk\Downloads\projects\New folder\pdf reader\tests\user-profile.test.js:21:5), <anonymous>:440:17)
          at StorageRepository.migrateBackend (eval at <anonymous> (C:\Users\arunk\Downloads\projects\New folder\pdf reader\tests\user-profile.test.js:21:5), <anonymous>:837:39)
          at eval (eval at <anonymous> (C:\Users\arunk\Downloads\projects\New folder\pdf reader\tests\user-profile.test.js:21:5), <anonymous>:987:26)
          at Object.eval (C:\Users\arunk\Downloads\projects\New folder\pdf reader\tests\user-profile.test.js:21:5)
          at Promise.finally.completed (C:\Users\arunk\Downloads\projects\New folder\pdf reader\node_modules\jest-circus\build\jestAdapterInit.js:1561:28)
          at new Promise (<anonymous>)
          at callAsyncCircusFn (C:\Users\arunk\Downloads\projects\New folder\pdf reader\node_modules\jest-circus\build\jestAdapterInit.js:1501:10)
          at _callCircusHook (C:\Users\arunk\Downloads\projects\New folder\pdf reader\node_modules\jest-circus\build\jestAdapterInit.js:980:40)
          at _runTest (C:\Users\arunk\Downloads\projects\New folder\pdf reader\node_modules\jest-circus\build\jestAdapterInit.js:945:5)
          at C:\Users\arunk\Downloads\projects\New folder\pdf reader\node_modules\jest-circus\build\jestAdapterInit.js:853:7
          at _runTestsForDescribeBlock (C:\Users\arunk\Downloads\projects\New folder\pdf reader\node_modules\jest-circus\build\jestAdapterInit.js:866:11)
          at _runTestsForDescribeBlock (C:\Users\arunk\Downloads\projects\New folder\pdf reader\node_modules\jest-circus\build\jestAdapterInit.js:861:11)
          at run (C:\Users\arunk\Downloads\projects\New folder\pdf reader\node_modules\jest-circus\build\jestAdapterInit.js:765:3)
          at runAndTransformResultsToJestFormat (C:\Users\arunk\Downloads\projects\New folder\pdf reader\node_modules\jest-circus\build\jestAdapterInit.js:1993:21)
          at jestAdapter (C:\Users\arunk\Downloads\projects\New folder\pdf reader\node_modules\jest-circus\build\runner.js:111:19)
          at runTestInternal (C:\Users\arunk\Downloads\projects\New folder\pdf reader\node_modules\jest-runner\build\index.js:276:16)
          at runTest (C:\Users\arunk\Downloads\projects\New folder\pdf reader\node_modules\jest-runner\build\index.js:344:7)

      at StorageRepository.loadDocument (eval at <anonymous> (tests/user-profile.test.js:21:5), <anonymous>:707:15)
      at eval (eval at <anonymous> (tests/user-profile.test.js:21:5), <anonymous>:1188:19)

    console.warn
      [StorageRepository] Failed to load document from IndexedDB: ReferenceError: indexedDB is not defined
          at eval (eval at <anonymous> (C:\Users\arunk\Downloads\projects\New folder\pdf reader\tests\user-profile.test.js:21:5), <anonymous>:405:23)
          at new Promise (<anonymous>)
          at DatabaseManager.init (eval at <anonymous> (C:\Users\arunk\Downloads\projects\New folder\pdf reader\tests\user-profile.test.js:21:5), <anonymous>:404:24)
          at DatabaseManager.getDB (eval at <anonymous> (C:\Users\arunk\Downloads\projects\New folder\pdf reader\tests\user-profile.test.js:21:5), <anonymous>:440:17)
          at StorageRepository.migrateBackend (eval at <anonymous> (C:\Users\arunk\Downloads\projects\New folder\pdf reader\tests\user-profile.test.js:21:5), <anonymous>:837:39)
          at eval (eval at <anonymous> (C:\Users\arunk\Downloads\projects\New folder\pdf reader\tests\user-profile.test.js:21:5), <anonymous>:987:26)
          at Object.eval (C:\Users\arunk\Downloads\projects\New folder\pdf reader\tests\user-profile.test.js:21:5)
          at Promise.finally.completed (C:\Users\arunk\Downloads\projects\New folder\pdf reader\node_modules\jest-circus\build\jestAdapterInit.js:1561:28)
          at new Promise (<anonymous>)
          at callAsyncCircusFn (C:\Users\arunk\Downloads\projects\New folder\pdf reader\node_modules\jest-circus\build\jestAdapterInit.js:1501:10)
          at _callCircusHook (C:\Users\arunk\Downloads\projects\New folder\pdf reader\node_modules\jest-circus\build\jestAdapterInit.js:980:40)
          at _runTest (C:\Users\arunk\Downloads\projects\New folder\pdf reader\node_modules\jest-circus\build\jestAdapterInit.js:945:5)
          at C:\Users\arunk\Downloads\projects\New folder\pdf reader\node_modules\jest-circus\build\jestAdapterInit.js:853:7
          at _runTestsForDescribeBlock (C:\Users\arunk\Downloads\projects\New folder\pdf reader\node_modules\jest-circus\build\jestAdapterInit.js:866:11)
          at _runTestsForDescribeBlock (C:\Users\arunk\Downloads\projects\New folder\pdf reader\node_modules\jest-circus\build\jestAdapterInit.js:861:11)
          at run (C:\Users\arunk\Downloads\projects\New folder\pdf reader\node_modules\jest-circus\build\jestAdapterInit.js:765:3)
          at runAndTransformResultsToJestFormat (C:\Users\arunk\Downloads\projects\New folder\pdf reader\node_modules\jest-circus\build\jestAdapterInit.js:1993:21)
          at jestAdapter (C:\Users\arunk\Downloads\projects\New folder\pdf reader\node_modules\jest-circus\build\runner.js:111:19)
          at runTestInternal (C:\Users\arunk\Downloads\projects\New folder\pdf reader\node_modules\jest-runner\build\index.js:276:16)
          at runTest (C:\Users\arunk\Downloads\projects\New folder\pdf reader\node_modules\jest-runner\build\index.js:344:7)

      at StorageRepository.loadDocument (eval at <anonymous> (tests/user-profile.test.js:21:5), <anonymous>:707:15)
      at eval (eval at <anonymous> (tests/user-profile.test.js:21:5), <anonymous>:1188:19)

    console.warn
      [StorageRepository] Failed to load document from IndexedDB: ReferenceError: indexedDB is not defined
          at eval (eval at <anonymous> (C:\Users\arunk\Downloads\projects\New folder\pdf reader\tests\user-profile.test.js:21:5), <anonymous>:405:23)
          at new Promise (<anonymous>)
          at DatabaseManager.init (eval at <anonymous> (C:\Users\arunk\Downloads\projects\New folder\pdf reader\tests\user-profile.test.js:21:5), <anonymous>:404:24)
          at DatabaseManager.getDB (eval at <anonymous> (C:\Users\arunk\Downloads\projects\New folder\pdf reader\tests\user-profile.test.js:21:5), <anonymous>:440:17)
          at StorageRepository.migrateBackend (eval at <anonymous> (C:\Users\arunk\Downloads\projects\New folder\pdf reader\tests\user-profile.test.js:21:5), <anonymous>:837:39)
          at eval (eval at <anonymous> (C:\Users\arunk\Downloads\projects\New folder\pdf reader\tests\user-profile.test.js:21:5), <anonymous>:987:26)
          at Object.eval (C:\Users\arunk\Downloads\projects\New folder\pdf reader\tests\user-profile.test.js:21:5)
          at Promise.finally.completed (C:\Users\arunk\Downloads\projects\New folder\pdf reader\node_modules\jest-circus\build\jestAdapterInit.js:1561:28)
          at new Promise (<anonymous>)
          at callAsyncCircusFn (C:\Users\arunk\Downloads\projects\New folder\pdf reader\node_modules\jest-circus\build\jestAdapterInit.js:1501:10)
          at _callCircusHook (C:\Users\arunk\Downloads\projects\New folder\pdf reader\node_modules\jest-circus\build\jestAdapterInit.js:980:40)
          at _runTest (C:\Users\arunk\Downloads\projects\New folder\pdf reader\node_modules\jest-circus\build\jestAdapterInit.js:945:5)
          at C:\Users\arunk\Downloads\projects\New folder\pdf reader\node_modules\jest-circus\build\jestAdapterInit.js:853:7
          at _runTestsForDescribeBlock (C:\Users\arunk\Downloads\projects\New folder\pdf reader\node_modules\jest-circus\build\jestAdapterInit.js:866:11)
          at _runTestsForDescribeBlock (C:\Users\arunk\Downloads\projects\New folder\pdf reader\node_modules\jest-circus\build\jestAdapterInit.js:861:11)
          at run (C:\Users\arunk\Downloads\projects\New folder\pdf reader\node_modules\jest-circus\build\jestAdapterInit.js:765:3)
          at runAndTransformResultsToJestFormat (C:\Users\arunk\Downloads\projects\New folder\pdf reader\node_modules\jest-circus\build\jestAdapterInit.js:1993:21)
          at jestAdapter (C:\Users\arunk\Downloads\projects\New folder\pdf reader\node_modules\jest-circus\build\runner.js:111:19)
          at runTestInternal (C:\Users\arunk\Downloads\projects\New folder\pdf reader\node_modules\jest-runner\build\index.js:276:16)
          at runTest (C:\Users\arunk\Downloads\projects\New folder\pdf reader\node_modules\jest-runner\build\index.js:344:7)

      at StorageRepository.loadDocument (eval at <anonymous> (tests/user-profile.test.js:21:5), <anonymous>:707:15)
      at eval (eval at <anonymous> (tests/user-profile.test.js:21:5), <anonymous>:1188:19)

    console.warn
      [StorageRepository] Failed to load document from IndexedDB: ReferenceError: indexedDB is not defined
          at eval (eval at <anonymous> (C:\Users\arunk\Downloads\projects\New folder\pdf reader\tests\user-profile.test.js:21:5), <anonymous>:405:23)
          at new Promise (<anonymous>)
          at DatabaseManager.init (eval at <anonymous> (C:\Users\arunk\Downloads\projects\New folder\pdf reader\tests\user-profile.test.js:21:5), <anonymous>:404:24)
          at DatabaseManager.getDB (eval at <anonymous> (C:\Users\arunk\Downloads\projects\New folder\pdf reader\tests\user-profile.test.js:21:5), <anonymous>:440:17)
          at StorageRepository.migrateBackend (eval at <anonymous> (C:\Users\arunk\Downloads\projects\New folder\pdf reader\tests\user-profile.test.js:21:5), <anonymous>:837:39)
          at eval (eval at <anonymous> (C:\Users\arunk\Downloads\projects\New folder\pdf reader\tests\user-profile.test.js:21:5), <anonymous>:987:26)
          at Object.eval (C:\Users\arunk\Downloads\projects\New folder\pdf reader\tests\user-profile.test.js:21:5)
          at Promise.finally.completed (C:\Users\arunk\Downloads\projects\New folder\pdf reader\node_modules\jest-circus\build\jestAdapterInit.js:1561:28)
          at new Promise (<anonymous>)
          at callAsyncCircusFn (C:\Users\arunk\Downloads\projects\New folder\pdf reader\node_modules\jest-circus\build\jestAdapterInit.js:1501:10)
          at _callCircusHook (C:\Users\arunk\Downloads\projects\New folder\pdf reader\node_modules\jest-circus\build\jestAdapterInit.js:980:40)
          at _runTest (C:\Users\arunk\Downloads\projects\New folder\pdf reader\node_modules\jest-circus\build\jestAdapterInit.js:945:5)
          at C:\Users\arunk\Downloads\projects\New folder\pdf reader\node_modules\jest-circus\build\jestAdapterInit.js:853:7
          at _runTestsForDescribeBlock (C:\Users\arunk\Downloads\projects\New folder\pdf reader\node_modules\jest-circus\build\jestAdapterInit.js:866:11)
          at _runTestsForDescribeBlock (C:\Users\arunk\Downloads\projects\New folder\pdf reader\node_modules\jest-circus\build\jestAdapterInit.js:861:11)
          at run (C:\Users\arunk\Downloads\projects\New folder\pdf reader\node_modules\jest-circus\build\jestAdapterInit.js:765:3)
          at runAndTransformResultsToJestFormat (C:\Users\arunk\Downloads\projects\New folder\pdf reader\node_modules\jest-circus\build\jestAdapterInit.js:1993:21)
          at jestAdapter (C:\Users\arunk\Downloads\projects\New folder\pdf reader\node_modules\jest-circus\build\runner.js:111:19)
          at runTestInternal (C:\Users\arunk\Downloads\projects\New folder\pdf reader\node_modules\jest-runner\build\index.js:276:16)
          at runTest (C:\Users\arunk\Downloads\projects\New folder\pdf reader\node_modules\jest-runner\build\index.js:344:7)

      at StorageRepository.loadDocument (eval at <anonymous> (tests/user-profile.test.js:21:5), <anonymous>:707:15)
      at eval (eval at <anonymous> (tests/user-profile.test.js:21:5), <anonymous>:1188:19)

    console.log
      [AutoRestore] docData exists: false fileBlob exists: false

      at eval (eval at <anonymous> (tests/user-profile.test.js:21:5), <anonymous>:1189:11)

    console.warn
      [AutoRestore] Document blob missing (metadata-only cache). Restoring scroll state only.

      at eval (eval at <anonymous> (tests/user-profile.test.js:21:5), <anonymous>:1192:13)

    console.log
      [AutoRestore] docData exists: false fileBlob exists: false

      at eval (eval at <anonymous> (tests/user-profile.test.js:21:5), <anonymous>:1189:11)

    console.warn
      [AutoRestore] Document blob missing (metadata-only cache). Restoring scroll state only.

      at eval (eval at <anonymous> (tests/user-profile.test.js:21:5), <anonymous>:1192:13)

    console.log
      [AutoRestore] docData exists: false fileBlob exists: false

      at eval (eval at <anonymous> (tests/user-profile.test.js:21:5), <anonymous>:1189:11)

    console.warn
      [AutoRestore] Document blob missing (metadata-only cache). Restoring scroll state only.

      at eval (eval at <anonymous> (tests/user-profile.test.js:21:5), <anonymous>:1192:13)

    console.log
      [AutoRestore] docData exists: false fileBlob exists: false

      at eval (eval at <anonymous> (tests/user-profile.test.js:21:5), <anonymous>:1189:11)

    console.warn
      [AutoRestore] Document blob missing (metadata-only cache). Restoring scroll state only.

      at eval (eval at <anonymous> (tests/user-profile.test.js:21:5), <anonymous>:1192:13)

    console.log
      [AutoRestore] docData exists: false fileBlob exists: false

      at eval (eval at <anonymous> (tests/user-profile.test.js:21:5), <anonymous>:1189:11)

    console.warn
      [AutoRestore] Document blob missing (metadata-only cache). Restoring scroll state only.

      at eval (eval at <anonymous> (tests/user-profile.test.js:21:5), <anonymous>:1192:13)

    console.log
      [AutoRestore] docData exists: false fileBlob exists: false

      at eval (eval at <anonymous> (tests/user-profile.test.js:21:5), <anonymous>:1189:11)

    console.warn
      [AutoRestore] Document blob missing (metadata-only cache). Restoring scroll state only.

      at eval (eval at <anonymous> (tests/user-profile.test.js:21:5), <anonymous>:1192:13)

    console.log
      [AutoRestore] docData exists: false fileBlob exists: false

      at eval (eval at <anonymous> (tests/user-profile.test.js:21:5), <anonymous>:1189:11)

    console.warn
      [AutoRestore] Document blob missing (metadata-only cache). Restoring scroll state only.

      at eval (eval at <anonymous> (tests/user-profile.test.js:21:5), <anonymous>:1192:13)

    console.log
      [AutoRestore] docData exists: false fileBlob exists: false

      at eval (eval at <anonymous> (tests/user-profile.test.js:21:5), <anonymous>:1189:11)

    console.warn
      [AutoRestore] Document blob missing (metadata-only cache). Restoring scroll state only.

      at eval (eval at <anonymous> (tests/user-profile.test.js:21:5), <anonymous>:1192:13)

    console.warn
      Failed to migrate legacy document storage: ReferenceError: indexedDB is not defined
          at eval (eval at <anonymous> (C:\Users\arunk\Downloads\projects\New folder\pdf reader\tests\user-profile.test.js:21:5), <anonymous>:405:23)
          at new Promise (<anonymous>)
          at DatabaseManager.init (eval at <anonymous> (C:\Users\arunk\Downloads\projects\New folder\pdf reader\tests\user-profile.test.js:21:5), <anonymous>:404:24)
          at DatabaseManager.getDB (eval at <anonymous> (C:\Users\arunk\Downloads\projects\New folder\pdf reader\tests\user-profile.test.js:21:5), <anonymous>:440:17)
          at StorageRepository.migrateBackend (eval at <anonymous> (C:\Users\arunk\Downloads\projects\New folder\pdf reader\tests\user-profile.test.js:21:5), <anonymous>:837:39)
          at eval (eval at <anonymous> (C:\Users\arunk\Downloads\projects\New folder\pdf reader\tests\user-profile.test.js:21:5), <anonymous>:987:26)
          at Object.eval (C:\Users\arunk\Downloads\projects\New folder\pdf reader\tests\user-profile.test.js:21:5)
          at Promise.finally.completed (C:\Users\arunk\Downloads\projects\New folder\pdf reader\node_modules\jest-circus\build\jestAdapterInit.js:1561:28)
          at new Promise (<anonymous>)
          at callAsyncCircusFn (C:\Users\arunk\Downloads\projects\New folder\pdf reader\node_modules\jest-circus\build\jestAdapterInit.js:1501:10)
          at _callCircusHook (C:\Users\arunk\Downloads\projects\New folder\pdf reader\node_modules\jest-circus\build\jestAdapterInit.js:980:40)
          at _runTest (C:\Users\arunk\Downloads\projects\New folder\pdf reader\node_modules\jest-circus\build\jestAdapterInit.js:945:5)
          at C:\Users\arunk\Downloads\projects\New folder\pdf reader\node_modules\jest-circus\build\jestAdapterInit.js:853:7
          at _runTestsForDescribeBlock (C:\Users\arunk\Downloads\projects\New folder\pdf reader\node_modules\jest-circus\build\jestAdapterInit.js:866:11)
          at _runTestsForDescribeBlock (C:\Users\arunk\Downloads\projects\New folder\pdf reader\node_modules\jest-circus\build\jestAdapterInit.js:861:11)
          at run (C:\Users\arunk\Downloads\projects\New folder\pdf reader\node_modules\jest-circus\build\jestAdapterInit.js:765:3)
          at runAndTransformResultsToJestFormat (C:\Users\arunk\Downloads\projects\New folder\pdf reader\node_modules\jest-circus\build\jestAdapterInit.js:1993:21)
          at jestAdapter (C:\Users\arunk\Downloads\projects\New folder\pdf reader\node_modules\jest-circus\build\runner.js:111:19)
          at runTestInternal (C:\Users\arunk\Downloads\projects\New folder\pdf reader\node_modules\jest-runner\build\index.js:276:16)
          at runTest (C:\Users\arunk\Downloads\projects\New folder\pdf reader\node_modules\jest-runner\build\index.js:344:7)

      at StorageRepository.migrateBackend (eval at <anonymous> (tests/user-profile.test.js:21:5), <anonymous>:876:15)

    console.warn
      Failed to migrate legacy document storage: ReferenceError: indexedDB is not defined
          at eval (eval at <anonymous> (C:\Users\arunk\Downloads\projects\New folder\pdf reader\tests\user-profile.test.js:21:5), <anonymous>:405:23)
          at new Promise (<anonymous>)
          at DatabaseManager.init (eval at <anonymous> (C:\Users\arunk\Downloads\projects\New folder\pdf reader\tests\user-profile.test.js:21:5), <anonymous>:404:24)
          at DatabaseManager.getDB (eval at <anonymous> (C:\Users\arunk\Downloads\projects\New folder\pdf reader\tests\user-profile.test.js:21:5), <anonymous>:440:17)
          at StorageRepository.migrateBackend (eval at <anonymous> (C:\Users\arunk\Downloads\projects\New folder\pdf reader\tests\user-profile.test.js:21:5), <anonymous>:837:39)
          at eval (eval at <anonymous> (C:\Users\arunk\Downloads\projects\New folder\pdf reader\tests\user-profile.test.js:21:5), <anonymous>:987:26)
          at Object.eval (C:\Users\arunk\Downloads\projects\New folder\pdf reader\tests\user-profile.test.js:21:5)
          at Promise.finally.completed (C:\Users\arunk\Downloads\projects\New folder\pdf reader\node_modules\jest-circus\build\jestAdapterInit.js:1561:28)
          at new Promise (<anonymous>)
          at callAsyncCircusFn (C:\Users\arunk\Downloads\projects\New folder\pdf reader\node_modules\jest-circus\build\jestAdapterInit.js:1501:10)
          at _callCircusHook (C:\Users\arunk\Downloads\projects\New folder\pdf reader\node_modules\jest-circus\build\jestAdapterInit.js:980:40)
          at _runTest (C:\Users\arunk\Downloads\projects\New folder\pdf reader\node_modules\jest-circus\build\jestAdapterInit.js:945:5)
          at C:\Users\arunk\Downloads\projects\New folder\pdf reader\node_modules\jest-circus\build\jestAdapterInit.js:853:7
          at _runTestsForDescribeBlock (C:\Users\arunk\Downloads\projects\New folder\pdf reader\node_modules\jest-circus\build\jestAdapterInit.js:866:11)
          at _runTestsForDescribeBlock (C:\Users\arunk\Downloads\projects\New folder\pdf reader\node_modules\jest-circus\build\jestAdapterInit.js:861:11)
          at run (C:\Users\arunk\Downloads\projects\New folder\pdf reader\node_modules\jest-circus\build\jestAdapterInit.js:765:3)
          at runAndTransformResultsToJestFormat (C:\Users\arunk\Downloads\projects\New folder\pdf reader\node_modules\jest-circus\build\jestAdapterInit.js:1993:21)
          at jestAdapter (C:\Users\arunk\Downloads\projects\New folder\pdf reader\node_modules\jest-circus\build\runner.js:111:19)
          at runTestInternal (C:\Users\arunk\Downloads\projects\New folder\pdf reader\node_modules\jest-runner\build\index.js:276:16)
          at runTest (C:\Users\arunk\Downloads\projects\New folder\pdf reader\node_modules\jest-runner\build\index.js:344:7)

      at StorageRepository.migrateBackend (eval at <anonymous> (tests/user-profile.test.js:21:5), <anonymous>:876:15)

    console.warn
      Backend mock login failed: ReferenceError: fetch is not defined
          at window.saveUsernameProfile (eval at <anonymous> (C:\Users\arunk\Downloads\projects\New folder\pdf reader\tests\user-profile.test.js:34:5), <anonymous>:541:20)
          at Object.saveUsernameProfile (C:\Users\arunk\Downloads\projects\New folder\pdf reader\tests\user-profile.test.js:120:12)
          at Promise.finally.completed (C:\Users\arunk\Downloads\projects\New folder\pdf reader\node_modules\jest-circus\build\jestAdapterInit.js:1561:28)
          at new Promise (<anonymous>)
          at callAsyncCircusFn (C:\Users\arunk\Downloads\projects\New folder\pdf reader\node_modules\jest-circus\build\jestAdapterInit.js:1501:10)
          at _callCircusTest (C:\Users\arunk\Downloads\projects\New folder\pdf reader\node_modules\jest-circus\build\jestAdapterInit.js:1011:40)
          at _runTest (C:\Users\arunk\Downloads\projects\New folder\pdf reader\node_modules\jest-circus\build\jestAdapterInit.js:951:3)
          at C:\Users\arunk\Downloads\projects\New folder\pdf reader\node_modules\jest-circus\build\jestAdapterInit.js:853:7
          at _runTestsForDescribeBlock (C:\Users\arunk\Downloads\projects\New folder\pdf reader\node_modules\jest-circus\build\jestAdapterInit.js:866:11)
          at _runTestsForDescribeBlock (C:\Users\arunk\Downloads\projects\New folder\pdf reader\node_modules\jest-circus\build\jestAdapterInit.js:861:11)
          at run (C:\Users\arunk\Downloads\projects\New folder\pdf reader\node_modules\jest-circus\build\jestAdapterInit.js:765:3)
          at runAndTransformResultsToJestFormat (C:\Users\arunk\Downloads\projects\New folder\pdf reader\node_modules\jest-circus\build\jestAdapterInit.js:1993:21)
          at jestAdapter (C:\Users\arunk\Downloads\projects\New folder\pdf reader\node_modules\jest-circus\build\runner.js:111:19)
          at runTestInternal (C:\Users\arunk\Downloads\projects\New folder\pdf reader\node_modules\jest-runner\build\index.js:276:16)
          at runTest (C:\Users\arunk\Downloads\projects\New folder\pdf reader\node_modules\jest-runner\build\index.js:344:7)

      at window.saveUsernameProfile (eval at <anonymous> (tests/user-profile.test.js:34:5), <anonymous>:551:15)
      at Object.saveUsernameProfile (tests/user-profile.test.js:120:12)

    console.log
      [ProfileMigration] Migrating namespace from 'guest' to 'arunkumar'...

      at eval (eval at <anonymous> (tests/user-profile.test.js:21:5), <anonymous>:1064:17)
          at Array.forEach (<anonymous>)

    console.warn
      Failed to migrate legacy document storage: ReferenceError: indexedDB is not defined
          at eval (eval at <anonymous> (C:\Users\arunk\Downloads\projects\New folder\pdf reader\tests\user-profile.test.js:21:5), <anonymous>:405:23)
          at new Promise (<anonymous>)
          at DatabaseManager.init (eval at <anonymous> (C:\Users\arunk\Downloads\projects\New folder\pdf reader\tests\user-profile.test.js:21:5), <anonymous>:404:24)
          at DatabaseManager.getDB (eval at <anonymous> (C:\Users\arunk\Downloads\projects\New folder\pdf reader\tests\user-profile.test.js:21:5), <anonymous>:440:17)
          at StorageRepository.migrateBackend (eval at <anonymous> (C:\Users\arunk\Downloads\projects\New folder\pdf reader\tests\user-profile.test.js:21:5), <anonymous>:837:39)
          at eval (eval at <anonymous> (C:\Users\arunk\Downloads\projects\New folder\pdf reader\tests\user-profile.test.js:21:5), <anonymous>:987:26)
          at Object.eval (C:\Users\arunk\Downloads\projects\New folder\pdf reader\tests\user-profile.test.js:21:5)
          at Promise.finally.completed (C:\Users\arunk\Downloads\projects\New folder\pdf reader\node_modules\jest-circus\build\jestAdapterInit.js:1561:28)
          at new Promise (<anonymous>)
          at callAsyncCircusFn (C:\Users\arunk\Downloads\projects\New folder\pdf reader\node_modules\jest-circus\build\jestAdapterInit.js:1501:10)
          at _callCircusHook (C:\Users\arunk\Downloads\projects\New folder\pdf reader\node_modules\jest-circus\build\jestAdapterInit.js:980:40)
          at _runTest (C:\Users\arunk\Downloads\projects\New folder\pdf reader\node_modules\jest-circus\build\jestAdapterInit.js:945:5)
          at C:\Users\arunk\Downloads\projects\New folder\pdf reader\node_modules\jest-circus\build\jestAdapterInit.js:853:7
          at _runTestsForDescribeBlock (C:\Users\arunk\Downloads\projects\New folder\pdf reader\node_modules\jest-circus\build\jestAdapterInit.js:866:11)
          at _runTestsForDescribeBlock (C:\Users\arunk\Downloads\projects\New folder\pdf reader\node_modules\jest-circus\build\jestAdapterInit.js:861:11)
          at run (C:\Users\arunk\Downloads\projects\New folder\pdf reader\node_modules\jest-circus\build\jestAdapterInit.js:765:3)
          at runAndTransformResultsToJestFormat (C:\Users\arunk\Downloads\projects\New folder\pdf reader\node_modules\jest-circus\build\jestAdapterInit.js:1993:21)
          at jestAdapter (C:\Users\arunk\Downloads\projects\New folder\pdf reader\node_modules\jest-circus\build\runner.js:111:19)
          at runTestInternal (C:\Users\arunk\Downloads\projects\New folder\pdf reader\node_modules\jest-runner\build\index.js:276:16)
          at runTest (C:\Users\arunk\Downloads\projects\New folder\pdf reader\node_modules\jest-runner\build\index.js:344:7)

      at StorageRepository.migrateBackend (eval at <anonymous> (tests/user-profile.test.js:21:5), <anonymous>:876:15)

    console.warn
      Failed to migrate legacy document storage: ReferenceError: indexedDB is not defined
          at eval (eval at <anonymous> (C:\Users\arunk\Downloads\projects\New folder\pdf reader\tests\user-profile.test.js:21:5), <anonymous>:405:23)
          at new Promise (<anonymous>)
          at DatabaseManager.init (eval at <anonymous> (C:\Users\arunk\Downloads\projects\New folder\pdf reader\tests\user-profile.test.js:21:5), <anonymous>:404:24)
          at DatabaseManager.getDB (eval at <anonymous> (C:\Users\arunk\Downloads\projects\New folder\pdf reader\tests\user-profile.test.js:21:5), <anonymous>:440:17)
          at StorageRepository.migrateBackend (eval at <anonymous> (C:\Users\arunk\Downloads\projects\New folder\pdf reader\tests\user-profile.test.js:21:5), <anonymous>:837:39)
          at eval (eval at <anonymous> (C:\Users\arunk\Downloads\projects\New folder\pdf reader\tests\user-profile.test.js:21:5), <anonymous>:987:26)
          at Object.eval (C:\Users\arunk\Downloads\projects\New folder\pdf reader\tests\user-profile.test.js:21:5)
          at Promise.finally.completed (C:\Users\arunk\Downloads\projects\New folder\pdf reader\node_modules\jest-circus\build\jestAdapterInit.js:1561:28)
          at new Promise (<anonymous>)
          at callAsyncCircusFn (C:\Users\arunk\Downloads\projects\New folder\pdf reader\node_modules\jest-circus\build\jestAdapterInit.js:1501:10)
          at _callCircusHook (C:\Users\arunk\Downloads\projects\New folder\pdf reader\node_modules\jest-circus\build\jestAdapterInit.js:980:40)
          at _runTest (C:\Users\arunk\Downloads\projects\New folder\pdf reader\node_modules\jest-circus\build\jestAdapterInit.js:945:5)
          at C:\Users\arunk\Downloads\projects\New folder\pdf reader\node_modules\jest-circus\build\jestAdapterInit.js:853:7
          at _runTestsForDescribeBlock (C:\Users\arunk\Downloads\projects\New folder\pdf reader\node_modules\jest-circus\build\jestAdapterInit.js:866:11)
          at _runTestsForDescribeBlock (C:\Users\arunk\Downloads\projects\New folder\pdf reader\node_modules\jest-circus\build\jestAdapterInit.js:861:11)
          at run (C:\Users\arunk\Downloads\projects\New folder\pdf reader\node_modules\jest-circus\build\jestAdapterInit.js:765:3)
          at runAndTransformResultsToJestFormat (C:\Users\arunk\Downloads\projects\New folder\pdf reader\node_modules\jest-circus\build\jestAdapterInit.js:1993:21)
          at jestAdapter (C:\Users\arunk\Downloads\projects\New folder\pdf reader\node_modules\jest-circus\build\runner.js:111:19)
          at runTestInternal (C:\Users\arunk\Downloads\projects\New folder\pdf reader\node_modules\jest-runner\build\index.js:276:16)
          at runTest (C:\Users\arunk\Downloads\projects\New folder\pdf reader\node_modules\jest-runner\build\index.js:344:7)

      at StorageRepository.migrateBackend (eval at <anonymous> (tests/user-profile.test.js:21:5), <anonymous>:876:15)

    console.warn
      Failed to migrate legacy document storage: ReferenceError: indexedDB is not defined
          at eval (eval at <anonymous> (C:\Users\arunk\Downloads\projects\New folder\pdf reader\tests\user-profile.test.js:21:5), <anonymous>:405:23)
          at new Promise (<anonymous>)
          at DatabaseManager.init (eval at <anonymous> (C:\Users\arunk\Downloads\projects\New folder\pdf reader\tests\user-profile.test.js:21:5), <anonymous>:404:24)
          at DatabaseManager.getDB (eval at <anonymous> (C:\Users\arunk\Downloads\projects\New folder\pdf reader\tests\user-profile.test.js:21:5), <anonymous>:440:17)
          at StorageRepository.migrateBackend (eval at <anonymous> (C:\Users\arunk\Downloads\projects\New folder\pdf reader\tests\user-profile.test.js:21:5), <anonymous>:837:39)
          at eval (eval at <anonymous> (C:\Users\arunk\Downloads\projects\New folder\pdf reader\tests\user-profile.test.js:21:5), <anonymous>:987:26)
          at Object.eval (C:\Users\arunk\Downloads\projects\New folder\pdf reader\tests\user-profile.test.js:21:5)
          at Promise.finally.completed (C:\Users\arunk\Downloads\projects\New folder\pdf reader\node_modules\jest-circus\build\jestAdapterInit.js:1561:28)
          at new Promise (<anonymous>)
          at callAsyncCircusFn (C:\Users\arunk\Downloads\projects\New folder\pdf reader\node_modules\jest-circus\build\jestAdapterInit.js:1501:10)
          at _callCircusHook (C:\Users\arunk\Downloads\projects\New folder\pdf reader\node_modules\jest-circus\build\jestAdapterInit.js:980:40)
          at _runTest (C:\Users\arunk\Downloads\projects\New folder\pdf reader\node_modules\jest-circus\build\jestAdapterInit.js:945:5)
          at C:\Users\arunk\Downloads\projects\New folder\pdf reader\node_modules\jest-circus\build\jestAdapterInit.js:853:7
          at _runTestsForDescribeBlock (C:\Users\arunk\Downloads\projects\New folder\pdf reader\node_modules\jest-circus\build\jestAdapterInit.js:866:11)
          at _runTestsForDescribeBlock (C:\Users\arunk\Downloads\projects\New folder\pdf reader\node_modules\jest-circus\build\jestAdapterInit.js:861:11)
          at run (C:\Users\arunk\Downloads\projects\New folder\pdf reader\node_modules\jest-circus\build\jestAdapterInit.js:765:3)
          at runAndTransformResultsToJestFormat (C:\Users\arunk\Downloads\projects\New folder\pdf reader\node_modules\jest-circus\build\jestAdapterInit.js:1993:21)
          at jestAdapter (C:\Users\arunk\Downloads\projects\New folder\pdf reader\node_modules\jest-circus\build\runner.js:111:19)
          at runTestInternal (C:\Users\arunk\Downloads\projects\New folder\pdf reader\node_modules\jest-runner\build\index.js:276:16)
          at runTest (C:\Users\arunk\Downloads\projects\New folder\pdf reader\node_modules\jest-runner\build\index.js:344:7)

      at StorageRepository.migrateBackend (eval at <anonymous> (tests/user-profile.test.js:21:5), <anonymous>:876:15)

    console.warn
      Backend mock login failed: ReferenceError: fetch is not defined
          at window.saveUsernameProfile (eval at <anonymous> (C:\Users\arunk\Downloads\projects\New folder\pdf reader\tests\user-profile.test.js:34:5), <anonymous>:541:20)
          at Object.saveUsernameProfile (C:\Users\arunk\Downloads\projects\New folder\pdf reader\tests\user-profile.test.js:146:12)
          at Promise.finally.completed (C:\Users\arunk\Downloads\projects\New folder\pdf reader\node_modules\jest-circus\build\jestAdapterInit.js:1561:28)
          at new Promise (<anonymous>)
          at callAsyncCircusFn (C:\Users\arunk\Downloads\projects\New folder\pdf reader\node_modules\jest-circus\build\jestAdapterInit.js:1501:10)
          at _callCircusTest (C:\Users\arunk\Downloads\projects\New folder\pdf reader\node_modules\jest-circus\build\jestAdapterInit.js:1011:40)
          at _runTest (C:\Users\arunk\Downloads\projects\New folder\pdf reader\node_modules\jest-circus\build\jestAdapterInit.js:951:3)
          at C:\Users\arunk\Downloads\projects\New folder\pdf reader\node_modules\jest-circus\build\jestAdapterInit.js:853:7
          at _runTestsForDescribeBlock (C:\Users\arunk\Downloads\projects\New folder\pdf reader\node_modules\jest-circus\build\jestAdapterInit.js:866:11)
          at _runTestsForDescribeBlock (C:\Users\arunk\Downloads\projects\New folder\pdf reader\node_modules\jest-circus\build\jestAdapterInit.js:861:11)
          at run (C:\Users\arunk\Downloads\projects\New folder\pdf reader\node_modules\jest-circus\build\jestAdapterInit.js:765:3)
          at runAndTransformResultsToJestFormat (C:\Users\arunk\Downloads\projects\New folder\pdf reader\node_modules\jest-circus\build\jestAdapterInit.js:1993:21)
          at jestAdapter (C:\Users\arunk\Downloads\projects\New folder\pdf reader\node_modules\jest-circus\build\runner.js:111:19)
          at runTestInternal (C:\Users\arunk\Downloads\projects\New folder\pdf reader\node_modules\jest-runner\build\index.js:276:16)
          at runTest (C:\Users\arunk\Downloads\projects\New folder\pdf reader\node_modules\jest-runner\build\index.js:344:7)

      at window.saveUsernameProfile (eval at <anonymous> (tests/user-profile.test.js:34:5), <anonymous>:551:15)
      at Object.saveUsernameProfile (tests/user-profile.test.js:146:12)

    console.log
      [ProfileMigration] Migrating namespace from 'guest' to 'john_doe'...

      at eval (eval at <anonymous> (tests/user-profile.test.js:21:5), <anonymous>:1064:17)
          at Array.forEach (<anonymous>)

    console.warn
      Failed to migrate legacy document storage: ReferenceError: indexedDB is not defined
          at eval (eval at <anonymous> (C:\Users\arunk\Downloads\projects\New folder\pdf reader\tests\user-profile.test.js:21:5), <anonymous>:405:23)
          at new Promise (<anonymous>)
          at DatabaseManager.init (eval at <anonymous> (C:\Users\arunk\Downloads\projects\New folder\pdf reader\tests\user-profile.test.js:21:5), <anonymous>:404:24)
          at DatabaseManager.getDB (eval at <anonymous> (C:\Users\arunk\Downloads\projects\New folder\pdf reader\tests\user-profile.test.js:21:5), <anonymous>:440:17)
          at StorageRepository.migrateBackend (eval at <anonymous> (C:\Users\arunk\Downloads\projects\New folder\pdf reader\tests\user-profile.test.js:21:5), <anonymous>:837:39)
          at eval (eval at <anonymous> (C:\Users\arunk\Downloads\projects\New folder\pdf reader\tests\user-profile.test.js:21:5), <anonymous>:987:26)
          at Object.eval (C:\Users\arunk\Downloads\projects\New folder\pdf reader\tests\user-profile.test.js:21:5)
          at Promise.finally.completed (C:\Users\arunk\Downloads\projects\New folder\pdf reader\node_modules\jest-circus\build\jestAdapterInit.js:1561:28)
          at new Promise (<anonymous>)
          at callAsyncCircusFn (C:\Users\arunk\Downloads\projects\New folder\pdf reader\node_modules\jest-circus\build\jestAdapterInit.js:1501:10)
          at _callCircusHook (C:\Users\arunk\Downloads\projects\New folder\pdf reader\node_modules\jest-circus\build\jestAdapterInit.js:980:40)
          at _runTest (C:\Users\arunk\Downloads\projects\New folder\pdf reader\node_modules\jest-circus\build\jestAdapterInit.js:945:5)
          at C:\Users\arunk\Downloads\projects\New folder\pdf reader\node_modules\jest-circus\build\jestAdapterInit.js:853:7
          at _runTestsForDescribeBlock (C:\Users\arunk\Downloads\projects\New folder\pdf reader\node_modules\jest-circus\build\jestAdapterInit.js:866:11)
          at _runTestsForDescribeBlock (C:\Users\arunk\Downloads\projects\New folder\pdf reader\node_modules\jest-circus\build\jestAdapterInit.js:861:11)
          at run (C:\Users\arunk\Downloads\projects\New folder\pdf reader\node_modules\jest-circus\build\jestAdapterInit.js:765:3)
          at runAndTransformResultsToJestFormat (C:\Users\arunk\Downloads\projects\New folder\pdf reader\node_modules\jest-circus\build\jestAdapterInit.js:1993:21)
          at jestAdapter (C:\Users\arunk\Downloads\projects\New folder\pdf reader\node_modules\jest-circus\build\runner.js:111:19)
          at runTestInternal (C:\Users\arunk\Downloads\projects\New folder\pdf reader\node_modules\jest-runner\build\index.js:276:16)
          at runTest (C:\Users\arunk\Downloads\projects\New folder\pdf reader\node_modules\jest-runner\build\index.js:344:7)

      at StorageRepository.migrateBackend (eval at <anonymous> (tests/user-profile.test.js:21:5), <anonymous>:876:15)

    console.warn
      Failed to migrate legacy document storage: ReferenceError: indexedDB is not defined
          at eval (eval at <anonymous> (C:\Users\arunk\Downloads\projects\New folder\pdf reader\tests\user-profile.test.js:21:5), <anonymous>:405:23)
          at new Promise (<anonymous>)
          at DatabaseManager.init (eval at <anonymous> (C:\Users\arunk\Downloads\projects\New folder\pdf reader\tests\user-profile.test.js:21:5), <anonymous>:404:24)
          at DatabaseManager.getDB (eval at <anonymous> (C:\Users\arunk\Downloads\projects\New folder\pdf reader\tests\user-profile.test.js:21:5), <anonymous>:440:17)
          at StorageRepository.migrateBackend (eval at <anonymous> (C:\Users\arunk\Downloads\projects\New folder\pdf reader\tests\user-profile.test.js:21:5), <anonymous>:837:39)
          at eval (eval at <anonymous> (C:\Users\arunk\Downloads\projects\New folder\pdf reader\tests\user-profile.test.js:21:5), <anonymous>:987:26)
          at Object.eval (C:\Users\arunk\Downloads\projects\New folder\pdf reader\tests\user-profile.test.js:21:5)
          at Promise.finally.completed (C:\Users\arunk\Downloads\projects\New folder\pdf reader\node_modules\jest-circus\build\jestAdapterInit.js:1561:28)
          at new Promise (<anonymous>)
          at callAsyncCircusFn (C:\Users\arunk\Downloads\projects\New folder\pdf reader\node_modules\jest-circus\build\jestAdapterInit.js:1501:10)
          at _callCircusHook (C:\Users\arunk\Downloads\projects\New folder\pdf reader\node_modules\jest-circus\build\jestAdapterInit.js:980:40)
          at _runTest (C:\Users\arunk\Downloads\projects\New folder\pdf reader\node_modules\jest-circus\build\jestAdapterInit.js:945:5)
          at C:\Users\arunk\Downloads\projects\New folder\pdf reader\node_modules\jest-circus\build\jestAdapterInit.js:853:7
          at _runTestsForDescribeBlock (C:\Users\arunk\Downloads\projects\New folder\pdf reader\node_modules\jest-circus\build\jestAdapterInit.js:866:11)
          at _runTestsForDescribeBlock (C:\Users\arunk\Downloads\projects\New folder\pdf reader\node_modules\jest-circus\build\jestAdapterInit.js:861:11)
          at run (C:\Users\arunk\Downloads\projects\New folder\pdf reader\node_modules\jest-circus\build\jestAdapterInit.js:765:3)
          at runAndTransformResultsToJestFormat (C:\Users\arunk\Downloads\projects\New folder\pdf reader\node_modules\jest-circus\build\jestAdapterInit.js:1993:21)
          at jestAdapter (C:\Users\arunk\Downloads\projects\New folder\pdf reader\node_modules\jest-circus\build\runner.js:111:19)
          at runTestInternal (C:\Users\arunk\Downloads\projects\New folder\pdf reader\node_modules\jest-runner\build\index.js:276:16)
          at runTest (C:\Users\arunk\Downloads\projects\New folder\pdf reader\node_modules\jest-runner\build\index.js:344:7)

      at StorageRepository.migrateBackend (eval at <anonymous> (tests/user-profile.test.js:21:5), <anonymous>:876:15)

    console.warn
      Failed to migrate legacy document storage: ReferenceError: indexedDB is not defined
          at eval (eval at <anonymous> (C:\Users\arunk\Downloads\projects\New folder\pdf reader\tests\user-profile.test.js:21:5), <anonymous>:405:23)
          at new Promise (<anonymous>)
          at DatabaseManager.init (eval at <anonymous> (C:\Users\arunk\Downloads\projects\New folder\pdf reader\tests\user-profile.test.js:21:5), <anonymous>:404:24)
          at DatabaseManager.getDB (eval at <anonymous> (C:\Users\arunk\Downloads\projects\New folder\pdf reader\tests\user-profile.test.js:21:5), <anonymous>:440:17)
          at StorageRepository.migrateBackend (eval at <anonymous> (C:\Users\arunk\Downloads\projects\New folder\pdf reader\tests\user-profile.test.js:21:5), <anonymous>:837:39)
          at eval (eval at <anonymous> (C:\Users\arunk\Downloads\projects\New folder\pdf reader\tests\user-profile.test.js:21:5), <anonymous>:987:26)
          at Object.eval (C:\Users\arunk\Downloads\projects\New folder\pdf reader\tests\user-profile.test.js:21:5)
          at Promise.finally.completed (C:\Users\arunk\Downloads\projects\New folder\pdf reader\node_modules\jest-circus\build\jestAdapterInit.js:1561:28)
          at new Promise (<anonymous>)
          at callAsyncCircusFn (C:\Users\arunk\Downloads\projects\New folder\pdf reader\node_modules\jest-circus\build\jestAdapterInit.js:1501:10)
          at _callCircusHook (C:\Users\arunk\Downloads\projects\New folder\pdf reader\node_modules\jest-circus\build\jestAdapterInit.js:980:40)
          at _runTest (C:\Users\arunk\Downloads\projects\New folder\pdf reader\node_modules\jest-circus\build\jestAdapterInit.js:945:5)
          at C:\Users\arunk\Downloads\projects\New folder\pdf reader\node_modules\jest-circus\build\jestAdapterInit.js:853:7
          at _runTestsForDescribeBlock (C:\Users\arunk\Downloads\projects\New folder\pdf reader\node_modules\jest-circus\build\jestAdapterInit.js:866:11)
          at _runTestsForDescribeBlock (C:\Users\arunk\Downloads\projects\New folder\pdf reader\node_modules\jest-circus\build\jestAdapterInit.js:861:11)
          at run (C:\Users\arunk\Downloads\projects\New folder\pdf reader\node_modules\jest-circus\build\jestAdapterInit.js:765:3)
          at runAndTransformResultsToJestFormat (C:\Users\arunk\Downloads\projects\New folder\pdf reader\node_modules\jest-circus\build\jestAdapterInit.js:1993:21)
          at jestAdapter (C:\Users\arunk\Downloads\projects\New folder\pdf reader\node_modules\jest-circus\build\runner.js:111:19)
          at runTestInternal (C:\Users\arunk\Downloads\projects\New folder\pdf reader\node_modules\jest-runner\build\index.js:276:16)
          at runTest (C:\Users\arunk\Downloads\projects\New folder\pdf reader\node_modules\jest-runner\build\index.js:344:7)

      at StorageRepository.migrateBackend (eval at <anonymous> (tests/user-profile.test.js:21:5), <anonymous>:876:15)

    console.warn
      Failed to migrate legacy document storage: ReferenceError: indexedDB is not defined
          at eval (eval at <anonymous> (C:\Users\arunk\Downloads\projects\New folder\pdf reader\tests\user-profile.test.js:21:5), <anonymous>:405:23)
          at new Promise (<anonymous>)
          at DatabaseManager.init (eval at <anonymous> (C:\Users\arunk\Downloads\projects\New folder\pdf reader\tests\user-profile.test.js:21:5), <anonymous>:404:24)
          at DatabaseManager.getDB (eval at <anonymous> (C:\Users\arunk\Downloads\projects\New folder\pdf reader\tests\user-profile.test.js:21:5), <anonymous>:440:17)
          at StorageRepository.migrateBackend (eval at <anonymous> (C:\Users\arunk\Downloads\projects\New folder\pdf reader\tests\user-profile.test.js:21:5), <anonymous>:837:39)
          at eval (eval at <anonymous> (C:\Users\arunk\Downloads\projects\New folder\pdf reader\tests\user-profile.test.js:21:5), <anonymous>:987:26)
          at Object.eval (C:\Users\arunk\Downloads\projects\New folder\pdf reader\tests\user-profile.test.js:21:5)
          at Promise.finally.completed (C:\Users\arunk\Downloads\projects\New folder\pdf reader\node_modules\jest-circus\build\jestAdapterInit.js:1561:28)
          at new Promise (<anonymous>)
          at callAsyncCircusFn (C:\Users\arunk\Downloads\projects\New folder\pdf reader\node_modules\jest-circus\build\jestAdapterInit.js:1501:10)
          at _callCircusHook (C:\Users\arunk\Downloads\projects\New folder\pdf reader\node_modules\jest-circus\build\jestAdapterInit.js:980:40)
          at _runTest (C:\Users\arunk\Downloads\projects\New folder\pdf reader\node_modules\jest-circus\build\jestAdapterInit.js:945:5)
          at C:\Users\arunk\Downloads\projects\New folder\pdf reader\node_modules\jest-circus\build\jestAdapterInit.js:853:7
          at _runTestsForDescribeBlock (C:\Users\arunk\Downloads\projects\New folder\pdf reader\node_modules\jest-circus\build\jestAdapterInit.js:866:11)
          at _runTestsForDescribeBlock (C:\Users\arunk\Downloads\projects\New folder\pdf reader\node_modules\jest-circus\build\jestAdapterInit.js:861:11)
          at run (C:\Users\arunk\Downloads\projects\New folder\pdf reader\node_modules\jest-circus\build\jestAdapterInit.js:765:3)
          at runAndTransformResultsToJestFormat (C:\Users\arunk\Downloads\projects\New folder\pdf reader\node_modules\jest-circus\build\jestAdapterInit.js:1993:21)
          at jestAdapter (C:\Users\arunk\Downloads\projects\New folder\pdf reader\node_modules\jest-circus\build\runner.js:111:19)
          at runTestInternal (C:\Users\arunk\Downloads\projects\New folder\pdf reader\node_modules\jest-runner\build\index.js:276:16)
          at runTest (C:\Users\arunk\Downloads\projects\New folder\pdf reader\node_modules\jest-runner\build\index.js:344:7)

      at StorageRepository.migrateBackend (eval at <anonymous> (tests/user-profile.test.js:21:5), <anonymous>:876:15)

    console.warn
      Failed to migrate legacy document storage: ReferenceError: indexedDB is not defined
          at eval (eval at <anonymous> (C:\Users\arunk\Downloads\projects\New folder\pdf reader\tests\user-profile.test.js:21:5), <anonymous>:405:23)
          at new Promise (<anonymous>)
          at DatabaseManager.init (eval at <anonymous> (C:\Users\arunk\Downloads\projects\New folder\pdf reader\tests\user-profile.test.js:21:5), <anonymous>:404:24)
          at DatabaseManager.getDB (eval at <anonymous> (C:\Users\arunk\Downloads\projects\New folder\pdf reader\tests\user-profile.test.js:21:5), <anonymous>:440:17)
          at StorageRepository.migrateBackend (eval at <anonymous> (C:\Users\arunk\Downloads\projects\New folder\pdf reader\tests\user-profile.test.js:21:5), <anonymous>:837:39)
          at eval (eval at <anonymous> (C:\Users\arunk\Downloads\projects\New folder\pdf reader\tests\user-profile.test.js:21:5), <anonymous>:987:26)
          at Object.eval (C:\Users\arunk\Downloads\projects\New folder\pdf reader\tests\user-profile.test.js:21:5)
          at Promise.finally.completed (C:\Users\arunk\Downloads\projects\New folder\pdf reader\node_modules\jest-circus\build\jestAdapterInit.js:1561:28)
          at new Promise (<anonymous>)
          at callAsyncCircusFn (C:\Users\arunk\Downloads\projects\New folder\pdf reader\node_modules\jest-circus\build\jestAdapterInit.js:1501:10)
          at _callCircusHook (C:\Users\arunk\Downloads\projects\New folder\pdf reader\node_modules\jest-circus\build\jestAdapterInit.js:980:40)
          at _runTest (C:\Users\arunk\Downloads\projects\New folder\pdf reader\node_modules\jest-circus\build\jestAdapterInit.js:945:5)
          at C:\Users\arunk\Downloads\projects\New folder\pdf reader\node_modules\jest-circus\build\jestAdapterInit.js:853:7
          at _runTestsForDescribeBlock (C:\Users\arunk\Downloads\projects\New folder\pdf reader\node_modules\jest-circus\build\jestAdapterInit.js:866:11)
          at _runTestsForDescribeBlock (C:\Users\arunk\Downloads\projects\New folder\pdf reader\node_modules\jest-circus\build\jestAdapterInit.js:861:11)
          at _runTestsForDescribeBlock (C:\Users\arunk\Downloads\projects\New folder\pdf reader\node_modules\jest-circus\build\jestAdapterInit.js:861:11)
          at run (C:\Users\arunk\Downloads\projects\New folder\pdf reader\node_modules\jest-circus\build\jestAdapterInit.js:765:3)
          at runAndTransformResultsToJestFormat (C:\Users\arunk\Downloads\projects\New folder\pdf reader\node_modules\jest-circus\build\jestAdapterInit.js:1993:21)
          at jestAdapter (C:\Users\arunk\Downloads\projects\New folder\pdf reader\node_modules\jest-circus\build\runner.js:111:19)
          at runTestInternal (C:\Users\arunk\Downloads\projects\New folder\pdf reader\node_modules\jest-runner\build\index.js:276:16)
          at runTest (C:\Users\arunk\Downloads\projects\New folder\pdf reader\node_modules\jest-runner\build\index.js:344:7)

      at StorageRepository.migrateBackend (eval at <anonymous> (tests/user-profile.test.js:21:5), <anonymous>:876:15)

    console.warn
      Failed to migrate legacy document storage: ReferenceError: indexedDB is not defined
          at eval (eval at <anonymous> (C:\Users\arunk\Downloads\projects\New folder\pdf reader\tests\user-profile.test.js:21:5), <anonymous>:405:23)
          at new Promise (<anonymous>)
          at DatabaseManager.init (eval at <anonymous> (C:\Users\arunk\Downloads\projects\New folder\pdf reader\tests\user-profile.test.js:21:5), <anonymous>:404:24)
          at DatabaseManager.getDB (eval at <anonymous> (C:\Users\arunk\Downloads\projects\New folder\pdf reader\tests\user-profile.test.js:21:5), <anonymous>:440:17)
          at StorageRepository.migrateBackend (eval at <anonymous> (C:\Users\arunk\Downloads\projects\New folder\pdf reader\tests\user-profile.test.js:21:5), <anonymous>:837:39)
          at eval (eval at <anonymous> (C:\Users\arunk\Downloads\projects\New folder\pdf reader\tests\user-profile.test.js:21:5), <anonymous>:987:26)
          at Object.eval (C:\Users\arunk\Downloads\projects\New folder\pdf reader\tests\user-profile.test.js:21:5)
          at Promise.finally.completed (C:\Users\arunk\Downloads\projects\New folder\pdf reader\node_modules\jest-circus\build\jestAdapterInit.js:1561:28)
          at new Promise (<anonymous>)
          at callAsyncCircusFn (C:\Users\arunk\Downloads\projects\New folder\pdf reader\node_modules\jest-circus\build\jestAdapterInit.js:1501:10)
          at _callCircusHook (C:\Users\arunk\Downloads\projects\New folder\pdf reader\node_modules\jest-circus\build\jestAdapterInit.js:980:40)
          at _runTest (C:\Users\arunk\Downloads\projects\New folder\pdf reader\node_modules\jest-circus\build\jestAdapterInit.js:945:5)
          at C:\Users\arunk\Downloads\projects\New folder\pdf reader\node_modules\jest-circus\build\jestAdapterInit.js:853:7
          at _runTestsForDescribeBlock (C:\Users\arunk\Downloads\projects\New folder\pdf reader\node_modules\jest-circus\build\jestAdapterInit.js:866:11)
          at _runTestsForDescribeBlock (C:\Users\arunk\Downloads\projects\New folder\pdf reader\node_modules\jest-circus\build\jestAdapterInit.js:861:11)
          at _runTestsForDescribeBlock (C:\Users\arunk\Downloads\projects\New folder\pdf reader\node_modules\jest-circus\build\jestAdapterInit.js:861:11)
          at run (C:\Users\arunk\Downloads\projects\New folder\pdf reader\node_modules\jest-circus\build\jestAdapterInit.js:765:3)
          at runAndTransformResultsToJestFormat (C:\Users\arunk\Downloads\projects\New folder\pdf reader\node_modules\jest-circus\build\jestAdapterInit.js:1993:21)
          at jestAdapter (C:\Users\arunk\Downloads\projects\New folder\pdf reader\node_modules\jest-circus\build\runner.js:111:19)
          at runTestInternal (C:\Users\arunk\Downloads\projects\New folder\pdf reader\node_modules\jest-runner\build\index.js:276:16)
          at runTest (C:\Users\arunk\Downloads\projects\New folder\pdf reader\node_modules\jest-runner\build\index.js:344:7)

      at StorageRepository.migrateBackend (eval at <anonymous> (tests/user-profile.test.js:21:5), <anonymous>:876:15)

    console.warn
      Failed to migrate legacy document storage: ReferenceError: indexedDB is not defined
          at eval (eval at <anonymous> (C:\Users\arunk\Downloads\projects\New folder\pdf reader\tests\user-profile.test.js:21:5), <anonymous>:405:23)
          at new Promise (<anonymous>)
          at DatabaseManager.init (eval at <anonymous> (C:\Users\arunk\Downloads\projects\New folder\pdf reader\tests\user-profile.test.js:21:5), <anonymous>:404:24)
          at DatabaseManager.getDB (eval at <anonymous> (C:\Users\arunk\Downloads\projects\New folder\pdf reader\tests\user-profile.test.js:21:5), <anonymous>:440:17)
          at StorageRepository.migrateBackend (eval at <anonymous> (C:\Users\arunk\Downloads\projects\New folder\pdf reader\tests\user-profile.test.js:21:5), <anonymous>:837:39)
          at eval (eval at <anonymous> (C:\Users\arunk\Downloads\projects\New folder\pdf reader\tests\user-profile.test.js:21:5), <anonymous>:987:26)
          at Object.eval (C:\Users\arunk\Downloads\projects\New folder\pdf reader\tests\user-profile.test.js:21:5)
          at Promise.finally.completed (C:\Users\arunk\Downloads\projects\New folder\pdf reader\node_modules\jest-circus\build\jestAdapterInit.js:1561:28)
          at new Promise (<anonymous>)
          at callAsyncCircusFn (C:\Users\arunk\Downloads\projects\New folder\pdf reader\node_modules\jest-circus\build\jestAdapterInit.js:1501:10)
          at _callCircusHook (C:\Users\arunk\Downloads\projects\New folder\pdf reader\node_modules\jest-circus\build\jestAdapterInit.js:980:40)
          at _runTest (C:\Users\arunk\Downloads\projects\New folder\pdf reader\node_modules\jest-circus\build\jestAdapterInit.js:945:5)
          at C:\Users\arunk\Downloads\projects\New folder\pdf reader\node_modules\jest-circus\build\jestAdapterInit.js:853:7
          at _runTestsForDescribeBlock (C:\Users\arunk\Downloads\projects\New folder\pdf reader\node_modules\jest-circus\build\jestAdapterInit.js:866:11)
          at _runTestsForDescribeBlock (C:\Users\arunk\Downloads\projects\New folder\pdf reader\node_modules\jest-circus\build\jestAdapterInit.js:861:11)
          at _runTestsForDescribeBlock (C:\Users\arunk\Downloads\projects\New folder\pdf reader\node_modules\jest-circus\build\jestAdapterInit.js:861:11)
          at run (C:\Users\arunk\Downloads\projects\New folder\pdf reader\node_modules\jest-circus\build\jestAdapterInit.js:765:3)
          at runAndTransformResultsToJestFormat (C:\Users\arunk\Downloads\projects\New folder\pdf reader\node_modules\jest-circus\build\jestAdapterInit.js:1993:21)
          at jestAdapter (C:\Users\arunk\Downloads\projects\New folder\pdf reader\node_modules\jest-circus\build\runner.js:111:19)
          at runTestInternal (C:\Users\arunk\Downloads\projects\New folder\pdf reader\node_modules\jest-runner\build\index.js:276:16)
          at runTest (C:\Users\arunk\Downloads\projects\New folder\pdf reader\node_modules\jest-runner\build\index.js:344:7)

      at StorageRepository.migrateBackend (eval at <anonymous> (tests/user-profile.test.js:21:5), <anonymous>:876:15)

    console.warn
      Failed to migrate legacy document storage: ReferenceError: indexedDB is not defined
          at eval (eval at <anonymous> (C:\Users\arunk\Downloads\projects\New folder\pdf reader\tests\user-profile.test.js:21:5), <anonymous>:405:23)
          at new Promise (<anonymous>)
          at DatabaseManager.init (eval at <anonymous> (C:\Users\arunk\Downloads\projects\New folder\pdf reader\tests\user-profile.test.js:21:5), <anonymous>:404:24)
          at DatabaseManager.getDB (eval at <anonymous> (C:\Users\arunk\Downloads\projects\New folder\pdf reader\tests\user-profile.test.js:21:5), <anonymous>:440:17)
          at StorageRepository.migrateBackend (eval at <anonymous> (C:\Users\arunk\Downloads\projects\New folder\pdf reader\tests\user-profile.test.js:21:5), <anonymous>:837:39)
          at eval (eval at <anonymous> (C:\Users\arunk\Downloads\projects\New folder\pdf reader\tests\user-profile.test.js:21:5), <anonymous>:987:26)
          at Object.eval (C:\Users\arunk\Downloads\projects\New folder\pdf reader\tests\user-profile.test.js:21:5)
          at Promise.finally.completed (C:\Users\arunk\Downloads\projects\New folder\pdf reader\node_modules\jest-circus\build\jestAdapterInit.js:1561:28)
          at new Promise (<anonymous>)
          at callAsyncCircusFn (C:\Users\arunk\Downloads\projects\New folder\pdf reader\node_modules\jest-circus\build\jestAdapterInit.js:1501:10)
          at _callCircusHook (C:\Users\arunk\Downloads\projects\New folder\pdf reader\node_modules\jest-circus\build\jestAdapterInit.js:980:40)
          at _runTest (C:\Users\arunk\Downloads\projects\New folder\pdf reader\node_modules\jest-circus\build\jestAdapterInit.js:945:5)
          at C:\Users\arunk\Downloads\projects\New folder\pdf reader\node_modules\jest-circus\build\jestAdapterInit.js:853:7
          at _runTestsForDescribeBlock (C:\Users\arunk\Downloads\projects\New folder\pdf reader\node_modules\jest-circus\build\jestAdapterInit.js:866:11)
          at _runTestsForDescribeBlock (C:\Users\arunk\Downloads\projects\New folder\pdf reader\node_modules\jest-circus\build\jestAdapterInit.js:861:11)
          at _runTestsForDescribeBlock (C:\Users\arunk\Downloads\projects\New folder\pdf reader\node_modules\jest-circus\build\jestAdapterInit.js:861:11)
          at run (C:\Users\arunk\Downloads\projects\New folder\pdf reader\node_modules\jest-circus\build\jestAdapterInit.js:765:3)
          at runAndTransformResultsToJestFormat (C:\Users\arunk\Downloads\projects\New folder\pdf reader\node_modules\jest-circus\build\jestAdapterInit.js:1993:21)
          at jestAdapter (C:\Users\arunk\Downloads\projects\New folder\pdf reader\node_modules\jest-circus\build\runner.js:111:19)
          at runTestInternal (C:\Users\arunk\Downloads\projects\New folder\pdf reader\node_modules\jest-runner\build\index.js:276:16)
          at runTest (C:\Users\arunk\Downloads\projects\New folder\pdf reader\node_modules\jest-runner\build\index.js:344:7)

      at StorageRepository.migrateBackend (eval at <anonymous> (tests/user-profile.test.js:21:5), <anonymous>:876:15)

    console.warn
      Failed to migrate legacy document storage: ReferenceError: indexedDB is not defined
          at eval (eval at <anonymous> (C:\Users\arunk\Downloads\projects\New folder\pdf reader\tests\user-profile.test.js:21:5), <anonymous>:405:23)
          at new Promise (<anonymous>)
          at DatabaseManager.init (eval at <anonymous> (C:\Users\arunk\Downloads\projects\New folder\pdf reader\tests\user-profile.test.js:21:5), <anonymous>:404:24)
          at DatabaseManager.getDB (eval at <anonymous> (C:\Users\arunk\Downloads\projects\New folder\pdf reader\tests\user-profile.test.js:21:5), <anonymous>:440:17)
          at StorageRepository.migrateBackend (eval at <anonymous> (C:\Users\arunk\Downloads\projects\New folder\pdf reader\tests\user-profile.test.js:21:5), <anonymous>:837:39)
          at eval (eval at <anonymous> (C:\Users\arunk\Downloads\projects\New folder\pdf reader\tests\user-profile.test.js:21:5), <anonymous>:987:26)
          at Object.eval (C:\Users\arunk\Downloads\projects\New folder\pdf reader\tests\user-profile.test.js:21:5)
          at Promise.finally.completed (C:\Users\arunk\Downloads\projects\New folder\pdf reader\node_modules\jest-circus\build\jestAdapterInit.js:1561:28)
          at new Promise (<anonymous>)
          at callAsyncCircusFn (C:\Users\arunk\Downloads\projects\New folder\pdf reader\node_modules\jest-circus\build\jestAdapterInit.js:1501:10)
          at _callCircusHook (C:\Users\arunk\Downloads\projects\New folder\pdf reader\node_modules\jest-circus\build\jestAdapterInit.js:980:40)
          at _runTest (C:\Users\arunk\Downloads\projects\New folder\pdf reader\node_modules\jest-circus\build\jestAdapterInit.js:945:5)
          at C:\Users\arunk\Downloads\projects\New folder\pdf reader\node_modules\jest-circus\build\jestAdapterInit.js:853:7
          at _runTestsForDescribeBlock (C:\Users\arunk\Downloads\projects\New folder\pdf reader\node_modules\jest-circus\build\jestAdapterInit.js:866:11)
          at _runTestsForDescribeBlock (C:\Users\arunk\Downloads\projects\New folder\pdf reader\node_modules\jest-circus\build\jestAdapterInit.js:861:11)
          at _runTestsForDescribeBlock (C:\Users\arunk\Downloads\projects\New folder\pdf reader\node_modules\jest-circus\build\jestAdapterInit.js:861:11)
          at run (C:\Users\arunk\Downloads\projects\New folder\pdf reader\node_modules\jest-circus\build\jestAdapterInit.js:765:3)
          at runAndTransformResultsToJestFormat (C:\Users\arunk\Downloads\projects\New folder\pdf reader\node_modules\jest-circus\build\jestAdapterInit.js:1993:21)
          at jestAdapter (C:\Users\arunk\Downloads\projects\New folder\pdf reader\node_modules\jest-circus\build\runner.js:111:19)
          at runTestInternal (C:\Users\arunk\Downloads\projects\New folder\pdf reader\node_modules\jest-runner\build\index.js:276:16)
          at runTest (C:\Users\arunk\Downloads\projects\New folder\pdf reader\node_modules\jest-runner\build\index.js:344:7)

      at StorageRepository.migrateBackend (eval at <anonymous> (tests/user-profile.test.js:21:5), <anonymous>:876:15)

    console.warn
      Failed to migrate legacy document storage: ReferenceError: indexedDB is not defined
          at eval (eval at <anonymous> (C:\Users\arunk\Downloads\projects\New folder\pdf reader\tests\user-profile.test.js:21:5), <anonymous>:405:23)
          at new Promise (<anonymous>)
          at DatabaseManager.init (eval at <anonymous> (C:\Users\arunk\Downloads\projects\New folder\pdf reader\tests\user-profile.test.js:21:5), <anonymous>:404:24)
          at DatabaseManager.getDB (eval at <anonymous> (C:\Users\arunk\Downloads\projects\New folder\pdf reader\tests\user-profile.test.js:21:5), <anonymous>:440:17)
          at StorageRepository.migrateBackend (eval at <anonymous> (C:\Users\arunk\Downloads\projects\New folder\pdf reader\tests\user-profile.test.js:21:5), <anonymous>:837:39)
          at eval (eval at <anonymous> (C:\Users\arunk\Downloads\projects\New folder\pdf reader\tests\user-profile.test.js:21:5), <anonymous>:987:26)
          at Object.eval (C:\Users\arunk\Downloads\projects\New folder\pdf reader\tests\user-profile.test.js:21:5)
          at Promise.finally.completed (C:\Users\arunk\Downloads\projects\New folder\pdf reader\node_modules\jest-circus\build\jestAdapterInit.js:1561:28)
          at new Promise (<anonymous>)
          at callAsyncCircusFn (C:\Users\arunk\Downloads\projects\New folder\pdf reader\node_modules\jest-circus\build\jestAdapterInit.js:1501:10)
          at _callCircusHook (C:\Users\arunk\Downloads\projects\New folder\pdf reader\node_modules\jest-circus\build\jestAdapterInit.js:980:40)
          at _runTest (C:\Users\arunk\Downloads\projects\New folder\pdf reader\node_modules\jest-circus\build\jestAdapterInit.js:945:5)
          at C:\Users\arunk\Downloads\projects\New folder\pdf reader\node_modules\jest-circus\build\jestAdapterInit.js:853:7
          at _runTestsForDescribeBlock (C:\Users\arunk\Downloads\projects\New folder\pdf reader\node_modules\jest-circus\build\jestAdapterInit.js:866:11)
          at _runTestsForDescribeBlock (C:\Users\arunk\Downloads\projects\New folder\pdf reader\node_modules\jest-circus\build\jestAdapterInit.js:861:11)
          at _runTestsForDescribeBlock (C:\Users\arunk\Downloads\projects\New folder\pdf reader\node_modules\jest-circus\build\jestAdapterInit.js:861:11)
          at run (C:\Users\arunk\Downloads\projects\New folder\pdf reader\node_modules\jest-circus\build\jestAdapterInit.js:765:3)
          at runAndTransformResultsToJestFormat (C:\Users\arunk\Downloads\projects\New folder\pdf reader\node_modules\jest-circus\build\jestAdapterInit.js:1993:21)
          at jestAdapter (C:\Users\arunk\Downloads\projects\New folder\pdf reader\node_modules\jest-circus\build\runner.js:111:19)
          at runTestInternal (C:\Users\arunk\Downloads\projects\New folder\pdf reader\node_modules\jest-runner\build\index.js:276:16)
          at runTest (C:\Users\arunk\Downloads\projects\New folder\pdf reader\node_modules\jest-runner\build\index.js:344:7)

      at StorageRepository.migrateBackend (eval at <anonymous> (tests/user-profile.test.js:21:5), <anonymous>:876:15)

    console.warn
      Failed to migrate legacy document storage: ReferenceError: indexedDB is not defined
          at eval (eval at <anonymous> (C:\Users\arunk\Downloads\projects\New folder\pdf reader\tests\user-profile.test.js:21:5), <anonymous>:405:23)
          at new Promise (<anonymous>)
          at DatabaseManager.init (eval at <anonymous> (C:\Users\arunk\Downloads\projects\New folder\pdf reader\tests\user-profile.test.js:21:5), <anonymous>:404:24)
          at DatabaseManager.getDB (eval at <anonymous> (C:\Users\arunk\Downloads\projects\New folder\pdf reader\tests\user-profile.test.js:21:5), <anonymous>:440:17)
          at StorageRepository.migrateBackend (eval at <anonymous> (C:\Users\arunk\Downloads\projects\New folder\pdf reader\tests\user-profile.test.js:21:5), <anonymous>:837:39)
          at eval (eval at <anonymous> (C:\Users\arunk\Downloads\projects\New folder\pdf reader\tests\user-profile.test.js:21:5), <anonymous>:987:26)
          at Object.eval (C:\Users\arunk\Downloads\projects\New folder\pdf reader\tests\user-profile.test.js:21:5)
          at Promise.finally.completed (C:\Users\arunk\Downloads\projects\New folder\pdf reader\node_modules\jest-circus\build\jestAdapterInit.js:1561:28)
          at new Promise (<anonymous>)
          at callAsyncCircusFn (C:\Users\arunk\Downloads\projects\New folder\pdf reader\node_modules\jest-circus\build\jestAdapterInit.js:1501:10)
          at _callCircusHook (C:\Users\arunk\Downloads\projects\New folder\pdf reader\node_modules\jest-circus\build\jestAdapterInit.js:980:40)
          at _runTest (C:\Users\arunk\Downloads\projects\New folder\pdf reader\node_modules\jest-circus\build\jestAdapterInit.js:945:5)
          at C:\Users\arunk\Downloads\projects\New folder\pdf reader\node_modules\jest-circus\build\jestAdapterInit.js:853:7
          at _runTestsForDescribeBlock (C:\Users\arunk\Downloads\projects\New folder\pdf reader\node_modules\jest-circus\build\jestAdapterInit.js:866:11)
          at _runTestsForDescribeBlock (C:\Users\arunk\Downloads\projects\New folder\pdf reader\node_modules\jest-circus\build\jestAdapterInit.js:861:11)
          at _runTestsForDescribeBlock (C:\Users\arunk\Downloads\projects\New folder\pdf reader\node_modules\jest-circus\build\jestAdapterInit.js:861:11)
          at run (C:\Users\arunk\Downloads\projects\New folder\pdf reader\node_modules\jest-circus\build\jestAdapterInit.js:765:3)
          at runAndTransformResultsToJestFormat (C:\Users\arunk\Downloads\projects\New folder\pdf reader\node_modules\jest-circus\build\jestAdapterInit.js:1993:21)
          at jestAdapter (C:\Users\arunk\Downloads\projects\New folder\pdf reader\node_modules\jest-circus\build\runner.js:111:19)
          at runTestInternal (C:\Users\arunk\Downloads\projects\New folder\pdf reader\node_modules\jest-runner\build\index.js:276:16)
          at runTest (C:\Users\arunk\Downloads\projects\New folder\pdf reader\node_modules\jest-runner\build\index.js:344:7)

      at StorageRepository.migrateBackend (eval at <anonymous> (tests/user-profile.test.js:21:5), <anonymous>:876:15)

    console.warn
      Failed to migrate legacy document storage: ReferenceError: indexedDB is not defined
          at eval (eval at <anonymous> (C:\Users\arunk\Downloads\projects\New folder\pdf reader\tests\user-profile.test.js:21:5), <anonymous>:405:23)
          at new Promise (<anonymous>)
          at DatabaseManager.init (eval at <anonymous> (C:\Users\arunk\Downloads\projects\New folder\pdf reader\tests\user-profile.test.js:21:5), <anonymous>:404:24)
          at DatabaseManager.getDB (eval at <anonymous> (C:\Users\arunk\Downloads\projects\New folder\pdf reader\tests\user-profile.test.js:21:5), <anonymous>:440:17)
          at StorageRepository.migrateBackend (eval at <anonymous> (C:\Users\arunk\Downloads\projects\New folder\pdf reader\tests\user-profile.test.js:21:5), <anonymous>:837:39)
          at eval (eval at <anonymous> (C:\Users\arunk\Downloads\projects\New folder\pdf reader\tests\user-profile.test.js:21:5), <anonymous>:987:26)
          at Object.eval (C:\Users\arunk\Downloads\projects\New folder\pdf reader\tests\user-profile.test.js:21:5)
          at Promise.finally.completed (C:\Users\arunk\Downloads\projects\New folder\pdf reader\node_modules\jest-circus\build\jestAdapterInit.js:1561:28)
          at new Promise (<anonymous>)
          at callAsyncCircusFn (C:\Users\arunk\Downloads\projects\New folder\pdf reader\node_modules\jest-circus\build\jestAdapterInit.js:1501:10)
          at _callCircusHook (C:\Users\arunk\Downloads\projects\New folder\pdf reader\node_modules\jest-circus\build\jestAdapterInit.js:980:40)
          at _runTest (C:\Users\arunk\Downloads\projects\New folder\pdf reader\node_modules\jest-circus\build\jestAdapterInit.js:945:5)
          at C:\Users\arunk\Downloads\projects\New folder\pdf reader\node_modules\jest-circus\build\jestAdapterInit.js:853:7
          at _runTestsForDescribeBlock (C:\Users\arunk\Downloads\projects\New folder\pdf reader\node_modules\jest-circus\build\jestAdapterInit.js:866:11)
          at _runTestsForDescribeBlock (C:\Users\arunk\Downloads\projects\New folder\pdf reader\node_modules\jest-circus\build\jestAdapterInit.js:861:11)
          at _runTestsForDescribeBlock (C:\Users\arunk\Downloads\projects\New folder\pdf reader\node_modules\jest-circus\build\jestAdapterInit.js:861:11)
          at run (C:\Users\arunk\Downloads\projects\New folder\pdf reader\node_modules\jest-circus\build\jestAdapterInit.js:765:3)
          at runAndTransformResultsToJestFormat (C:\Users\arunk\Downloads\projects\New folder\pdf reader\node_modules\jest-circus\build\jestAdapterInit.js:1993:21)
          at jestAdapter (C:\Users\arunk\Downloads\projects\New folder\pdf reader\node_modules\jest-circus\build\runner.js:111:19)
          at runTestInternal (C:\Users\arunk\Downloads\projects\New folder\pdf reader\node_modules\jest-runner\build\index.js:276:16)
          at runTest (C:\Users\arunk\Downloads\projects\New folder\pdf reader\node_modules\jest-runner\build\index.js:344:7)

      at StorageRepository.migrateBackend (eval at <anonymous> (tests/user-profile.test.js:21:5), <anonymous>:876:15)

    console.warn
      Failed to migrate legacy document storage: ReferenceError: indexedDB is not defined
          at eval (eval at <anonymous> (C:\Users\arunk\Downloads\projects\New folder\pdf reader\tests\user-profile.test.js:21:5), <anonymous>:405:23)
          at new Promise (<anonymous>)
          at DatabaseManager.init (eval at <anonymous> (C:\Users\arunk\Downloads\projects\New folder\pdf reader\tests\user-profile.test.js:21:5), <anonymous>:404:24)
          at DatabaseManager.getDB (eval at <anonymous> (C:\Users\arunk\Downloads\projects\New folder\pdf reader\tests\user-profile.test.js:21:5), <anonymous>:440:17)
          at StorageRepository.migrateBackend (eval at <anonymous> (C:\Users\arunk\Downloads\projects\New folder\pdf reader\tests\user-profile.test.js:21:5), <anonymous>:837:39)
          at eval (eval at <anonymous> (C:\Users\arunk\Downloads\projects\New folder\pdf reader\tests\user-profile.test.js:21:5), <anonymous>:987:26)
          at Object.eval (C:\Users\arunk\Downloads\projects\New folder\pdf reader\tests\user-profile.test.js:21:5)
          at Promise.finally.completed (C:\Users\arunk\Downloads\projects\New folder\pdf reader\node_modules\jest-circus\build\jestAdapterInit.js:1561:28)
          at new Promise (<anonymous>)
          at callAsyncCircusFn (C:\Users\arunk\Downloads\projects\New folder\pdf reader\node_modules\jest-circus\build\jestAdapterInit.js:1501:10)
          at _callCircusHook (C:\Users\arunk\Downloads\projects\New folder\pdf reader\node_modules\jest-circus\build\jestAdapterInit.js:980:40)
          at _runTest (C:\Users\arunk\Downloads\projects\New folder\pdf reader\node_modules\jest-circus\build\jestAdapterInit.js:945:5)
          at C:\Users\arunk\Downloads\projects\New folder\pdf reader\node_modules\jest-circus\build\jestAdapterInit.js:853:7
          at _runTestsForDescribeBlock (C:\Users\arunk\Downloads\projects\New folder\pdf reader\node_modules\jest-circus\build\jestAdapterInit.js:866:11)
          at _runTestsForDescribeBlock (C:\Users\arunk\Downloads\projects\New folder\pdf reader\node_modules\jest-circus\build\jestAdapterInit.js:861:11)
          at _runTestsForDescribeBlock (C:\Users\arunk\Downloads\projects\New folder\pdf reader\node_modules\jest-circus\build\jestAdapterInit.js:861:11)
          at run (C:\Users\arunk\Downloads\projects\New folder\pdf reader\node_modules\jest-circus\build\jestAdapterInit.js:765:3)
          at runAndTransformResultsToJestFormat (C:\Users\arunk\Downloads\projects\New folder\pdf reader\node_modules\jest-circus\build\jestAdapterInit.js:1993:21)
          at jestAdapter (C:\Users\arunk\Downloads\projects\New folder\pdf reader\node_modules\jest-circus\build\runner.js:111:19)
          at runTestInternal (C:\Users\arunk\Downloads\projects\New folder\pdf reader\node_modules\jest-runner\build\index.js:276:16)
          at runTest (C:\Users\arunk\Downloads\projects\New folder\pdf reader\node_modules\jest-runner\build\index.js:344:7)

      at StorageRepository.migrateBackend (eval at <anonymous> (tests/user-profile.test.js:21:5), <anonymous>:876:15)

    console.warn
      Failed to migrate legacy document storage: ReferenceError: indexedDB is not defined
          at eval (eval at <anonymous> (C:\Users\arunk\Downloads\projects\New folder\pdf reader\tests\user-profile.test.js:21:5), <anonymous>:405:23)
          at new Promise (<anonymous>)
          at DatabaseManager.init (eval at <anonymous> (C:\Users\arunk\Downloads\projects\New folder\pdf reader\tests\user-profile.test.js:21:5), <anonymous>:404:24)
          at DatabaseManager.getDB (eval at <anonymous> (C:\Users\arunk\Downloads\projects\New folder\pdf reader\tests\user-profile.test.js:21:5), <anonymous>:440:17)
          at StorageRepository.migrateBackend (eval at <anonymous> (C:\Users\arunk\Downloads\projects\New folder\pdf reader\tests\user-profile.test.js:21:5), <anonymous>:837:39)
          at eval (eval at <anonymous> (C:\Users\arunk\Downloads\projects\New folder\pdf reader\tests\user-profile.test.js:21:5), <anonymous>:987:26)
          at Object.eval (C:\Users\arunk\Downloads\projects\New folder\pdf reader\tests\user-profile.test.js:21:5)
          at Promise.finally.completed (C:\Users\arunk\Downloads\projects\New folder\pdf reader\node_modules\jest-circus\build\jestAdapterInit.js:1561:28)
          at new Promise (<anonymous>)
          at callAsyncCircusFn (C:\Users\arunk\Downloads\projects\New folder\pdf reader\node_modules\jest-circus\build\jestAdapterInit.js:1501:10)
          at _callCircusHook (C:\Users\arunk\Downloads\projects\New folder\pdf reader\node_modules\jest-circus\build\jestAdapterInit.js:980:40)
          at _runTest (C:\Users\arunk\Downloads\projects\New folder\pdf reader\node_modules\jest-circus\build\jestAdapterInit.js:945:5)
          at C:\Users\arunk\Downloads\projects\New folder\pdf reader\node_modules\jest-circus\build\jestAdapterInit.js:853:7
          at _runTestsForDescribeBlock (C:\Users\arunk\Downloads\projects\New folder\pdf reader\node_modules\jest-circus\build\jestAdapterInit.js:866:11)
          at _runTestsForDescribeBlock (C:\Users\arunk\Downloads\projects\New folder\pdf reader\node_modules\jest-circus\build\jestAdapterInit.js:861:11)
          at _runTestsForDescribeBlock (C:\Users\arunk\Downloads\projects\New folder\pdf reader\node_modules\jest-circus\build\jestAdapterInit.js:861:11)
          at run (C:\Users\arunk\Downloads\projects\New folder\pdf reader\node_modules\jest-circus\build\jestAdapterInit.js:765:3)
          at runAndTransformResultsToJestFormat (C:\Users\arunk\Downloads\projects\New folder\pdf reader\node_modules\jest-circus\build\jestAdapterInit.js:1993:21)
          at jestAdapter (C:\Users\arunk\Downloads\projects\New folder\pdf reader\node_modules\jest-circus\build\runner.js:111:19)
          at runTestInternal (C:\Users\arunk\Downloads\projects\New folder\pdf reader\node_modules\jest-runner\build\index.js:276:16)
          at runTest (C:\Users\arunk\Downloads\projects\New folder\pdf reader\node_modules\jest-runner\build\index.js:344:7)

      at StorageRepository.migrateBackend (eval at <anonymous> (tests/user-profile.test.js:21:5), <anonymous>:876:15)

    console.log
      [ProfileMigration] Migrating namespace from 'guest' to 'arunkumar'...

      at eval (eval at <anonymous> (tests/user-profile.test.js:21:5), <anonymous>:1064:17)
          at Array.forEach (<anonymous>)

    console.warn
      Failed to migrate legacy document storage: ReferenceError: indexedDB is not defined
          at eval (eval at <anonymous> (C:\Users\arunk\Downloads\projects\New folder\pdf reader\tests\user-profile.test.js:21:5), <anonymous>:405:23)
          at new Promise (<anonymous>)
          at DatabaseManager.init (eval at <anonymous> (C:\Users\arunk\Downloads\projects\New folder\pdf reader\tests\user-profile.test.js:21:5), <anonymous>:404:24)
          at DatabaseManager.getDB (eval at <anonymous> (C:\Users\arunk\Downloads\projects\New folder\pdf reader\tests\user-profile.test.js:21:5), <anonymous>:440:17)
          at StorageRepository.migrateBackend (eval at <anonymous> (C:\Users\arunk\Downloads\projects\New folder\pdf reader\tests\user-profile.test.js:21:5), <anonymous>:837:39)
          at eval (eval at <anonymous> (C:\Users\arunk\Downloads\projects\New folder\pdf reader\tests\user-profile.test.js:21:5), <anonymous>:987:26)
          at Object.eval (C:\Users\arunk\Downloads\projects\New folder\pdf reader\tests\user-profile.test.js:21:5)
          at Promise.finally.completed (C:\Users\arunk\Downloads\projects\New folder\pdf reader\node_modules\jest-circus\build\jestAdapterInit.js:1561:28)
          at new Promise (<anonymous>)
          at callAsyncCircusFn (C:\Users\arunk\Downloads\projects\New folder\pdf reader\node_modules\jest-circus\build\jestAdapterInit.js:1501:10)
          at _callCircusHook (C:\Users\arunk\Downloads\projects\New folder\pdf reader\node_modules\jest-circus\build\jestAdapterInit.js:980:40)
          at _runTest (C:\Users\arunk\Downloads\projects\New folder\pdf reader\node_modules\jest-circus\build\jestAdapterInit.js:945:5)
          at C:\Users\arunk\Downloads\projects\New folder\pdf reader\node_modules\jest-circus\build\jestAdapterInit.js:853:7
          at _runTestsForDescribeBlock (C:\Users\arunk\Downloads\projects\New folder\pdf reader\node_modules\jest-circus\build\jestAdapterInit.js:866:11)
          at _runTestsForDescribeBlock (C:\Users\arunk\Downloads\projects\New folder\pdf reader\node_modules\jest-circus\build\jestAdapterInit.js:861:11)
          at _runTestsForDescribeBlock (C:\Users\arunk\Downloads\projects\New folder\pdf reader\node_modules\jest-circus\build\jestAdapterInit.js:861:11)
          at run (C:\Users\arunk\Downloads\projects\New folder\pdf reader\node_modules\jest-circus\build\jestAdapterInit.js:765:3)
          at runAndTransformResultsToJestFormat (C:\Users\arunk\Downloads\projects\New folder\pdf reader\node_modules\jest-circus\build\jestAdapterInit.js:1993:21)
          at jestAdapter (C:\Users\arunk\Downloads\projects\New folder\pdf reader\node_modules\jest-circus\build\runner.js:111:19)
          at runTestInternal (C:\Users\arunk\Downloads\projects\New folder\pdf reader\node_modules\jest-runner\build\index.js:276:16)
          at runTest (C:\Users\arunk\Downloads\projects\New folder\pdf reader\node_modules\jest-runner\build\index.js:344:7)

      at StorageRepository.migrateBackend (eval at <anonymous> (tests/user-profile.test.js:21:5), <anonymous>:876:15)

    console.warn
      Failed to migrate legacy document storage: ReferenceError: indexedDB is not defined
          at eval (eval at <anonymous> (C:\Users\arunk\Downloads\projects\New folder\pdf reader\tests\user-profile.test.js:21:5), <anonymous>:405:23)
          at new Promise (<anonymous>)
          at DatabaseManager.init (eval at <anonymous> (C:\Users\arunk\Downloads\projects\New folder\pdf reader\tests\user-profile.test.js:21:5), <anonymous>:404:24)
          at DatabaseManager.getDB (eval at <anonymous> (C:\Users\arunk\Downloads\projects\New folder\pdf reader\tests\user-profile.test.js:21:5), <anonymous>:440:17)
          at StorageRepository.migrateBackend (eval at <anonymous> (C:\Users\arunk\Downloads\projects\New folder\pdf reader\tests\user-profile.test.js:21:5), <anonymous>:837:39)
          at eval (eval at <anonymous> (C:\Users\arunk\Downloads\projects\New folder\pdf reader\tests\user-profile.test.js:21:5), <anonymous>:987:26)
          at Object.eval (C:\Users\arunk\Downloads\projects\New folder\pdf reader\tests\user-profile.test.js:21:5)
          at Promise.finally.completed (C:\Users\arunk\Downloads\projects\New folder\pdf reader\node_modules\jest-circus\build\jestAdapterInit.js:1561:28)
          at new Promise (<anonymous>)
          at callAsyncCircusFn (C:\Users\arunk\Downloads\projects\New folder\pdf reader\node_modules\jest-circus\build\jestAdapterInit.js:1501:10)
          at _callCircusHook (C:\Users\arunk\Downloads\projects\New folder\pdf reader\node_modules\jest-circus\build\jestAdapterInit.js:980:40)
          at _runTest (C:\Users\arunk\Downloads\projects\New folder\pdf reader\node_modules\jest-circus\build\jestAdapterInit.js:945:5)
          at C:\Users\arunk\Downloads\projects\New folder\pdf reader\node_modules\jest-circus\build\jestAdapterInit.js:853:7
          at _runTestsForDescribeBlock (C:\Users\arunk\Downloads\projects\New folder\pdf reader\node_modules\jest-circus\build\jestAdapterInit.js:866:11)
          at _runTestsForDescribeBlock (C:\Users\arunk\Downloads\projects\New folder\pdf reader\node_modules\jest-circus\build\jestAdapterInit.js:861:11)
          at _runTestsForDescribeBlock (C:\Users\arunk\Downloads\projects\New folder\pdf reader\node_modules\jest-circus\build\jestAdapterInit.js:861:11)
          at run (C:\Users\arunk\Downloads\projects\New folder\pdf reader\node_modules\jest-circus\build\jestAdapterInit.js:765:3)
          at runAndTransformResultsToJestFormat (C:\Users\arunk\Downloads\projects\New folder\pdf reader\node_modules\jest-circus\build\jestAdapterInit.js:1993:21)
          at jestAdapter (C:\Users\arunk\Downloads\projects\New folder\pdf reader\node_modules\jest-circus\build\runner.js:111:19)
          at runTestInternal (C:\Users\arunk\Downloads\projects\New folder\pdf reader\node_modules\jest-runner\build\index.js:276:16)
          at runTest (C:\Users\arunk\Downloads\projects\New folder\pdf reader\node_modules\jest-runner\build\index.js:344:7)

      at StorageRepository.migrateBackend (eval at <anonymous> (tests/user-profile.test.js:21:5), <anonymous>:876:15)

PASS tests/multi-format-persistence.test.js
  ΓùÅ Console

    console.warn
      Failed to migrate legacy document storage: ReferenceError: indexedDB is not defined
          at eval (eval at <anonymous> (C:\Users\arunk\Downloads\projects\New folder\pdf reader\tests\multi-format-persistence.test.js:116:9), <anonymous>:405:23)
          at new Promise (<anonymous>)
          at DatabaseManager.init (eval at <anonymous> (C:\Users\arunk\Downloads\projects\New folder\pdf reader\tests\multi-format-persistence.test.js:116:9), <anonymous>:404:24)
          at DatabaseManager.getDB (eval at <anonymous> (C:\Users\arunk\Downloads\projects\New folder\pdf reader\tests\multi-format-persistence.test.js:116:9), <anonymous>:440:17)
          at StorageRepository.migrateBackend (eval at <anonymous> (C:\Users\arunk\Downloads\projects\New folder\pdf reader\tests\multi-format-persistence.test.js:116:9), <anonymous>:837:39)
          at eval (eval at <anonymous> (C:\Users\arunk\Downloads\projects\New folder\pdf reader\tests\multi-format-persistence.test.js:116:9), <anonymous>:987:26)
          at Object.eval (C:\Users\arunk\Downloads\projects\New folder\pdf reader\tests\multi-format-persistence.test.js:116:9)
          at Promise.finally.completed (C:\Users\arunk\Downloads\projects\New folder\pdf reader\node_modules\jest-circus\build\jestAdapterInit.js:1561:28)
          at new Promise (<anonymous>)
          at callAsyncCircusFn (C:\Users\arunk\Downloads\projects\New folder\pdf reader\node_modules\jest-circus\build\jestAdapterInit.js:1501:10)
          at _callCircusHook (C:\Users\arunk\Downloads\projects\New folder\pdf reader\node_modules\jest-circus\build\jestAdapterInit.js:980:40)
          at _runTest (C:\Users\arunk\Downloads\projects\New folder\pdf reader\node_modules\jest-circus\build\jestAdapterInit.js:945:5)
          at C:\Users\arunk\Downloads\projects\New folder\pdf reader\node_modules\jest-circus\build\jestAdapterInit.js:853:7
          at _runTestsForDescribeBlock (C:\Users\arunk\Downloads\projects\New folder\pdf reader\node_modules\jest-circus\build\jestAdapterInit.js:866:11)
          at _runTestsForDescribeBlock (C:\Users\arunk\Downloads\projects\New folder\pdf reader\node_modules\jest-circus\build\jestAdapterInit.js:861:11)
          at _runTestsForDescribeBlock (C:\Users\arunk\Downloads\projects\New folder\pdf reader\node_modules\jest-circus\build\jestAdapterInit.js:861:11)
          at run (C:\Users\arunk\Downloads\projects\New folder\pdf reader\node_modules\jest-circus\build\jestAdapterInit.js:765:3)
          at runAndTransformResultsToJestFormat (C:\Users\arunk\Downloads\projects\New folder\pdf reader\node_modules\jest-circus\build\jestAdapterInit.js:1993:21)
          at jestAdapter (C:\Users\arunk\Downloads\projects\New folder\pdf reader\node_modules\jest-circus\build\runner.js:111:19)
          at runTestInternal (C:\Users\arunk\Downloads\projects\New folder\pdf reader\node_modules\jest-runner\build\index.js:276:16)
          at runTest (C:\Users\arunk\Downloads\projects\New folder\pdf reader\node_modules\jest-runner\build\index.js:344:7)

      at StorageRepository.migrateBackend (eval at <anonymous> (tests/multi-format-persistence.test.js:116:9), <anonymous>:876:15)

    console.warn
      Failed to migrate legacy document storage: ReferenceError: indexedDB is not defined
          at eval (eval at <anonymous> (C:\Users\arunk\Downloads\projects\New folder\pdf reader\tests\multi-format-persistence.test.js:116:9), <anonymous>:405:23)
          at new Promise (<anonymous>)
          at DatabaseManager.init (eval at <anonymous> (C:\Users\arunk\Downloads\projects\New folder\pdf reader\tests\multi-format-persistence.test.js:116:9), <anonymous>:404:24)
          at DatabaseManager.getDB (eval at <anonymous> (C:\Users\arunk\Downloads\projects\New folder\pdf reader\tests\multi-format-persistence.test.js:116:9), <anonymous>:440:17)
          at StorageRepository.migrateBackend (eval at <anonymous> (C:\Users\arunk\Downloads\projects\New folder\pdf reader\tests\multi-format-persistence.test.js:116:9), <anonymous>:837:39)
          at eval (eval at <anonymous> (C:\Users\arunk\Downloads\projects\New folder\pdf reader\tests\multi-format-persistence.test.js:116:9), <anonymous>:987:26)
          at Object.eval (C:\Users\arunk\Downloads\projects\New folder\pdf reader\tests\multi-format-persistence.test.js:116:9)
          at Promise.finally.completed (C:\Users\arunk\Downloads\projects\New folder\pdf reader\node_modules\jest-circus\build\jestAdapterInit.js:1561:28)
          at new Promise (<anonymous>)
          at callAsyncCircusFn (C:\Users\arunk\Downloads\projects\New folder\pdf reader\node_modules\jest-circus\build\jestAdapterInit.js:1501:10)
          at _callCircusHook (C:\Users\arunk\Downloads\projects\New folder\pdf reader\node_modules\jest-circus\build\jestAdapterInit.js:980:40)
          at _runTest (C:\Users\arunk\Downloads\projects\New folder\pdf reader\node_modules\jest-circus\build\jestAdapterInit.js:945:5)
          at C:\Users\arunk\Downloads\projects\New folder\pdf reader\node_modules\jest-circus\build\jestAdapterInit.js:853:7
          at _runTestsForDescribeBlock (C:\Users\arunk\Downloads\projects\New folder\pdf reader\node_modules\jest-circus\build\jestAdapterInit.js:866:11)
          at _runTestsForDescribeBlock (C:\Users\arunk\Downloads\projects\New folder\pdf reader\node_modules\jest-circus\build\jestAdapterInit.js:861:11)
          at _runTestsForDescribeBlock (C:\Users\arunk\Downloads\projects\New folder\pdf reader\node_modules\jest-circus\build\jestAdapterInit.js:861:11)
          at run (C:\Users\arunk\Downloads\projects\New folder\pdf reader\node_modules\jest-circus\build\jestAdapterInit.js:765:3)
          at runAndTransformResultsToJestFormat (C:\Users\arunk\Downloads\projects\New folder\pdf reader\node_modules\jest-circus\build\jestAdapterInit.js:1993:21)
          at jestAdapter (C:\Users\arunk\Downloads\projects\New folder\pdf reader\node_modules\jest-circus\build\runner.js:111:19)
          at runTestInternal (C:\Users\arunk\Downloads\projects\New folder\pdf reader\node_modules\jest-runner\build\index.js:276:16)
          at runTest (C:\Users\arunk\Downloads\projects\New folder\pdf reader\node_modules\jest-runner\build\index.js:344:7)

      at StorageRepository.migrateBackend (eval at <anonymous> (tests/multi-format-persistence.test.js:116:9), <anonymous>:876:15)

    console.warn
      Failed to migrate legacy document storage: ReferenceError: indexedDB is not defined
          at eval (eval at <anonymous> (C:\Users\arunk\Downloads\projects\New folder\pdf reader\tests\multi-format-persistence.test.js:116:9), <anonymous>:405:23)
          at new Promise (<anonymous>)
          at DatabaseManager.init (eval at <anonymous> (C:\Users\arunk\Downloads\projects\New folder\pdf reader\tests\multi-format-persistence.test.js:116:9), <anonymous>:404:24)
          at DatabaseManager.getDB (eval at <anonymous> (C:\Users\arunk\Downloads\projects\New folder\pdf reader\tests\multi-format-persistence.test.js:116:9), <anonymous>:440:17)
          at StorageRepository.migrateBackend (eval at <anonymous> (C:\Users\arunk\Downloads\projects\New folder\pdf reader\tests\multi-format-persistence.test.js:116:9), <anonymous>:837:39)
          at eval (eval at <anonymous> (C:\Users\arunk\Downloads\projects\New folder\pdf reader\tests\multi-format-persistence.test.js:116:9), <anonymous>:987:26)
          at Object.eval (C:\Users\arunk\Downloads\projects\New folder\pdf reader\tests\multi-format-persistence.test.js:116:9)
          at Promise.finally.completed (C:\Users\arunk\Downloads\projects\New folder\pdf reader\node_modules\jest-circus\build\jestAdapterInit.js:1561:28)
          at new Promise (<anonymous>)
          at callAsyncCircusFn (C:\Users\arunk\Downloads\projects\New folder\pdf reader\node_modules\jest-circus\build\jestAdapterInit.js:1501:10)
          at _callCircusHook (C:\Users\arunk\Downloads\projects\New folder\pdf reader\node_modules\jest-circus\build\jestAdapterInit.js:980:40)
          at _runTest (C:\Users\arunk\Downloads\projects\New folder\pdf reader\node_modules\jest-circus\build\jestAdapterInit.js:945:5)
          at C:\Users\arunk\Downloads\projects\New folder\pdf reader\node_modules\jest-circus\build\jestAdapterInit.js:853:7
          at _runTestsForDescribeBlock (C:\Users\arunk\Downloads\projects\New folder\pdf reader\node_modules\jest-circus\build\jestAdapterInit.js:866:11)
          at _runTestsForDescribeBlock (C:\Users\arunk\Downloads\projects\New folder\pdf reader\node_modules\jest-circus\build\jestAdapterInit.js:861:11)
          at _runTestsForDescribeBlock (C:\Users\arunk\Downloads\projects\New folder\pdf reader\node_modules\jest-circus\build\jestAdapterInit.js:861:11)
          at run (C:\Users\arunk\Downloads\projects\New folder\pdf reader\node_modules\jest-circus\build\jestAdapterInit.js:765:3)
          at runAndTransformResultsToJestFormat (C:\Users\arunk\Downloads\projects\New folder\pdf reader\node_modules\jest-circus\build\jestAdapterInit.js:1993:21)
          at jestAdapter (C:\Users\arunk\Downloads\projects\New folder\pdf reader\node_modules\jest-circus\build\runner.js:111:19)
          at runTestInternal (C:\Users\arunk\Downloads\projects\New folder\pdf reader\node_modules\jest-runner\build\index.js:276:16)
          at runTest (C:\Users\arunk\Downloads\projects\New folder\pdf reader\node_modules\jest-runner\build\index.js:344:7)

      at StorageRepository.migrateBackend (eval at <anonymous> (tests/multi-format-persistence.test.js:116:9), <anonymous>:876:15)

    console.warn
      Failed to migrate legacy document storage: ReferenceError: indexedDB is not defined
          at eval (eval at <anonymous> (C:\Users\arunk\Downloads\projects\New folder\pdf reader\tests\multi-format-persistence.test.js:116:9), <anonymous>:405:23)
          at new Promise (<anonymous>)
          at DatabaseManager.init (eval at <anonymous> (C:\Users\arunk\Downloads\projects\New folder\pdf reader\tests\multi-format-persistence.test.js:116:9), <anonymous>:404:24)
          at DatabaseManager.getDB (eval at <anonymous> (C:\Users\arunk\Downloads\projects\New folder\pdf reader\tests\multi-format-persistence.test.js:116:9), <anonymous>:440:17)
          at StorageRepository.migrateBackend (eval at <anonymous> (C:\Users\arunk\Downloads\projects\New folder\pdf reader\tests\multi-format-persistence.test.js:116:9), <anonymous>:837:39)
          at eval (eval at <anonymous> (C:\Users\arunk\Downloads\projects\New folder\pdf reader\tests\multi-format-persistence.test.js:116:9), <anonymous>:987:26)
          at Object.eval (C:\Users\arunk\Downloads\projects\New folder\pdf reader\tests\multi-format-persistence.test.js:116:9)
          at Promise.finally.completed (C:\Users\arunk\Downloads\projects\New folder\pdf reader\node_modules\jest-circus\build\jestAdapterInit.js:1561:28)
          at new Promise (<anonymous>)
          at callAsyncCircusFn (C:\Users\arunk\Downloads\projects\New folder\pdf reader\node_modules\jest-circus\build\jestAdapterInit.js:1501:10)
          at _callCircusHook (C:\Users\arunk\Downloads\projects\New folder\pdf reader\node_modules\jest-circus\build\jestAdapterInit.js:980:40)
          at _runTest (C:\Users\arunk\Downloads\projects\New folder\pdf reader\node_modules\jest-circus\build\jestAdapterInit.js:945:5)
          at C:\Users\arunk\Downloads\projects\New folder\pdf reader\node_modules\jest-circus\build\jestAdapterInit.js:853:7
          at _runTestsForDescribeBlock (C:\Users\arunk\Downloads\projects\New folder\pdf reader\node_modules\jest-circus\build\jestAdapterInit.js:866:11)
          at _runTestsForDescribeBlock (C:\Users\arunk\Downloads\projects\New folder\pdf reader\node_modules\jest-circus\build\jestAdapterInit.js:861:11)
          at _runTestsForDescribeBlock (C:\Users\arunk\Downloads\projects\New folder\pdf reader\node_modules\jest-circus\build\jestAdapterInit.js:861:11)
          at run (C:\Users\arunk\Downloads\projects\New folder\pdf reader\node_modules\jest-circus\build\jestAdapterInit.js:765:3)
          at runAndTransformResultsToJestFormat (C:\Users\arunk\Downloads\projects\New folder\pdf reader\node_modules\jest-circus\build\jestAdapterInit.js:1993:21)
          at jestAdapter (C:\Users\arunk\Downloads\projects\New folder\pdf reader\node_modules\jest-circus\build\runner.js:111:19)
          at runTestInternal (C:\Users\arunk\Downloads\projects\New folder\pdf reader\node_modules\jest-runner\build\index.js:276:16)
          at runTest (C:\Users\arunk\Downloads\projects\New folder\pdf reader\node_modules\jest-runner\build\index.js:344:7)

      at StorageRepository.migrateBackend (eval at <anonymous> (tests/multi-format-persistence.test.js:116:9), <anonymous>:876:15)

    console.warn
      Failed to migrate legacy document storage: ReferenceError: indexedDB is not defined
          at eval (eval at <anonymous> (C:\Users\arunk\Downloads\projects\New folder\pdf reader\tests\multi-format-persistence.test.js:116:9), <anonymous>:405:23)
          at new Promise (<anonymous>)
          at DatabaseManager.init (eval at <anonymous> (C:\Users\arunk\Downloads\projects\New folder\pdf reader\tests\multi-format-persistence.test.js:116:9), <anonymous>:404:24)
          at DatabaseManager.getDB (eval at <anonymous> (C:\Users\arunk\Downloads\projects\New folder\pdf reader\tests\multi-format-persistence.test.js:116:9), <anonymous>:440:17)
          at StorageRepository.migrateBackend (eval at <anonymous> (C:\Users\arunk\Downloads\projects\New folder\pdf reader\tests\multi-format-persistence.test.js:116:9), <anonymous>:837:39)
          at eval (eval at <anonymous> (C:\Users\arunk\Downloads\projects\New folder\pdf reader\tests\multi-format-persistence.test.js:116:9), <anonymous>:987:26)
          at Object.eval (C:\Users\arunk\Downloads\projects\New folder\pdf reader\tests\multi-format-persistence.test.js:116:9)
          at Promise.finally.completed (C:\Users\arunk\Downloads\projects\New folder\pdf reader\node_modules\jest-circus\build\jestAdapterInit.js:1561:28)
          at new Promise (<anonymous>)
          at callAsyncCircusFn (C:\Users\arunk\Downloads\projects\New folder\pdf reader\node_modules\jest-circus\build\jestAdapterInit.js:1501:10)
          at _callCircusHook (C:\Users\arunk\Downloads\projects\New folder\pdf reader\node_modules\jest-circus\build\jestAdapterInit.js:980:40)
          at _runTest (C:\Users\arunk\Downloads\projects\New folder\pdf reader\node_modules\jest-circus\build\jestAdapterInit.js:945:5)
          at C:\Users\arunk\Downloads\projects\New folder\pdf reader\node_modules\jest-circus\build\jestAdapterInit.js:853:7
          at _runTestsForDescribeBlock (C:\Users\arunk\Downloads\projects\New folder\pdf reader\node_modules\jest-circus\build\jestAdapterInit.js:866:11)
          at _runTestsForDescribeBlock (C:\Users\arunk\Downloads\projects\New folder\pdf reader\node_modules\jest-circus\build\jestAdapterInit.js:861:11)
          at _runTestsForDescribeBlock (C:\Users\arunk\Downloads\projects\New folder\pdf reader\node_modules\jest-circus\build\jestAdapterInit.js:861:11)
          at run (C:\Users\arunk\Downloads\projects\New folder\pdf reader\node_modules\jest-circus\build\jestAdapterInit.js:765:3)
          at runAndTransformResultsToJestFormat (C:\Users\arunk\Downloads\projects\New folder\pdf reader\node_modules\jest-circus\build\jestAdapterInit.js:1993:21)
          at jestAdapter (C:\Users\arunk\Downloads\projects\New folder\pdf reader\node_modules\jest-circus\build\runner.js:111:19)
          at runTestInternal (C:\Users\arunk\Downloads\projects\New folder\pdf reader\node_modules\jest-runner\build\index.js:276:16)
          at runTest (C:\Users\arunk\Downloads\projects\New folder\pdf reader\node_modules\jest-runner\build\index.js:344:7)

      at StorageRepository.migrateBackend (eval at <anonymous> (tests/multi-format-persistence.test.js:116:9), <anonymous>:876:15)

    console.warn
      Failed to migrate legacy document storage: ReferenceError: indexedDB is not defined
          at eval (eval at <anonymous> (C:\Users\arunk\Downloads\projects\New folder\pdf reader\tests\multi-format-persistence.test.js:116:9), <anonymous>:405:23)
          at new Promise (<anonymous>)
          at DatabaseManager.init (eval at <anonymous> (C:\Users\arunk\Downloads\projects\New folder\pdf reader\tests\multi-format-persistence.test.js:116:9), <anonymous>:404:24)
          at DatabaseManager.getDB (eval at <anonymous> (C:\Users\arunk\Downloads\projects\New folder\pdf reader\tests\multi-format-persistence.test.js:116:9), <anonymous>:440:17)
          at StorageRepository.migrateBackend (eval at <anonymous> (C:\Users\arunk\Downloads\projects\New folder\pdf reader\tests\multi-format-persistence.test.js:116:9), <anonymous>:837:39)
          at eval (eval at <anonymous> (C:\Users\arunk\Downloads\projects\New folder\pdf reader\tests\multi-format-persistence.test.js:116:9), <anonymous>:987:26)
          at Object.eval (C:\Users\arunk\Downloads\projects\New folder\pdf reader\tests\multi-format-persistence.test.js:116:9)
          at Promise.finally.completed (C:\Users\arunk\Downloads\projects\New folder\pdf reader\node_modules\jest-circus\build\jestAdapterInit.js:1561:28)
          at new Promise (<anonymous>)
          at callAsyncCircusFn (C:\Users\arunk\Downloads\projects\New folder\pdf reader\node_modules\jest-circus\build\jestAdapterInit.js:1501:10)
          at _callCircusHook (C:\Users\arunk\Downloads\projects\New folder\pdf reader\node_modules\jest-circus\build\jestAdapterInit.js:980:40)
          at _runTest (C:\Users\arunk\Downloads\projects\New folder\pdf reader\node_modules\jest-circus\build\jestAdapterInit.js:945:5)
          at C:\Users\arunk\Downloads\projects\New folder\pdf reader\node_modules\jest-circus\build\jestAdapterInit.js:853:7
          at _runTestsForDescribeBlock (C:\Users\arunk\Downloads\projects\New folder\pdf reader\node_modules\jest-circus\build\jestAdapterInit.js:866:11)
          at _runTestsForDescribeBlock (C:\Users\arunk\Downloads\projects\New folder\pdf reader\node_modules\jest-circus\build\jestAdapterInit.js:861:11)
          at _runTestsForDescribeBlock (C:\Users\arunk\Downloads\projects\New folder\pdf reader\node_modules\jest-circus\build\jestAdapterInit.js:861:11)
          at run (C:\Users\arunk\Downloads\projects\New folder\pdf reader\node_modules\jest-circus\build\jestAdapterInit.js:765:3)
          at runAndTransformResultsToJestFormat (C:\Users\arunk\Downloads\projects\New folder\pdf reader\node_modules\jest-circus\build\jestAdapterInit.js:1993:21)
          at jestAdapter (C:\Users\arunk\Downloads\projects\New folder\pdf reader\node_modules\jest-circus\build\runner.js:111:19)
          at runTestInternal (C:\Users\arunk\Downloads\projects\New folder\pdf reader\node_modules\jest-runner\build\index.js:276:16)
          at runTest (C:\Users\arunk\Downloads\projects\New folder\pdf reader\node_modules\jest-runner\build\index.js:344:7)

      at StorageRepository.migrateBackend (eval at <anonymous> (tests/multi-format-persistence.test.js:116:9), <anonymous>:876:15)

    console.warn
      Failed to migrate legacy document storage: ReferenceError: indexedDB is not defined
          at eval (eval at <anonymous> (C:\Users\arunk\Downloads\projects\New folder\pdf reader\tests\multi-format-persistence.test.js:116:9), <anonymous>:405:23)
          at new Promise (<anonymous>)
          at DatabaseManager.init (eval at <anonymous> (C:\Users\arunk\Downloads\projects\New folder\pdf reader\tests\multi-format-persistence.test.js:116:9), <anonymous>:404:24)
          at DatabaseManager.getDB (eval at <anonymous> (C:\Users\arunk\Downloads\projects\New folder\pdf reader\tests\multi-format-persistence.test.js:116:9), <anonymous>:440:17)
          at StorageRepository.migrateBackend (eval at <anonymous> (C:\Users\arunk\Downloads\projects\New folder\pdf reader\tests\multi-format-persistence.test.js:116:9), <anonymous>:837:39)
          at eval (eval at <anonymous> (C:\Users\arunk\Downloads\projects\New folder\pdf reader\tests\multi-format-persistence.test.js:116:9), <anonymous>:987:26)
          at Object.eval (C:\Users\arunk\Downloads\projects\New folder\pdf reader\tests\multi-format-persistence.test.js:116:9)
          at Promise.finally.completed (C:\Users\arunk\Downloads\projects\New folder\pdf reader\node_modules\jest-circus\build\jestAdapterInit.js:1561:28)
          at new Promise (<anonymous>)
          at callAsyncCircusFn (C:\Users\arunk\Downloads\projects\New folder\pdf reader\node_modules\jest-circus\build\jestAdapterInit.js:1501:10)
          at _callCircusHook (C:\Users\arunk\Downloads\projects\New folder\pdf reader\node_modules\jest-circus\build\jestAdapterInit.js:980:40)
          at _runTest (C:\Users\arunk\Downloads\projects\New folder\pdf reader\node_modules\jest-circus\build\jestAdapterInit.js:945:5)
          at C:\Users\arunk\Downloads\projects\New folder\pdf reader\node_modules\jest-circus\build\jestAdapterInit.js:853:7
          at _runTestsForDescribeBlock (C:\Users\arunk\Downloads\projects\New folder\pdf reader\node_modules\jest-circus\build\jestAdapterInit.js:866:11)
          at _runTestsForDescribeBlock (C:\Users\arunk\Downloads\projects\New folder\pdf reader\node_modules\jest-circus\build\jestAdapterInit.js:861:11)
          at _runTestsForDescribeBlock (C:\Users\arunk\Downloads\projects\New folder\pdf reader\node_modules\jest-circus\build\jestAdapterInit.js:861:11)
          at run (C:\Users\arunk\Downloads\projects\New folder\pdf reader\node_modules\jest-circus\build\jestAdapterInit.js:765:3)
          at runAndTransformResultsToJestFormat (C:\Users\arunk\Downloads\projects\New folder\pdf reader\node_modules\jest-circus\build\jestAdapterInit.js:1993:21)
          at jestAdapter (C:\Users\arunk\Downloads\projects\New folder\pdf reader\node_modules\jest-circus\build\runner.js:111:19)
          at runTestInternal (C:\Users\arunk\Downloads\projects\New folder\pdf reader\node_modules\jest-runner\build\index.js:276:16)
          at runTest (C:\Users\arunk\Downloads\projects\New folder\pdf reader\node_modules\jest-runner\build\index.js:344:7)

      at StorageRepository.migrateBackend (eval at <anonymous> (tests/multi-format-persistence.test.js:116:9), <anonymous>:876:15)

    console.warn
      Failed to migrate legacy document storage: ReferenceError: indexedDB is not defined
          at eval (eval at <anonymous> (C:\Users\arunk\Downloads\projects\New folder\pdf reader\tests\multi-format-persistence.test.js:116:9), <anonymous>:405:23)
          at new Promise (<anonymous>)
          at DatabaseManager.init (eval at <anonymous> (C:\Users\arunk\Downloads\projects\New folder\pdf reader\tests\multi-format-persistence.test.js:116:9), <anonymous>:404:24)
          at DatabaseManager.getDB (eval at <anonymous> (C:\Users\arunk\Downloads\projects\New folder\pdf reader\tests\multi-format-persistence.test.js:116:9), <anonymous>:440:17)
          at StorageRepository.migrateBackend (eval at <anonymous> (C:\Users\arunk\Downloads\projects\New folder\pdf reader\tests\multi-format-persistence.test.js:116:9), <anonymous>:837:39)
          at eval (eval at <anonymous> (C:\Users\arunk\Downloads\projects\New folder\pdf reader\tests\multi-format-persistence.test.js:116:9), <anonymous>:987:26)
          at Object.eval (C:\Users\arunk\Downloads\projects\New folder\pdf reader\tests\multi-format-persistence.test.js:116:9)
          at Promise.finally.completed (C:\Users\arunk\Downloads\projects\New folder\pdf reader\node_modules\jest-circus\build\jestAdapterInit.js:1561:28)
          at new Promise (<anonymous>)
          at callAsyncCircusFn (C:\Users\arunk\Downloads\projects\New folder\pdf reader\node_modules\jest-circus\build\jestAdapterInit.js:1501:10)
          at _callCircusHook (C:\Users\arunk\Downloads\projects\New folder\pdf reader\node_modules\jest-circus\build\jestAdapterInit.js:980:40)
          at _runTest (C:\Users\arunk\Downloads\projects\New folder\pdf reader\node_modules\jest-circus\build\jestAdapterInit.js:945:5)
          at C:\Users\arunk\Downloads\projects\New folder\pdf reader\node_modules\jest-circus\build\jestAdapterInit.js:853:7
          at _runTestsForDescribeBlock (C:\Users\arunk\Downloads\projects\New folder\pdf reader\node_modules\jest-circus\build\jestAdapterInit.js:866:11)
          at _runTestsForDescribeBlock (C:\Users\arunk\Downloads\projects\New folder\pdf reader\node_modules\jest-circus\build\jestAdapterInit.js:861:11)
          at _runTestsForDescribeBlock (C:\Users\arunk\Downloads\projects\New folder\pdf reader\node_modules\jest-circus\build\jestAdapterInit.js:861:11)
          at run (C:\Users\arunk\Downloads\projects\New folder\pdf reader\node_modules\jest-circus\build\jestAdapterInit.js:765:3)
          at runAndTransformResultsToJestFormat (C:\Users\arunk\Downloads\projects\New folder\pdf reader\node_modules\jest-circus\build\jestAdapterInit.js:1993:21)
          at jestAdapter (C:\Users\arunk\Downloads\projects\New folder\pdf reader\node_modules\jest-circus\build\runner.js:111:19)
          at runTestInternal (C:\Users\arunk\Downloads\projects\New folder\pdf reader\node_modules\jest-runner\build\index.js:276:16)
          at runTest (C:\Users\arunk\Downloads\projects\New folder\pdf reader\node_modules\jest-runner\build\index.js:344:7)

      at StorageRepository.migrateBackend (eval at <anonymous> (tests/multi-format-persistence.test.js:116:9), <anonymous>:876:15)

    console.warn
      Failed to migrate legacy document storage: ReferenceError: indexedDB is not defined
          at eval (eval at <anonymous> (C:\Users\arunk\Downloads\projects\New folder\pdf reader\tests\multi-format-persistence.test.js:116:9), <anonymous>:405:23)
          at new Promise (<anonymous>)
          at DatabaseManager.init (eval at <anonymous> (C:\Users\arunk\Downloads\projects\New folder\pdf reader\tests\multi-format-persistence.test.js:116:9), <anonymous>:404:24)
          at DatabaseManager.getDB (eval at <anonymous> (C:\Users\arunk\Downloads\projects\New folder\pdf reader\tests\multi-format-persistence.test.js:116:9), <anonymous>:440:17)
          at StorageRepository.migrateBackend (eval at <anonymous> (C:\Users\arunk\Downloads\projects\New folder\pdf reader\tests\multi-format-persistence.test.js:116:9), <anonymous>:837:39)
          at eval (eval at <anonymous> (C:\Users\arunk\Downloads\projects\New folder\pdf reader\tests\multi-format-persistence.test.js:116:9), <anonymous>:987:26)
          at Object.eval (C:\Users\arunk\Downloads\projects\New folder\pdf reader\tests\multi-format-persistence.test.js:116:9)
          at Promise.finally.completed (C:\Users\arunk\Downloads\projects\New folder\pdf reader\node_modules\jest-circus\build\jestAdapterInit.js:1561:28)
          at new Promise (<anonymous>)
          at callAsyncCircusFn (C:\Users\arunk\Downloads\projects\New folder\pdf reader\node_modules\jest-circus\build\jestAdapterInit.js:1501:10)
          at _callCircusHook (C:\Users\arunk\Downloads\projects\New folder\pdf reader\node_modules\jest-circus\build\jestAdapterInit.js:980:40)
          at _runTest (C:\Users\arunk\Downloads\projects\New folder\pdf reader\node_modules\jest-circus\build\jestAdapterInit.js:945:5)
          at C:\Users\arunk\Downloads\projects\New folder\pdf reader\node_modules\jest-circus\build\jestAdapterInit.js:853:7
          at _runTestsForDescribeBlock (C:\Users\arunk\Downloads\projects\New folder\pdf reader\node_modules\jest-circus\build\jestAdapterInit.js:866:11)
          at _runTestsForDescribeBlock (C:\Users\arunk\Downloads\projects\New folder\pdf reader\node_modules\jest-circus\build\jestAdapterInit.js:861:11)
          at _runTestsForDescribeBlock (C:\Users\arunk\Downloads\projects\New folder\pdf reader\node_modules\jest-circus\build\jestAdapterInit.js:861:11)
          at run (C:\Users\arunk\Downloads\projects\New folder\pdf reader\node_modules\jest-circus\build\jestAdapterInit.js:765:3)
          at runAndTransformResultsToJestFormat (C:\Users\arunk\Downloads\projects\New folder\pdf reader\node_modules\jest-circus\build\jestAdapterInit.js:1993:21)
          at jestAdapter (C:\Users\arunk\Downloads\projects\New folder\pdf reader\node_modules\jest-circus\build\runner.js:111:19)
          at runTestInternal (C:\Users\arunk\Downloads\projects\New folder\pdf reader\node_modules\jest-runner\build\index.js:276:16)
          at runTest (C:\Users\arunk\Downloads\projects\New folder\pdf reader\node_modules\jest-runner\build\index.js:344:7)

      at StorageRepository.migrateBackend (eval at <anonymous> (tests/multi-format-persistence.test.js:116:9), <anonymous>:876:15)

    console.warn
      Failed to migrate legacy document storage: ReferenceError: indexedDB is not defined
          at eval (eval at <anonymous> (C:\Users\arunk\Downloads\projects\New folder\pdf reader\tests\multi-format-persistence.test.js:116:9), <anonymous>:405:23)
          at new Promise (<anonymous>)
          at DatabaseManager.init (eval at <anonymous> (C:\Users\arunk\Downloads\projects\New folder\pdf reader\tests\multi-format-persistence.test.js:116:9), <anonymous>:404:24)
          at DatabaseManager.getDB (eval at <anonymous> (C:\Users\arunk\Downloads\projects\New folder\pdf reader\tests\multi-format-persistence.test.js:116:9), <anonymous>:440:17)
          at StorageRepository.migrateBackend (eval at <anonymous> (C:\Users\arunk\Downloads\projects\New folder\pdf reader\tests\multi-format-persistence.test.js:116:9), <anonymous>:837:39)
          at eval (eval at <anonymous> (C:\Users\arunk\Downloads\projects\New folder\pdf reader\tests\multi-format-persistence.test.js:116:9), <anonymous>:987:26)
          at Object.eval (C:\Users\arunk\Downloads\projects\New folder\pdf reader\tests\multi-format-persistence.test.js:116:9)
          at Promise.finally.completed (C:\Users\arunk\Downloads\projects\New folder\pdf reader\node_modules\jest-circus\build\jestAdapterInit.js:1561:28)
          at new Promise (<anonymous>)
          at callAsyncCircusFn (C:\Users\arunk\Downloads\projects\New folder\pdf reader\node_modules\jest-circus\build\jestAdapterInit.js:1501:10)
          at _callCircusHook (C:\Users\arunk\Downloads\projects\New folder\pdf reader\node_modules\jest-circus\build\jestAdapterInit.js:980:40)
          at _runTest (C:\Users\arunk\Downloads\projects\New folder\pdf reader\node_modules\jest-circus\build\jestAdapterInit.js:945:5)
          at C:\Users\arunk\Downloads\projects\New folder\pdf reader\node_modules\jest-circus\build\jestAdapterInit.js:853:7
          at _runTestsForDescribeBlock (C:\Users\arunk\Downloads\projects\New folder\pdf reader\node_modules\jest-circus\build\jestAdapterInit.js:866:11)
          at _runTestsForDescribeBlock (C:\Users\arunk\Downloads\projects\New folder\pdf reader\node_modules\jest-circus\build\jestAdapterInit.js:861:11)
          at _runTestsForDescribeBlock (C:\Users\arunk\Downloads\projects\New folder\pdf reader\node_modules\jest-circus\build\jestAdapterInit.js:861:11)
          at run (C:\Users\arunk\Downloads\projects\New folder\pdf reader\node_modules\jest-circus\build\jestAdapterInit.js:765:3)
          at runAndTransformResultsToJestFormat (C:\Users\arunk\Downloads\projects\New folder\pdf reader\node_modules\jest-circus\build\jestAdapterInit.js:1993:21)
          at jestAdapter (C:\Users\arunk\Downloads\projects\New folder\pdf reader\node_modules\jest-circus\build\runner.js:111:19)
          at runTestInternal (C:\Users\arunk\Downloads\projects\New folder\pdf reader\node_modules\jest-runner\build\index.js:276:16)
          at runTest (C:\Users\arunk\Downloads\projects\New folder\pdf reader\node_modules\jest-runner\build\index.js:344:7)

      at StorageRepository.migrateBackend (eval at <anonymous> (tests/multi-format-persistence.test.js:116:9), <anonymous>:876:15)

    console.log
      [ProfileMigration] Migrating namespace from 'guest' to 'testuser'...

      at eval (eval at <anonymous> (tests/multi-format-persistence.test.js:116:9), <anonymous>:1064:17)
          at Array.forEach (<anonymous>)

    console.log
      [AutoRestore] library length for testuser: 1

      at eval (eval at <anonymous> (tests/multi-format-persistence.test.js:116:9), <anonymous>:1184:11)

    console.log
      [AutoRestore] library length for testuser: 1

      at eval (eval at <anonymous> (tests/multi-format-persistence.test.js:116:9), <anonymous>:1184:11)

    console.log
      [AutoRestore] library length for testuser: 1

      at eval (eval at <anonymous> (tests/multi-format-persistence.test.js:116:9), <anonymous>:1184:11)

    console.log
      [AutoRestore] library length for testuser: 1

      at eval (eval at <anonymous> (tests/multi-format-persistence.test.js:116:9), <anonymous>:1184:11)

    console.log
      [AutoRestore] library length for testuser: 1

      at eval (eval at <anonymous> (tests/multi-format-persistence.test.js:116:9), <anonymous>:1184:11)

    console.log
      [AutoRestore] library length for testuser: 1

      at eval (eval at <anonymous> (tests/multi-format-persistence.test.js:116:9), <anonymous>:1184:11)

    console.log
      [AutoRestore] library length for testuser: 1

      at eval (eval at <anonymous> (tests/multi-format-persistence.test.js:116:9), <anonymous>:1184:11)

    console.log
      [AutoRestore] library length for testuser: 1

      at eval (eval at <anonymous> (tests/multi-format-persistence.test.js:116:9), <anonymous>:1184:11)

    console.log
      [AutoRestore] library length for testuser: 1

      at eval (eval at <anonymous> (tests/multi-format-persistence.test.js:116:9), <anonymous>:1184:11)

    console.log
      [AutoRestore] library length for testuser: 1

      at eval (eval at <anonymous> (tests/multi-format-persistence.test.js:116:9), <anonymous>:1184:11)

    console.log
      [AutoRestore] docData exists: true fileBlob exists: true

      at eval (eval at <anonymous> (tests/multi-format-persistence.test.js:116:9), <anonymous>:1189:11)

    console.log
      [AutoRestore] Restoring saved document: research.pdf

      at eval (eval at <anonymous> (tests/multi-format-persistence.test.js:116:9), <anonymous>:1198:11)

    console.log
      [AutoRestore] docData exists: true fileBlob exists: true

      at eval (eval at <anonymous> (tests/multi-format-persistence.test.js:116:9), <anonymous>:1189:11)

    console.log
      [AutoRestore] Restoring saved document: research.pdf

      at eval (eval at <anonymous> (tests/multi-format-persistence.test.js:116:9), <anonymous>:1198:11)

    console.log
      [AutoRestore] docData exists: true fileBlob exists: true

      at eval (eval at <anonymous> (tests/multi-format-persistence.test.js:116:9), <anonymous>:1189:11)

    console.log
      [AutoRestore] Restoring saved document: research.pdf

      at eval (eval at <anonymous> (tests/multi-format-persistence.test.js:116:9), <anonymous>:1198:11)

    console.log
      [AutoRestore] docData exists: true fileBlob exists: true

      at eval (eval at <anonymous> (tests/multi-format-persistence.test.js:116:9), <anonymous>:1189:11)

    console.log
      [AutoRestore] Restoring saved document: research.pdf

      at eval (eval at <anonymous> (tests/multi-format-persistence.test.js:116:9), <anonymous>:1198:11)

    console.log
      [AutoRestore] docData exists: true fileBlob exists: true

      at eval (eval at <anonymous> (tests/multi-format-persistence.test.js:116:9), <anonymous>:1189:11)

    console.log
      [AutoRestore] Restoring saved document: research.pdf

      at eval (eval at <anonymous> (tests/multi-format-persistence.test.js:116:9), <anonymous>:1198:11)

    console.log
      [AutoRestore] docData exists: true fileBlob exists: true

      at eval (eval at <anonymous> (tests/multi-format-persistence.test.js:116:9), <anonymous>:1189:11)

    console.log
      [AutoRestore] Restoring saved document: research.pdf

      at eval (eval at <anonymous> (tests/multi-format-persistence.test.js:116:9), <anonymous>:1198:11)

    console.log
      [AutoRestore] docData exists: true fileBlob exists: true

      at eval (eval at <anonymous> (tests/multi-format-persistence.test.js:116:9), <anonymous>:1189:11)

    console.log
      [AutoRestore] Restoring saved document: research.pdf

      at eval (eval at <anonymous> (tests/multi-format-persistence.test.js:116:9), <anonymous>:1198:11)

    console.log
      [AutoRestore] docData exists: true fileBlob exists: true

      at eval (eval at <anonymous> (tests/multi-format-persistence.test.js:116:9), <anonymous>:1189:11)

    console.log
      [AutoRestore] Restoring saved document: research.pdf

      at eval (eval at <anonymous> (tests/multi-format-persistence.test.js:116:9), <anonymous>:1198:11)

    console.log
      [AutoRestore] docData exists: true fileBlob exists: true

      at eval (eval at <anonymous> (tests/multi-format-persistence.test.js:116:9), <anonymous>:1189:11)

    console.log
      [AutoRestore] Restoring saved document: research.pdf

      at eval (eval at <anonymous> (tests/multi-format-persistence.test.js:116:9), <anonymous>:1198:11)

    console.log
      [AutoRestore] docData exists: true fileBlob exists: true

      at eval (eval at <anonymous> (tests/multi-format-persistence.test.js:116:9), <anonymous>:1189:11)

    console.log
      [AutoRestore] Restoring saved document: research.pdf

      at eval (eval at <anonymous> (tests/multi-format-persistence.test.js:116:9), <anonymous>:1198:11)

    console.warn
      Failed to migrate legacy document storage: ReferenceError: indexedDB is not defined
          at eval (eval at <anonymous> (C:\Users\arunk\Downloads\projects\New folder\pdf reader\tests\multi-format-persistence.test.js:116:9), <anonymous>:405:23)
          at new Promise (<anonymous>)
          at DatabaseManager.init (eval at <anonymous> (C:\Users\arunk\Downloads\projects\New folder\pdf reader\tests\multi-format-persistence.test.js:116:9), <anonymous>:404:24)
          at DatabaseManager.getDB (eval at <anonymous> (C:\Users\arunk\Downloads\projects\New folder\pdf reader\tests\multi-format-persistence.test.js:116:9), <anonymous>:440:17)
          at StorageRepository.migrateBackend (eval at <anonymous> (C:\Users\arunk\Downloads\projects\New folder\pdf reader\tests\multi-format-persistence.test.js:116:9), <anonymous>:837:39)
          at eval (eval at <anonymous> (C:\Users\arunk\Downloads\projects\New folder\pdf reader\tests\multi-format-persistence.test.js:116:9), <anonymous>:987:26)
          at Object.eval (C:\Users\arunk\Downloads\projects\New folder\pdf reader\tests\multi-format-persistence.test.js:116:9)
          at Promise.finally.completed (C:\Users\arunk\Downloads\projects\New folder\pdf reader\node_modules\jest-circus\build\jestAdapterInit.js:1561:28)
          at new Promise (<anonymous>)
          at callAsyncCircusFn (C:\Users\arunk\Downloads\projects\New folder\pdf reader\node_modules\jest-circus\build\jestAdapterInit.js:1501:10)
          at _callCircusHook (C:\Users\arunk\Downloads\projects\New folder\pdf reader\node_modules\jest-circus\build\jestAdapterInit.js:980:40)
          at runNextTicks (node:internal/process/task_queues:65:5)
          at processTimers (node:internal/timers:538:9)
          at _runTest (C:\Users\arunk\Downloads\projects\New folder\pdf reader\node_modules\jest-circus\build\jestAdapterInit.js:945:5)
          at C:\Users\arunk\Downloads\projects\New folder\pdf reader\node_modules\jest-circus\build\jestAdapterInit.js:853:7
          at _runTestsForDescribeBlock (C:\Users\arunk\Downloads\projects\New folder\pdf reader\node_modules\jest-circus\build\jestAdapterInit.js:866:11)
          at _runTestsForDescribeBlock (C:\Users\arunk\Downloads\projects\New folder\pdf reader\node_modules\jest-circus\build\jestAdapterInit.js:861:11)
          at _runTestsForDescribeBlock (C:\Users\arunk\Downloads\projects\New folder\pdf reader\node_modules\jest-circus\build\jestAdapterInit.js:861:11)
          at run (C:\Users\arunk\Downloads\projects\New folder\pdf reader\node_modules\jest-circus\build\jestAdapterInit.js:765:3)
          at runAndTransformResultsToJestFormat (C:\Users\arunk\Downloads\projects\New folder\pdf reader\node_modules\jest-circus\build\jestAdapterInit.js:1993:21)
          at jestAdapter (C:\Users\arunk\Downloads\projects\New folder\pdf reader\node_modules\jest-circus\build\runner.js:111:19)
          at runTestInternal (C:\Users\arunk\Downloads\projects\New folder\pdf reader\node_modules\jest-runner\build\index.js:276:16)
          at runTest (C:\Users\arunk\Downloads\projects\New folder\pdf reader\node_modules\jest-runner\build\index.js:344:7)

      at StorageRepository.migrateBackend (eval at <anonymous> (tests/multi-format-persistence.test.js:116:9), <anonymous>:876:15)

    console.warn
      Failed to migrate legacy document storage: ReferenceError: indexedDB is not defined
          at eval (eval at <anonymous> (C:\Users\arunk\Downloads\projects\New folder\pdf reader\tests\multi-format-persistence.test.js:116:9), <anonymous>:405:23)
          at new Promise (<anonymous>)
          at DatabaseManager.init (eval at <anonymous> (C:\Users\arunk\Downloads\projects\New folder\pdf reader\tests\multi-format-persistence.test.js:116:9), <anonymous>:404:24)
          at DatabaseManager.getDB (eval at <anonymous> (C:\Users\arunk\Downloads\projects\New folder\pdf reader\tests\multi-format-persistence.test.js:116:9), <anonymous>:440:17)
          at StorageRepository.migrateBackend (eval at <anonymous> (C:\Users\arunk\Downloads\projects\New folder\pdf reader\tests\multi-format-persistence.test.js:116:9), <anonymous>:837:39)
          at eval (eval at <anonymous> (C:\Users\arunk\Downloads\projects\New folder\pdf reader\tests\multi-format-persistence.test.js:116:9), <anonymous>:987:26)
          at Object.eval (C:\Users\arunk\Downloads\projects\New folder\pdf reader\tests\multi-format-persistence.test.js:116:9)
          at Promise.finally.completed (C:\Users\arunk\Downloads\projects\New folder\pdf reader\node_modules\jest-circus\build\jestAdapterInit.js:1561:28)
          at new Promise (<anonymous>)
          at callAsyncCircusFn (C:\Users\arunk\Downloads\projects\New folder\pdf reader\node_modules\jest-circus\build\jestAdapterInit.js:1501:10)
          at _callCircusHook (C:\Users\arunk\Downloads\projects\New folder\pdf reader\node_modules\jest-circus\build\jestAdapterInit.js:980:40)
          at runNextTicks (node:internal/process/task_queues:65:5)
          at processTimers (node:internal/timers:538:9)
          at _runTest (C:\Users\arunk\Downloads\projects\New folder\pdf reader\node_modules\jest-circus\build\jestAdapterInit.js:945:5)
          at C:\Users\arunk\Downloads\projects\New folder\pdf reader\node_modules\jest-circus\build\jestAdapterInit.js:853:7
          at _runTestsForDescribeBlock (C:\Users\arunk\Downloads\projects\New folder\pdf reader\node_modules\jest-circus\build\jestAdapterInit.js:866:11)
          at _runTestsForDescribeBlock (C:\Users\arunk\Downloads\projects\New folder\pdf reader\node_modules\jest-circus\build\jestAdapterInit.js:861:11)
          at _runTestsForDescribeBlock (C:\Users\arunk\Downloads\projects\New folder\pdf reader\node_modules\jest-circus\build\jestAdapterInit.js:861:11)
          at run (C:\Users\arunk\Downloads\projects\New folder\pdf reader\node_modules\jest-circus\build\jestAdapterInit.js:765:3)
          at runAndTransformResultsToJestFormat (C:\Users\arunk\Downloads\projects\New folder\pdf reader\node_modules\jest-circus\build\jestAdapterInit.js:1993:21)
          at jestAdapter (C:\Users\arunk\Downloads\projects\New folder\pdf reader\node_modules\jest-circus\build\runner.js:111:19)
          at runTestInternal (C:\Users\arunk\Downloads\projects\New folder\pdf reader\node_modules\jest-runner\build\index.js:276:16)
          at runTest (C:\Users\arunk\Downloads\projects\New folder\pdf reader\node_modules\jest-runner\build\index.js:344:7)

      at StorageRepository.migrateBackend (eval at <anonymous> (tests/multi-format-persistence.test.js:116:9), <anonymous>:876:15)

    console.warn
      Failed to migrate legacy document storage: ReferenceError: indexedDB is not defined
          at eval (eval at <anonymous> (C:\Users\arunk\Downloads\projects\New folder\pdf reader\tests\multi-format-persistence.test.js:116:9), <anonymous>:405:23)
          at new Promise (<anonymous>)
          at DatabaseManager.init (eval at <anonymous> (C:\Users\arunk\Downloads\projects\New folder\pdf reader\tests\multi-format-persistence.test.js:116:9), <anonymous>:404:24)
          at DatabaseManager.getDB (eval at <anonymous> (C:\Users\arunk\Downloads\projects\New folder\pdf reader\tests\multi-format-persistence.test.js:116:9), <anonymous>:440:17)
          at StorageRepository.migrateBackend (eval at <anonymous> (C:\Users\arunk\Downloads\projects\New folder\pdf reader\tests\multi-format-persistence.test.js:116:9), <anonymous>:837:39)
          at eval (eval at <anonymous> (C:\Users\arunk\Downloads\projects\New folder\pdf reader\tests\multi-format-persistence.test.js:116:9), <anonymous>:987:26)
          at Object.eval (C:\Users\arunk\Downloads\projects\New folder\pdf reader\tests\multi-format-persistence.test.js:116:9)
          at Promise.finally.completed (C:\Users\arunk\Downloads\projects\New folder\pdf reader\node_modules\jest-circus\build\jestAdapterInit.js:1561:28)
          at new Promise (<anonymous>)
          at callAsyncCircusFn (C:\Users\arunk\Downloads\projects\New folder\pdf reader\node_modules\jest-circus\build\jestAdapterInit.js:1501:10)
          at _callCircusHook (C:\Users\arunk\Downloads\projects\New folder\pdf reader\node_modules\jest-circus\build\jestAdapterInit.js:980:40)
          at runNextTicks (node:internal/process/task_queues:65:5)
          at processTimers (node:internal/timers:538:9)
          at _runTest (C:\Users\arunk\Downloads\projects\New folder\pdf reader\node_modules\jest-circus\build\jestAdapterInit.js:945:5)
          at C:\Users\arunk\Downloads\projects\New folder\pdf reader\node_modules\jest-circus\build\jestAdapterInit.js:853:7
          at _runTestsForDescribeBlock (C:\Users\arunk\Downloads\projects\New folder\pdf reader\node_modules\jest-circus\build\jestAdapterInit.js:866:11)
          at _runTestsForDescribeBlock (C:\Users\arunk\Downloads\projects\New folder\pdf reader\node_modules\jest-circus\build\jestAdapterInit.js:861:11)
          at _runTestsForDescribeBlock (C:\Users\arunk\Downloads\projects\New folder\pdf reader\node_modules\jest-circus\build\jestAdapterInit.js:861:11)
          at run (C:\Users\arunk\Downloads\projects\New folder\pdf reader\node_modules\jest-circus\build\jestAdapterInit.js:765:3)
          at runAndTransformResultsToJestFormat (C:\Users\arunk\Downloads\projects\New folder\pdf reader\node_modules\jest-circus\build\jestAdapterInit.js:1993:21)
          at jestAdapter (C:\Users\arunk\Downloads\projects\New folder\pdf reader\node_modules\jest-circus\build\runner.js:111:19)
          at runTestInternal (C:\Users\arunk\Downloads\projects\New folder\pdf reader\node_modules\jest-runner\build\index.js:276:16)
          at runTest (C:\Users\arunk\Downloads\projects\New folder\pdf reader\node_modules\jest-runner\build\index.js:344:7)

      at StorageRepository.migrateBackend (eval at <anonymous> (tests/multi-format-persistence.test.js:116:9), <anonymous>:876:15)

    console.warn
      Failed to migrate legacy document storage: ReferenceError: indexedDB is not defined
          at eval (eval at <anonymous> (C:\Users\arunk\Downloads\projects\New folder\pdf reader\tests\multi-format-persistence.test.js:116:9), <anonymous>:405:23)
          at new Promise (<anonymous>)
          at DatabaseManager.init (eval at <anonymous> (C:\Users\arunk\Downloads\projects\New folder\pdf reader\tests\multi-format-persistence.test.js:116:9), <anonymous>:404:24)
          at DatabaseManager.getDB (eval at <anonymous> (C:\Users\arunk\Downloads\projects\New folder\pdf reader\tests\multi-format-persistence.test.js:116:9), <anonymous>:440:17)
          at StorageRepository.migrateBackend (eval at <anonymous> (C:\Users\arunk\Downloads\projects\New folder\pdf reader\tests\multi-format-persistence.test.js:116:9), <anonymous>:837:39)
          at eval (eval at <anonymous> (C:\Users\arunk\Downloads\projects\New folder\pdf reader\tests\multi-format-persistence.test.js:116:9), <anonymous>:987:26)
          at Object.eval (C:\Users\arunk\Downloads\projects\New folder\pdf reader\tests\multi-format-persistence.test.js:116:9)
          at Promise.finally.completed (C:\Users\arunk\Downloads\projects\New folder\pdf reader\node_modules\jest-circus\build\jestAdapterInit.js:1561:28)
          at new Promise (<anonymous>)
          at callAsyncCircusFn (C:\Users\arunk\Downloads\projects\New folder\pdf reader\node_modules\jest-circus\build\jestAdapterInit.js:1501:10)
          at _callCircusHook (C:\Users\arunk\Downloads\projects\New folder\pdf reader\node_modules\jest-circus\build\jestAdapterInit.js:980:40)
          at runNextTicks (node:internal/process/task_queues:65:5)
          at processTimers (node:internal/timers:538:9)
          at _runTest (C:\Users\arunk\Downloads\projects\New folder\pdf reader\node_modules\jest-circus\build\jestAdapterInit.js:945:5)
          at C:\Users\arunk\Downloads\projects\New folder\pdf reader\node_modules\jest-circus\build\jestAdapterInit.js:853:7
          at _runTestsForDescribeBlock (C:\Users\arunk\Downloads\projects\New folder\pdf reader\node_modules\jest-circus\build\jestAdapterInit.js:866:11)
          at _runTestsForDescribeBlock (C:\Users\arunk\Downloads\projects\New folder\pdf reader\node_modules\jest-circus\build\jestAdapterInit.js:861:11)
          at _runTestsForDescribeBlock (C:\Users\arunk\Downloads\projects\New folder\pdf reader\node_modules\jest-circus\build\jestAdapterInit.js:861:11)
          at run (C:\Users\arunk\Downloads\projects\New folder\pdf reader\node_modules\jest-circus\build\jestAdapterInit.js:765:3)
          at runAndTransformResultsToJestFormat (C:\Users\arunk\Downloads\projects\New folder\pdf reader\node_modules\jest-circus\build\jestAdapterInit.js:1993:21)
          at jestAdapter (C:\Users\arunk\Downloads\projects\New folder\pdf reader\node_modules\jest-circus\build\runner.js:111:19)
          at runTestInternal (C:\Users\arunk\Downloads\projects\New folder\pdf reader\node_modules\jest-runner\build\index.js:276:16)
          at runTest (C:\Users\arunk\Downloads\projects\New folder\pdf reader\node_modules\jest-runner\build\index.js:344:7)

      at StorageRepository.migrateBackend (eval at <anonymous> (tests/multi-format-persistence.test.js:116:9), <anonymous>:876:15)

    console.warn
      Failed to migrate legacy document storage: ReferenceError: indexedDB is not defined
          at eval (eval at <anonymous> (C:\Users\arunk\Downloads\projects\New folder\pdf reader\tests\multi-format-persistence.test.js:116:9), <anonymous>:405:23)
          at new Promise (<anonymous>)
          at DatabaseManager.init (eval at <anonymous> (C:\Users\arunk\Downloads\projects\New folder\pdf reader\tests\multi-format-persistence.test.js:116:9), <anonymous>:404:24)
          at DatabaseManager.getDB (eval at <anonymous> (C:\Users\arunk\Downloads\projects\New folder\pdf reader\tests\multi-format-persistence.test.js:116:9), <anonymous>:440:17)
          at StorageRepository.migrateBackend (eval at <anonymous> (C:\Users\arunk\Downloads\projects\New folder\pdf reader\tests\multi-format-persistence.test.js:116:9), <anonymous>:837:39)
          at eval (eval at <anonymous> (C:\Users\arunk\Downloads\projects\New folder\pdf reader\tests\multi-format-persistence.test.js:116:9), <anonymous>:987:26)
          at Object.eval (C:\Users\arunk\Downloads\projects\New folder\pdf reader\tests\multi-format-persistence.test.js:116:9)
          at Promise.finally.completed (C:\Users\arunk\Downloads\projects\New folder\pdf reader\node_modules\jest-circus\build\jestAdapterInit.js:1561:28)
          at new Promise (<anonymous>)
          at callAsyncCircusFn (C:\Users\arunk\Downloads\projects\New folder\pdf reader\node_modules\jest-circus\build\jestAdapterInit.js:1501:10)
          at _callCircusHook (C:\Users\arunk\Downloads\projects\New folder\pdf reader\node_modules\jest-circus\build\jestAdapterInit.js:980:40)
          at runNextTicks (node:internal/process/task_queues:65:5)
          at processTimers (node:internal/timers:538:9)
          at _runTest (C:\Users\arunk\Downloads\projects\New folder\pdf reader\node_modules\jest-circus\build\jestAdapterInit.js:945:5)
          at C:\Users\arunk\Downloads\projects\New folder\pdf reader\node_modules\jest-circus\build\jestAdapterInit.js:853:7
          at _runTestsForDescribeBlock (C:\Users\arunk\Downloads\projects\New folder\pdf reader\node_modules\jest-circus\build\jestAdapterInit.js:866:11)
          at _runTestsForDescribeBlock (C:\Users\arunk\Downloads\projects\New folder\pdf reader\node_modules\jest-circus\build\jestAdapterInit.js:861:11)
          at _runTestsForDescribeBlock (C:\Users\arunk\Downloads\projects\New folder\pdf reader\node_modules\jest-circus\build\jestAdapterInit.js:861:11)
          at run (C:\Users\arunk\Downloads\projects\New folder\pdf reader\node_modules\jest-circus\build\jestAdapterInit.js:765:3)
          at runAndTransformResultsToJestFormat (C:\Users\arunk\Downloads\projects\New folder\pdf reader\node_modules\jest-circus\build\jestAdapterInit.js:1993:21)
          at jestAdapter (C:\Users\arunk\Downloads\projects\New folder\pdf reader\node_modules\jest-circus\build\runner.js:111:19)
          at runTestInternal (C:\Users\arunk\Downloads\projects\New folder\pdf reader\node_modules\jest-runner\build\index.js:276:16)
          at runTest (C:\Users\arunk\Downloads\projects\New folder\pdf reader\node_modules\jest-runner\build\index.js:344:7)

      at StorageRepository.migrateBackend (eval at <anonymous> (tests/multi-format-persistence.test.js:116:9), <anonymous>:876:15)

    console.warn
      Failed to migrate legacy document storage: ReferenceError: indexedDB is not defined
          at eval (eval at <anonymous> (C:\Users\arunk\Downloads\projects\New folder\pdf reader\tests\multi-format-persistence.test.js:116:9), <anonymous>:405:23)
          at new Promise (<anonymous>)
          at DatabaseManager.init (eval at <anonymous> (C:\Users\arunk\Downloads\projects\New folder\pdf reader\tests\multi-format-persistence.test.js:116:9), <anonymous>:404:24)
          at DatabaseManager.getDB (eval at <anonymous> (C:\Users\arunk\Downloads\projects\New folder\pdf reader\tests\multi-format-persistence.test.js:116:9), <anonymous>:440:17)
          at StorageRepository.migrateBackend (eval at <anonymous> (C:\Users\arunk\Downloads\projects\New folder\pdf reader\tests\multi-format-persistence.test.js:116:9), <anonymous>:837:39)
          at eval (eval at <anonymous> (C:\Users\arunk\Downloads\projects\New folder\pdf reader\tests\multi-format-persistence.test.js:116:9), <anonymous>:987:26)
          at Object.eval (C:\Users\arunk\Downloads\projects\New folder\pdf reader\tests\multi-format-persistence.test.js:116:9)
          at Promise.finally.completed (C:\Users\arunk\Downloads\projects\New folder\pdf reader\node_modules\jest-circus\build\jestAdapterInit.js:1561:28)
          at new Promise (<anonymous>)
          at callAsyncCircusFn (C:\Users\arunk\Downloads\projects\New folder\pdf reader\node_modules\jest-circus\build\jestAdapterInit.js:1501:10)
          at _callCircusHook (C:\Users\arunk\Downloads\projects\New folder\pdf reader\node_modules\jest-circus\build\jestAdapterInit.js:980:40)
          at runNextTicks (node:internal/process/task_queues:65:5)
          at processTimers (node:internal/timers:538:9)
          at _runTest (C:\Users\arunk\Downloads\projects\New folder\pdf reader\node_modules\jest-circus\build\jestAdapterInit.js:945:5)
          at C:\Users\arunk\Downloads\projects\New folder\pdf reader\node_modules\jest-circus\build\jestAdapterInit.js:853:7
          at _runTestsForDescribeBlock (C:\Users\arunk\Downloads\projects\New folder\pdf reader\node_modules\jest-circus\build\jestAdapterInit.js:866:11)
          at _runTestsForDescribeBlock (C:\Users\arunk\Downloads\projects\New folder\pdf reader\node_modules\jest-circus\build\jestAdapterInit.js:861:11)
          at _runTestsForDescribeBlock (C:\Users\arunk\Downloads\projects\New folder\pdf reader\node_modules\jest-circus\build\jestAdapterInit.js:861:11)
          at run (C:\Users\arunk\Downloads\projects\New folder\pdf reader\node_modules\jest-circus\build\jestAdapterInit.js:765:3)
          at runAndTransformResultsToJestFormat (C:\Users\arunk\Downloads\projects\New folder\pdf reader\node_modules\jest-circus\build\jestAdapterInit.js:1993:21)
          at jestAdapter (C:\Users\arunk\Downloads\projects\New folder\pdf reader\node_modules\jest-circus\build\runner.js:111:19)
          at runTestInternal (C:\Users\arunk\Downloads\projects\New folder\pdf reader\node_modules\jest-runner\build\index.js:276:16)
          at runTest (C:\Users\arunk\Downloads\projects\New folder\pdf reader\node_modules\jest-runner\build\index.js:344:7)

      at StorageRepository.migrateBackend (eval at <anonymous> (tests/multi-format-persistence.test.js:116:9), <anonymous>:876:15)

    console.warn
      Failed to migrate legacy document storage: ReferenceError: indexedDB is not defined
          at eval (eval at <anonymous> (C:\Users\arunk\Downloads\projects\New folder\pdf reader\tests\multi-format-persistence.test.js:116:9), <anonymous>:405:23)
          at new Promise (<anonymous>)
          at DatabaseManager.init (eval at <anonymous> (C:\Users\arunk\Downloads\projects\New folder\pdf reader\tests\multi-format-persistence.test.js:116:9), <anonymous>:404:24)
          at DatabaseManager.getDB (eval at <anonymous> (C:\Users\arunk\Downloads\projects\New folder\pdf reader\tests\multi-format-persistence.test.js:116:9), <anonymous>:440:17)
          at StorageRepository.migrateBackend (eval at <anonymous> (C:\Users\arunk\Downloads\projects\New folder\pdf reader\tests\multi-format-persistence.test.js:116:9), <anonymous>:837:39)
          at eval (eval at <anonymous> (C:\Users\arunk\Downloads\projects\New folder\pdf reader\tests\multi-format-persistence.test.js:116:9), <anonymous>:987:26)
          at Object.eval (C:\Users\arunk\Downloads\projects\New folder\pdf reader\tests\multi-format-persistence.test.js:116:9)
          at Promise.finally.completed (C:\Users\arunk\Downloads\projects\New folder\pdf reader\node_modules\jest-circus\build\jestAdapterInit.js:1561:28)
          at new Promise (<anonymous>)
          at callAsyncCircusFn (C:\Users\arunk\Downloads\projects\New folder\pdf reader\node_modules\jest-circus\build\jestAdapterInit.js:1501:10)
          at _callCircusHook (C:\Users\arunk\Downloads\projects\New folder\pdf reader\node_modules\jest-circus\build\jestAdapterInit.js:980:40)
          at runNextTicks (node:internal/process/task_queues:65:5)
          at processTimers (node:internal/timers:538:9)
          at _runTest (C:\Users\arunk\Downloads\projects\New folder\pdf reader\node_modules\jest-circus\build\jestAdapterInit.js:945:5)
          at C:\Users\arunk\Downloads\projects\New folder\pdf reader\node_modules\jest-circus\build\jestAdapterInit.js:853:7
          at _runTestsForDescribeBlock (C:\Users\arunk\Downloads\projects\New folder\pdf reader\node_modules\jest-circus\build\jestAdapterInit.js:866:11)
          at _runTestsForDescribeBlock (C:\Users\arunk\Downloads\projects\New folder\pdf reader\node_modules\jest-circus\build\jestAdapterInit.js:861:11)
          at _runTestsForDescribeBlock (C:\Users\arunk\Downloads\projects\New folder\pdf reader\node_modules\jest-circus\build\jestAdapterInit.js:861:11)
          at run (C:\Users\arunk\Downloads\projects\New folder\pdf reader\node_modules\jest-circus\build\jestAdapterInit.js:765:3)
          at runAndTransformResultsToJestFormat (C:\Users\arunk\Downloads\projects\New folder\pdf reader\node_modules\jest-circus\build\jestAdapterInit.js:1993:21)
          at jestAdapter (C:\Users\arunk\Downloads\projects\New folder\pdf reader\node_modules\jest-circus\build\runner.js:111:19)
          at runTestInternal (C:\Users\arunk\Downloads\projects\New folder\pdf reader\node_modules\jest-runner\build\index.js:276:16)
          at runTest (C:\Users\arunk\Downloads\projects\New folder\pdf reader\node_modules\jest-runner\build\index.js:344:7)

      at StorageRepository.migrateBackend (eval at <anonymous> (tests/multi-format-persistence.test.js:116:9), <anonymous>:876:15)

    console.warn
      Failed to migrate legacy document storage: ReferenceError: indexedDB is not defined
          at eval (eval at <anonymous> (C:\Users\arunk\Downloads\projects\New folder\pdf reader\tests\multi-format-persistence.test.js:116:9), <anonymous>:405:23)
          at new Promise (<anonymous>)
          at DatabaseManager.init (eval at <anonymous> (C:\Users\arunk\Downloads\projects\New folder\pdf reader\tests\multi-format-persistence.test.js:116:9), <anonymous>:404:24)
          at DatabaseManager.getDB (eval at <anonymous> (C:\Users\arunk\Downloads\projects\New folder\pdf reader\tests\multi-format-persistence.test.js:116:9), <anonymous>:440:17)
          at StorageRepository.migrateBackend (eval at <anonymous> (C:\Users\arunk\Downloads\projects\New folder\pdf reader\tests\multi-format-persistence.test.js:116:9), <anonymous>:837:39)
          at eval (eval at <anonymous> (C:\Users\arunk\Downloads\projects\New folder\pdf reader\tests\multi-format-persistence.test.js:116:9), <anonymous>:987:26)
          at Object.eval (C:\Users\arunk\Downloads\projects\New folder\pdf reader\tests\multi-format-persistence.test.js:116:9)
          at Promise.finally.completed (C:\Users\arunk\Downloads\projects\New folder\pdf reader\node_modules\jest-circus\build\jestAdapterInit.js:1561:28)
          at new Promise (<anonymous>)
          at callAsyncCircusFn (C:\Users\arunk\Downloads\projects\New folder\pdf reader\node_modules\jest-circus\build\jestAdapterInit.js:1501:10)
          at _callCircusHook (C:\Users\arunk\Downloads\projects\New folder\pdf reader\node_modules\jest-circus\build\jestAdapterInit.js:980:40)
          at runNextTicks (node:internal/process/task_queues:65:5)
          at processTimers (node:internal/timers:538:9)
          at _runTest (C:\Users\arunk\Downloads\projects\New folder\pdf reader\node_modules\jest-circus\build\jestAdapterInit.js:945:5)
          at C:\Users\arunk\Downloads\projects\New folder\pdf reader\node_modules\jest-circus\build\jestAdapterInit.js:853:7
          at _runTestsForDescribeBlock (C:\Users\arunk\Downloads\projects\New folder\pdf reader\node_modules\jest-circus\build\jestAdapterInit.js:866:11)
          at _runTestsForDescribeBlock (C:\Users\arunk\Downloads\projects\New folder\pdf reader\node_modules\jest-circus\build\jestAdapterInit.js:861:11)
          at _runTestsForDescribeBlock (C:\Users\arunk\Downloads\projects\New folder\pdf reader\node_modules\jest-circus\build\jestAdapterInit.js:861:11)
          at run (C:\Users\arunk\Downloads\projects\New folder\pdf reader\node_modules\jest-circus\build\jestAdapterInit.js:765:3)
          at runAndTransformResultsToJestFormat (C:\Users\arunk\Downloads\projects\New folder\pdf reader\node_modules\jest-circus\build\jestAdapterInit.js:1993:21)
          at jestAdapter (C:\Users\arunk\Downloads\projects\New folder\pdf reader\node_modules\jest-circus\build\runner.js:111:19)
          at runTestInternal (C:\Users\arunk\Downloads\projects\New folder\pdf reader\node_modules\jest-runner\build\index.js:276:16)
          at runTest (C:\Users\arunk\Downloads\projects\New folder\pdf reader\node_modules\jest-runner\build\index.js:344:7)

      at StorageRepository.migrateBackend (eval at <anonymous> (tests/multi-format-persistence.test.js:116:9), <anonymous>:876:15)

    console.warn
      Failed to migrate legacy document storage: ReferenceError: indexedDB is not defined
          at eval (eval at <anonymous> (C:\Users\arunk\Downloads\projects\New folder\pdf reader\tests\multi-format-persistence.test.js:116:9), <anonymous>:405:23)
          at new Promise (<anonymous>)
          at DatabaseManager.init (eval at <anonymous> (C:\Users\arunk\Downloads\projects\New folder\pdf reader\tests\multi-format-persistence.test.js:116:9), <anonymous>:404:24)
          at DatabaseManager.getDB (eval at <anonymous> (C:\Users\arunk\Downloads\projects\New folder\pdf reader\tests\multi-format-persistence.test.js:116:9), <anonymous>:440:17)
          at StorageRepository.migrateBackend (eval at <anonymous> (C:\Users\arunk\Downloads\projects\New folder\pdf reader\tests\multi-format-persistence.test.js:116:9), <anonymous>:837:39)
          at eval (eval at <anonymous> (C:\Users\arunk\Downloads\projects\New folder\pdf reader\tests\multi-format-persistence.test.js:116:9), <anonymous>:987:26)
          at Object.eval (C:\Users\arunk\Downloads\projects\New folder\pdf reader\tests\multi-format-persistence.test.js:116:9)
          at Promise.finally.completed (C:\Users\arunk\Downloads\projects\New folder\pdf reader\node_modules\jest-circus\build\jestAdapterInit.js:1561:28)
          at new Promise (<anonymous>)
          at callAsyncCircusFn (C:\Users\arunk\Downloads\projects\New folder\pdf reader\node_modules\jest-circus\build\jestAdapterInit.js:1501:10)
          at _callCircusHook (C:\Users\arunk\Downloads\projects\New folder\pdf reader\node_modules\jest-circus\build\jestAdapterInit.js:980:40)
          at runNextTicks (node:internal/process/task_queues:65:5)
          at processTimers (node:internal/timers:538:9)
          at _runTest (C:\Users\arunk\Downloads\projects\New folder\pdf reader\node_modules\jest-circus\build\jestAdapterInit.js:945:5)
          at C:\Users\arunk\Downloads\projects\New folder\pdf reader\node_modules\jest-circus\build\jestAdapterInit.js:853:7
          at _runTestsForDescribeBlock (C:\Users\arunk\Downloads\projects\New folder\pdf reader\node_modules\jest-circus\build\jestAdapterInit.js:866:11)
          at _runTestsForDescribeBlock (C:\Users\arunk\Downloads\projects\New folder\pdf reader\node_modules\jest-circus\build\jestAdapterInit.js:861:11)
          at _runTestsForDescribeBlock (C:\Users\arunk\Downloads\projects\New folder\pdf reader\node_modules\jest-circus\build\jestAdapterInit.js:861:11)
          at run (C:\Users\arunk\Downloads\projects\New folder\pdf reader\node_modules\jest-circus\build\jestAdapterInit.js:765:3)
          at runAndTransformResultsToJestFormat (C:\Users\arunk\Downloads\projects\New folder\pdf reader\node_modules\jest-circus\build\jestAdapterInit.js:1993:21)
          at jestAdapter (C:\Users\arunk\Downloads\projects\New folder\pdf reader\node_modules\jest-circus\build\runner.js:111:19)
          at runTestInternal (C:\Users\arunk\Downloads\projects\New folder\pdf reader\node_modules\jest-runner\build\index.js:276:16)
          at runTest (C:\Users\arunk\Downloads\projects\New folder\pdf reader\node_modules\jest-runner\build\index.js:344:7)

      at StorageRepository.migrateBackend (eval at <anonymous> (tests/multi-format-persistence.test.js:116:9), <anonymous>:876:15)

    console.warn
      Failed to migrate legacy document storage: ReferenceError: indexedDB is not defined
          at eval (eval at <anonymous> (C:\Users\arunk\Downloads\projects\New folder\pdf reader\tests\multi-format-persistence.test.js:116:9), <anonymous>:405:23)
          at new Promise (<anonymous>)
          at DatabaseManager.init (eval at <anonymous> (C:\Users\arunk\Downloads\projects\New folder\pdf reader\tests\multi-format-persistence.test.js:116:9), <anonymous>:404:24)
          at DatabaseManager.getDB (eval at <anonymous> (C:\Users\arunk\Downloads\projects\New folder\pdf reader\tests\multi-format-persistence.test.js:116:9), <anonymous>:440:17)
          at StorageRepository.migrateBackend (eval at <anonymous> (C:\Users\arunk\Downloads\projects\New folder\pdf reader\tests\multi-format-persistence.test.js:116:9), <anonymous>:837:39)
          at eval (eval at <anonymous> (C:\Users\arunk\Downloads\projects\New folder\pdf reader\tests\multi-format-persistence.test.js:116:9), <anonymous>:987:26)
          at Object.eval (C:\Users\arunk\Downloads\projects\New folder\pdf reader\tests\multi-format-persistence.test.js:116:9)
          at Promise.finally.completed (C:\Users\arunk\Downloads\projects\New folder\pdf reader\node_modules\jest-circus\build\jestAdapterInit.js:1561:28)
          at new Promise (<anonymous>)
          at callAsyncCircusFn (C:\Users\arunk\Downloads\projects\New folder\pdf reader\node_modules\jest-circus\build\jestAdapterInit.js:1501:10)
          at _callCircusHook (C:\Users\arunk\Downloads\projects\New folder\pdf reader\node_modules\jest-circus\build\jestAdapterInit.js:980:40)
          at runNextTicks (node:internal/process/task_queues:65:5)
          at processTimers (node:internal/timers:538:9)
          at _runTest (C:\Users\arunk\Downloads\projects\New folder\pdf reader\node_modules\jest-circus\build\jestAdapterInit.js:945:5)
          at C:\Users\arunk\Downloads\projects\New folder\pdf reader\node_modules\jest-circus\build\jestAdapterInit.js:853:7
          at _runTestsForDescribeBlock (C:\Users\arunk\Downloads\projects\New folder\pdf reader\node_modules\jest-circus\build\jestAdapterInit.js:866:11)
          at _runTestsForDescribeBlock (C:\Users\arunk\Downloads\projects\New folder\pdf reader\node_modules\jest-circus\build\jestAdapterInit.js:861:11)
          at _runTestsForDescribeBlock (C:\Users\arunk\Downloads\projects\New folder\pdf reader\node_modules\jest-circus\build\jestAdapterInit.js:861:11)
          at run (C:\Users\arunk\Downloads\projects\New folder\pdf reader\node_modules\jest-circus\build\jestAdapterInit.js:765:3)
          at runAndTransformResultsToJestFormat (C:\Users\arunk\Downloads\projects\New folder\pdf reader\node_modules\jest-circus\build\jestAdapterInit.js:1993:21)
          at jestAdapter (C:\Users\arunk\Downloads\projects\New folder\pdf reader\node_modules\jest-circus\build\runner.js:111:19)
          at runTestInternal (C:\Users\arunk\Downloads\projects\New folder\pdf reader\node_modules\jest-runner\build\index.js:276:16)
          at runTest (C:\Users\arunk\Downloads\projects\New folder\pdf reader\node_modules\jest-runner\build\index.js:344:7)

      at StorageRepository.migrateBackend (eval at <anonymous> (tests/multi-format-persistence.test.js:116:9), <anonymous>:876:15)

    console.warn
      Failed to migrate legacy document storage: ReferenceError: indexedDB is not defined
          at eval (eval at <anonymous> (C:\Users\arunk\Downloads\projects\New folder\pdf reader\tests\multi-format-persistence.test.js:116:9), <anonymous>:405:23)
          at new Promise (<anonymous>)
          at DatabaseManager.init (eval at <anonymous> (C:\Users\arunk\Downloads\projects\New folder\pdf reader\tests\multi-format-persistence.test.js:116:9), <anonymous>:404:24)
          at DatabaseManager.getDB (eval at <anonymous> (C:\Users\arunk\Downloads\projects\New folder\pdf reader\tests\multi-format-persistence.test.js:116:9), <anonymous>:440:17)
          at StorageRepository.migrateBackend (eval at <anonymous> (C:\Users\arunk\Downloads\projects\New folder\pdf reader\tests\multi-format-persistence.test.js:116:9), <anonymous>:837:39)
          at eval (eval at <anonymous> (C:\Users\arunk\Downloads\projects\New folder\pdf reader\tests\multi-format-persistence.test.js:116:9), <anonymous>:987:26)
          at Object.eval (C:\Users\arunk\Downloads\projects\New folder\pdf reader\tests\multi-format-persistence.test.js:116:9)
          at Promise.finally.completed (C:\Users\arunk\Downloads\projects\New folder\pdf reader\node_modules\jest-circus\build\jestAdapterInit.js:1561:28)
          at new Promise (<anonymous>)
          at callAsyncCircusFn (C:\Users\arunk\Downloads\projects\New folder\pdf reader\node_modules\jest-circus\build\jestAdapterInit.js:1501:10)
          at _callCircusHook (C:\Users\arunk\Downloads\projects\New folder\pdf reader\node_modules\jest-circus\build\jestAdapterInit.js:980:40)
          at runNextTicks (node:internal/process/task_queues:65:5)
          at processTimers (node:internal/timers:538:9)
          at _runTest (C:\Users\arunk\Downloads\projects\New folder\pdf reader\node_modules\jest-circus\build\jestAdapterInit.js:945:5)
          at C:\Users\arunk\Downloads\projects\New folder\pdf reader\node_modules\jest-circus\build\jestAdapterInit.js:853:7
          at _runTestsForDescribeBlock (C:\Users\arunk\Downloads\projects\New folder\pdf reader\node_modules\jest-circus\build\jestAdapterInit.js:866:11)
          at _runTestsForDescribeBlock (C:\Users\arunk\Downloads\projects\New folder\pdf reader\node_modules\jest-circus\build\jestAdapterInit.js:861:11)
          at _runTestsForDescribeBlock (C:\Users\arunk\Downloads\projects\New folder\pdf reader\node_modules\jest-circus\build\jestAdapterInit.js:861:11)
          at run (C:\Users\arunk\Downloads\projects\New folder\pdf reader\node_modules\jest-circus\build\jestAdapterInit.js:765:3)
          at runAndTransformResultsToJestFormat (C:\Users\arunk\Downloads\projects\New folder\pdf reader\node_modules\jest-circus\build\jestAdapterInit.js:1993:21)
          at jestAdapter (C:\Users\arunk\Downloads\projects\New folder\pdf reader\node_modules\jest-circus\build\runner.js:111:19)
          at runTestInternal (C:\Users\arunk\Downloads\projects\New folder\pdf reader\node_modules\jest-runner\build\index.js:276:16)
          at runTest (C:\Users\arunk\Downloads\projects\New folder\pdf reader\node_modules\jest-runner\build\index.js:344:7)

      at StorageRepository.migrateBackend (eval at <anonymous> (tests/multi-format-persistence.test.js:116:9), <anonymous>:876:15)

    console.warn
      Failed to migrate legacy document storage: ReferenceError: indexedDB is not defined
          at eval (eval at <anonymous> (C:\Users\arunk\Downloads\projects\New folder\pdf reader\tests\multi-format-persistence.test.js:116:9), <anonymous>:405:23)
          at new Promise (<anonymous>)
          at DatabaseManager.init (eval at <anonymous> (C:\Users\arunk\Downloads\projects\New folder\pdf reader\tests\multi-format-persistence.test.js:116:9), <anonymous>:404:24)
          at DatabaseManager.getDB (eval at <anonymous> (C:\Users\arunk\Downloads\projects\New folder\pdf reader\tests\multi-format-persistence.test.js:116:9), <anonymous>:440:17)
          at StorageRepository.migrateBackend (eval at <anonymous> (C:\Users\arunk\Downloads\projects\New folder\pdf reader\tests\multi-format-persistence.test.js:116:9), <anonymous>:837:39)
          at eval (eval at <anonymous> (C:\Users\arunk\Downloads\projects\New folder\pdf reader\tests\multi-format-persistence.test.js:116:9), <anonymous>:987:26)
          at Object.eval (C:\Users\arunk\Downloads\projects\New folder\pdf reader\tests\multi-format-persistence.test.js:116:9)
          at Promise.finally.completed (C:\Users\arunk\Downloads\projects\New folder\pdf reader\node_modules\jest-circus\build\jestAdapterInit.js:1561:28)
          at new Promise (<anonymous>)
          at callAsyncCircusFn (C:\Users\arunk\Downloads\projects\New folder\pdf reader\node_modules\jest-circus\build\jestAdapterInit.js:1501:10)
          at _callCircusHook (C:\Users\arunk\Downloads\projects\New folder\pdf reader\node_modules\jest-circus\build\jestAdapterInit.js:980:40)
          at runNextTicks (node:internal/process/task_queues:65:5)
          at processTimers (node:internal/timers:538:9)
          at _runTest (C:\Users\arunk\Downloads\projects\New folder\pdf reader\node_modules\jest-circus\build\jestAdapterInit.js:945:5)
          at C:\Users\arunk\Downloads\projects\New folder\pdf reader\node_modules\jest-circus\build\jestAdapterInit.js:853:7
          at _runTestsForDescribeBlock (C:\Users\arunk\Downloads\projects\New folder\pdf reader\node_modules\jest-circus\build\jestAdapterInit.js:866:11)
          at _runTestsForDescribeBlock (C:\Users\arunk\Downloads\projects\New folder\pdf reader\node_modules\jest-circus\build\jestAdapterInit.js:861:11)
          at _runTestsForDescribeBlock (C:\Users\arunk\Downloads\projects\New folder\pdf reader\node_modules\jest-circus\build\jestAdapterInit.js:861:11)
          at run (C:\Users\arunk\Downloads\projects\New folder\pdf reader\node_modules\jest-circus\build\jestAdapterInit.js:765:3)
          at runAndTransformResultsToJestFormat (C:\Users\arunk\Downloads\projects\New folder\pdf reader\node_modules\jest-circus\build\jestAdapterInit.js:1993:21)
          at jestAdapter (C:\Users\arunk\Downloads\projects\New folder\pdf reader\node_modules\jest-circus\build\runner.js:111:19)
          at runTestInternal (C:\Users\arunk\Downloads\projects\New folder\pdf reader\node_modules\jest-runner\build\index.js:276:16)
          at runTest (C:\Users\arunk\Downloads\projects\New folder\pdf reader\node_modules\jest-runner\build\index.js:344:7)

      at StorageRepository.migrateBackend (eval at <anonymous> (tests/multi-format-persistence.test.js:116:9), <anonymous>:876:15)

    console.log
      [ProfileMigration] Migrating namespace from 'guest' to 'testuser'...

      at eval (eval at <anonymous> (tests/multi-format-persistence.test.js:116:9), <anonymous>:1064:17)
          at Array.forEach (<anonymous>)

    console.warn
      Failed to migrate legacy document storage: ReferenceError: indexedDB is not defined
          at eval (eval at <anonymous> (C:\Users\arunk\Downloads\projects\New folder\pdf reader\tests\multi-format-persistence.test.js:116:9), <anonymous>:405:23)
          at new Promise (<anonymous>)
          at DatabaseManager.init (eval at <anonymous> (C:\Users\arunk\Downloads\projects\New folder\pdf reader\tests\multi-format-persistence.test.js:116:9), <anonymous>:404:24)
          at DatabaseManager.getDB (eval at <anonymous> (C:\Users\arunk\Downloads\projects\New folder\pdf reader\tests\multi-format-persistence.test.js:116:9), <anonymous>:440:17)
          at StorageRepository.migrateBackend (eval at <anonymous> (C:\Users\arunk\Downloads\projects\New folder\pdf reader\tests\multi-format-persistence.test.js:116:9), <anonymous>:837:39)
          at eval (eval at <anonymous> (C:\Users\arunk\Downloads\projects\New folder\pdf reader\tests\multi-format-persistence.test.js:116:9), <anonymous>:987:26)
          at Object.eval (C:\Users\arunk\Downloads\projects\New folder\pdf reader\tests\multi-format-persistence.test.js:116:9)
          at Promise.finally.completed (C:\Users\arunk\Downloads\projects\New folder\pdf reader\node_modules\jest-circus\build\jestAdapterInit.js:1561:28)
          at new Promise (<anonymous>)
          at callAsyncCircusFn (C:\Users\arunk\Downloads\projects\New folder\pdf reader\node_modules\jest-circus\build\jestAdapterInit.js:1501:10)
          at _callCircusHook (C:\Users\arunk\Downloads\projects\New folder\pdf reader\node_modules\jest-circus\build\jestAdapterInit.js:980:40)
          at runNextTicks (node:internal/process/task_queues:65:5)
          at processTimers (node:internal/timers:538:9)
          at _runTest (C:\Users\arunk\Downloads\projects\New folder\pdf reader\node_modules\jest-circus\build\jestAdapterInit.js:945:5)
          at C:\Users\arunk\Downloads\projects\New folder\pdf reader\node_modules\jest-circus\build\jestAdapterInit.js:853:7
          at _runTestsForDescribeBlock (C:\Users\arunk\Downloads\projects\New folder\pdf reader\node_modules\jest-circus\build\jestAdapterInit.js:866:11)
          at _runTestsForDescribeBlock (C:\Users\arunk\Downloads\projects\New folder\pdf reader\node_modules\jest-circus\build\jestAdapterInit.js:861:11)
          at _runTestsForDescribeBlock (C:\Users\arunk\Downloads\projects\New folder\pdf reader\node_modules\jest-circus\build\jestAdapterInit.js:861:11)
          at run (C:\Users\arunk\Downloads\projects\New folder\pdf reader\node_modules\jest-circus\build\jestAdapterInit.js:765:3)
          at runAndTransformResultsToJestFormat (C:\Users\arunk\Downloads\projects\New folder\pdf reader\node_modules\jest-circus\build\jestAdapterInit.js:1993:21)
          at jestAdapter (C:\Users\arunk\Downloads\projects\New folder\pdf reader\node_modules\jest-circus\build\runner.js:111:19)
          at runTestInternal (C:\Users\arunk\Downloads\projects\New folder\pdf reader\node_modules\jest-runner\build\index.js:276:16)
          at runTest (C:\Users\arunk\Downloads\projects\New folder\pdf reader\node_modules\jest-runner\build\index.js:344:7)

      at StorageRepository.migrateBackend (eval at <anonymous> (tests/multi-format-persistence.test.js:116:9), <anonymous>:876:15)

    console.warn
      Failed to migrate legacy document storage: ReferenceError: indexedDB is not defined
          at eval (eval at <anonymous> (C:\Users\arunk\Downloads\projects\New folder\pdf reader\tests\multi-format-persistence.test.js:116:9), <anonymous>:405:23)
          at new Promise (<anonymous>)
          at DatabaseManager.init (eval at <anonymous> (C:\Users\arunk\Downloads\projects\New folder\pdf reader\tests\multi-format-persistence.test.js:116:9), <anonymous>:404:24)
          at DatabaseManager.getDB (eval at <anonymous> (C:\Users\arunk\Downloads\projects\New folder\pdf reader\tests\multi-format-persistence.test.js:116:9), <anonymous>:440:17)
          at StorageRepository.migrateBackend (eval at <anonymous> (C:\Users\arunk\Downloads\projects\New folder\pdf reader\tests\multi-format-persistence.test.js:116:9), <anonymous>:837:39)
          at eval (eval at <anonymous> (C:\Users\arunk\Downloads\projects\New folder\pdf reader\tests\multi-format-persistence.test.js:116:9), <anonymous>:987:26)
          at Object.eval (C:\Users\arunk\Downloads\projects\New folder\pdf reader\tests\multi-format-persistence.test.js:116:9)
          at Promise.finally.completed (C:\Users\arunk\Downloads\projects\New folder\pdf reader\node_modules\jest-circus\build\jestAdapterInit.js:1561:28)
          at new Promise (<anonymous>)
          at callAsyncCircusFn (C:\Users\arunk\Downloads\projects\New folder\pdf reader\node_modules\jest-circus\build\jestAdapterInit.js:1501:10)
          at _callCircusHook (C:\Users\arunk\Downloads\projects\New folder\pdf reader\node_modules\jest-circus\build\jestAdapterInit.js:980:40)
          at runNextTicks (node:internal/process/task_queues:65:5)
          at processTimers (node:internal/timers:538:9)
          at _runTest (C:\Users\arunk\Downloads\projects\New folder\pdf reader\node_modules\jest-circus\build\jestAdapterInit.js:945:5)
          at C:\Users\arunk\Downloads\projects\New folder\pdf reader\node_modules\jest-circus\build\jestAdapterInit.js:853:7
          at _runTestsForDescribeBlock (C:\Users\arunk\Downloads\projects\New folder\pdf reader\node_modules\jest-circus\build\jestAdapterInit.js:866:11)
          at _runTestsForDescribeBlock (C:\Users\arunk\Downloads\projects\New folder\pdf reader\node_modules\jest-circus\build\jestAdapterInit.js:861:11)
          at _runTestsForDescribeBlock (C:\Users\arunk\Downloads\projects\New folder\pdf reader\node_modules\jest-circus\build\jestAdapterInit.js:861:11)
          at run (C:\Users\arunk\Downloads\projects\New folder\pdf reader\node_modules\jest-circus\build\jestAdapterInit.js:765:3)
          at runAndTransformResultsToJestFormat (C:\Users\arunk\Downloads\projects\New folder\pdf reader\node_modules\jest-circus\build\jestAdapterInit.js:1993:21)
          at jestAdapter (C:\Users\arunk\Downloads\projects\New folder\pdf reader\node_modules\jest-circus\build\runner.js:111:19)
          at runTestInternal (C:\Users\arunk\Downloads\projects\New folder\pdf reader\node_modules\jest-runner\build\index.js:276:16)
          at runTest (C:\Users\arunk\Downloads\projects\New folder\pdf reader\node_modules\jest-runner\build\index.js:344:7)

      at StorageRepository.migrateBackend (eval at <anonymous> (tests/multi-format-persistence.test.js:116:9), <anonymous>:876:15)

    console.warn
      Failed to migrate legacy document storage: ReferenceError: indexedDB is not defined
          at eval (eval at <anonymous> (C:\Users\arunk\Downloads\projects\New folder\pdf reader\tests\multi-format-persistence.test.js:116:9), <anonymous>:405:23)
          at new Promise (<anonymous>)
          at DatabaseManager.init (eval at <anonymous> (C:\Users\arunk\Downloads\projects\New folder\pdf reader\tests\multi-format-persistence.test.js:116:9), <anonymous>:404:24)
          at DatabaseManager.getDB (eval at <anonymous> (C:\Users\arunk\Downloads\projects\New folder\pdf reader\tests\multi-format-persistence.test.js:116:9), <anonymous>:440:17)
          at StorageRepository.migrateBackend (eval at <anonymous> (C:\Users\arunk\Downloads\projects\New folder\pdf reader\tests\multi-format-persistence.test.js:116:9), <anonymous>:837:39)
          at eval (eval at <anonymous> (C:\Users\arunk\Downloads\projects\New folder\pdf reader\tests\multi-format-persistence.test.js:116:9), <anonymous>:987:26)
          at Object.eval (C:\Users\arunk\Downloads\projects\New folder\pdf reader\tests\multi-format-persistence.test.js:116:9)
          at Promise.finally.completed (C:\Users\arunk\Downloads\projects\New folder\pdf reader\node_modules\jest-circus\build\jestAdapterInit.js:1561:28)
          at new Promise (<anonymous>)
          at callAsyncCircusFn (C:\Users\arunk\Downloads\projects\New folder\pdf reader\node_modules\jest-circus\build\jestAdapterInit.js:1501:10)
          at _callCircusHook (C:\Users\arunk\Downloads\projects\New folder\pdf reader\node_modules\jest-circus\build\jestAdapterInit.js:980:40)
          at runNextTicks (node:internal/process/task_queues:65:5)
          at processTimers (node:internal/timers:538:9)
          at _runTest (C:\Users\arunk\Downloads\projects\New folder\pdf reader\node_modules\jest-circus\build\jestAdapterInit.js:945:5)
          at C:\Users\arunk\Downloads\projects\New folder\pdf reader\node_modules\jest-circus\build\jestAdapterInit.js:853:7
          at _runTestsForDescribeBlock (C:\Users\arunk\Downloads\projects\New folder\pdf reader\node_modules\jest-circus\build\jestAdapterInit.js:866:11)
          at _runTestsForDescribeBlock (C:\Users\arunk\Downloads\projects\New folder\pdf reader\node_modules\jest-circus\build\jestAdapterInit.js:861:11)
          at _runTestsForDescribeBlock (C:\Users\arunk\Downloads\projects\New folder\pdf reader\node_modules\jest-circus\build\jestAdapterInit.js:861:11)
          at run (C:\Users\arunk\Downloads\projects\New folder\pdf reader\node_modules\jest-circus\build\jestAdapterInit.js:765:3)
          at runAndTransformResultsToJestFormat (C:\Users\arunk\Downloads\projects\New folder\pdf reader\node_modules\jest-circus\build\jestAdapterInit.js:1993:21)
          at jestAdapter (C:\Users\arunk\Downloads\projects\New folder\pdf reader\node_modules\jest-circus\build\runner.js:111:19)
          at runTestInternal (C:\Users\arunk\Downloads\projects\New folder\pdf reader\node_modules\jest-runner\build\index.js:276:16)
          at runTest (C:\Users\arunk\Downloads\projects\New folder\pdf reader\node_modules\jest-runner\build\index.js:344:7)

      at StorageRepository.migrateBackend (eval at <anonymous> (tests/multi-format-persistence.test.js:116:9), <anonymous>:876:15)

    console.warn
      Failed to migrate legacy document storage: ReferenceError: indexedDB is not defined
          at eval (eval at <anonymous> (C:\Users\arunk\Downloads\projects\New folder\pdf reader\tests\multi-format-persistence.test.js:116:9), <anonymous>:405:23)
          at new Promise (<anonymous>)
          at DatabaseManager.init (eval at <anonymous> (C:\Users\arunk\Downloads\projects\New folder\pdf reader\tests\multi-format-persistence.test.js:116:9), <anonymous>:404:24)
          at DatabaseManager.getDB (eval at <anonymous> (C:\Users\arunk\Downloads\projects\New folder\pdf reader\tests\multi-format-persistence.test.js:116:9), <anonymous>:440:17)
          at StorageRepository.migrateBackend (eval at <anonymous> (C:\Users\arunk\Downloads\projects\New folder\pdf reader\tests\multi-format-persistence.test.js:116:9), <anonymous>:837:39)
          at eval (eval at <anonymous> (C:\Users\arunk\Downloads\projects\New folder\pdf reader\tests\multi-format-persistence.test.js:116:9), <anonymous>:987:26)
          at Object.eval (C:\Users\arunk\Downloads\projects\New folder\pdf reader\tests\multi-format-persistence.test.js:116:9)
          at Promise.finally.completed (C:\Users\arunk\Downloads\projects\New folder\pdf reader\node_modules\jest-circus\build\jestAdapterInit.js:1561:28)
          at new Promise (<anonymous>)
          at callAsyncCircusFn (C:\Users\arunk\Downloads\projects\New folder\pdf reader\node_modules\jest-circus\build\jestAdapterInit.js:1501:10)
          at _callCircusHook (C:\Users\arunk\Downloads\projects\New folder\pdf reader\node_modules\jest-circus\build\jestAdapterInit.js:980:40)
          at runNextTicks (node:internal/process/task_queues:65:5)
          at processTimers (node:internal/timers:538:9)
          at _runTest (C:\Users\arunk\Downloads\projects\New folder\pdf reader\node_modules\jest-circus\build\jestAdapterInit.js:945:5)
          at C:\Users\arunk\Downloads\projects\New folder\pdf reader\node_modules\jest-circus\build\jestAdapterInit.js:853:7
          at _runTestsForDescribeBlock (C:\Users\arunk\Downloads\projects\New folder\pdf reader\node_modules\jest-circus\build\jestAdapterInit.js:866:11)
          at _runTestsForDescribeBlock (C:\Users\arunk\Downloads\projects\New folder\pdf reader\node_modules\jest-circus\build\jestAdapterInit.js:861:11)
          at _runTestsForDescribeBlock (C:\Users\arunk\Downloads\projects\New folder\pdf reader\node_modules\jest-circus\build\jestAdapterInit.js:861:11)
          at run (C:\Users\arunk\Downloads\projects\New folder\pdf reader\node_modules\jest-circus\build\jestAdapterInit.js:765:3)
          at runAndTransformResultsToJestFormat (C:\Users\arunk\Downloads\projects\New folder\pdf reader\node_modules\jest-circus\build\jestAdapterInit.js:1993:21)
          at jestAdapter (C:\Users\arunk\Downloads\projects\New folder\pdf reader\node_modules\jest-circus\build\runner.js:111:19)
          at runTestInternal (C:\Users\arunk\Downloads\projects\New folder\pdf reader\node_modules\jest-runner\build\index.js:276:16)
          at runTest (C:\Users\arunk\Downloads\projects\New folder\pdf reader\node_modules\jest-runner\build\index.js:344:7)

      at StorageRepository.migrateBackend (eval at <anonymous> (tests/multi-format-persistence.test.js:116:9), <anonymous>:876:15)

    console.warn
      Failed to migrate legacy document storage: ReferenceError: indexedDB is not defined
          at eval (eval at <anonymous> (C:\Users\arunk\Downloads\projects\New folder\pdf reader\tests\multi-format-persistence.test.js:116:9), <anonymous>:405:23)
          at new Promise (<anonymous>)
          at DatabaseManager.init (eval at <anonymous> (C:\Users\arunk\Downloads\projects\New folder\pdf reader\tests\multi-format-persistence.test.js:116:9), <anonymous>:404:24)
          at DatabaseManager.getDB (eval at <anonymous> (C:\Users\arunk\Downloads\projects\New folder\pdf reader\tests\multi-format-persistence.test.js:116:9), <anonymous>:440:17)
          at StorageRepository.migrateBackend (eval at <anonymous> (C:\Users\arunk\Downloads\projects\New folder\pdf reader\tests\multi-format-persistence.test.js:116:9), <anonymous>:837:39)
          at eval (eval at <anonymous> (C:\Users\arunk\Downloads\projects\New folder\pdf reader\tests\multi-format-persistence.test.js:116:9), <anonymous>:987:26)
          at Object.eval (C:\Users\arunk\Downloads\projects\New folder\pdf reader\tests\multi-format-persistence.test.js:116:9)
          at Promise.finally.completed (C:\Users\arunk\Downloads\projects\New folder\pdf reader\node_modules\jest-circus\build\jestAdapterInit.js:1561:28)
          at new Promise (<anonymous>)
          at callAsyncCircusFn (C:\Users\arunk\Downloads\projects\New folder\pdf reader\node_modules\jest-circus\build\jestAdapterInit.js:1501:10)
          at _callCircusHook (C:\Users\arunk\Downloads\projects\New folder\pdf reader\node_modules\jest-circus\build\jestAdapterInit.js:980:40)
          at runNextTicks (node:internal/process/task_queues:65:5)
          at processTimers (node:internal/timers:538:9)
          at _runTest (C:\Users\arunk\Downloads\projects\New folder\pdf reader\node_modules\jest-circus\build\jestAdapterInit.js:945:5)
          at C:\Users\arunk\Downloads\projects\New folder\pdf reader\node_modules\jest-circus\build\jestAdapterInit.js:853:7
          at _runTestsForDescribeBlock (C:\Users\arunk\Downloads\projects\New folder\pdf reader\node_modules\jest-circus\build\jestAdapterInit.js:866:11)
          at _runTestsForDescribeBlock (C:\Users\arunk\Downloads\projects\New folder\pdf reader\node_modules\jest-circus\build\jestAdapterInit.js:861:11)
          at _runTestsForDescribeBlock (C:\Users\arunk\Downloads\projects\New folder\pdf reader\node_modules\jest-circus\build\jestAdapterInit.js:861:11)
          at run (C:\Users\arunk\Downloads\projects\New folder\pdf reader\node_modules\jest-circus\build\jestAdapterInit.js:765:3)
          at runAndTransformResultsToJestFormat (C:\Users\arunk\Downloads\projects\New folder\pdf reader\node_modules\jest-circus\build\jestAdapterInit.js:1993:21)
          at jestAdapter (C:\Users\arunk\Downloads\projects\New folder\pdf reader\node_modules\jest-circus\build\runner.js:111:19)
          at runTestInternal (C:\Users\arunk\Downloads\projects\New folder\pdf reader\node_modules\jest-runner\build\index.js:276:16)
          at runTest (C:\Users\arunk\Downloads\projects\New folder\pdf reader\node_modules\jest-runner\build\index.js:344:7)

      at StorageRepository.migrateBackend (eval at <anonymous> (tests/multi-format-persistence.test.js:116:9), <anonymous>:876:15)

    console.warn
      Failed to migrate legacy document storage: ReferenceError: indexedDB is not defined
          at eval (eval at <anonymous> (C:\Users\arunk\Downloads\projects\New folder\pdf reader\tests\multi-format-persistence.test.js:116:9), <anonymous>:405:23)
          at new Promise (<anonymous>)
          at DatabaseManager.init (eval at <anonymous> (C:\Users\arunk\Downloads\projects\New folder\pdf reader\tests\multi-format-persistence.test.js:116:9), <anonymous>:404:24)
          at DatabaseManager.getDB (eval at <anonymous> (C:\Users\arunk\Downloads\projects\New folder\pdf reader\tests\multi-format-persistence.test.js:116:9), <anonymous>:440:17)
          at StorageRepository.migrateBackend (eval at <anonymous> (C:\Users\arunk\Downloads\projects\New folder\pdf reader\tests\multi-format-persistence.test.js:116:9), <anonymous>:837:39)
          at eval (eval at <anonymous> (C:\Users\arunk\Downloads\projects\New folder\pdf reader\tests\multi-format-persistence.test.js:116:9), <anonymous>:987:26)
          at Object.eval (C:\Users\arunk\Downloads\projects\New folder\pdf reader\tests\multi-format-persistence.test.js:116:9)
          at Promise.finally.completed (C:\Users\arunk\Downloads\projects\New folder\pdf reader\node_modules\jest-circus\build\jestAdapterInit.js:1561:28)
          at new Promise (<anonymous>)
          at callAsyncCircusFn (C:\Users\arunk\Downloads\projects\New folder\pdf reader\node_modules\jest-circus\build\jestAdapterInit.js:1501:10)
          at _callCircusHook (C:\Users\arunk\Downloads\projects\New folder\pdf reader\node_modules\jest-circus\build\jestAdapterInit.js:980:40)
          at runNextTicks (node:internal/process/task_queues:65:5)
          at processTimers (node:internal/timers:538:9)
          at _runTest (C:\Users\arunk\Downloads\projects\New folder\pdf reader\node_modules\jest-circus\build\jestAdapterInit.js:945:5)
          at C:\Users\arunk\Downloads\projects\New folder\pdf reader\node_modules\jest-circus\build\jestAdapterInit.js:853:7
          at _runTestsForDescribeBlock (C:\Users\arunk\Downloads\projects\New folder\pdf reader\node_modules\jest-circus\build\jestAdapterInit.js:866:11)
          at _runTestsForDescribeBlock (C:\Users\arunk\Downloads\projects\New folder\pdf reader\node_modules\jest-circus\build\jestAdapterInit.js:861:11)
          at _runTestsForDescribeBlock (C:\Users\arunk\Downloads\projects\New folder\pdf reader\node_modules\jest-circus\build\jestAdapterInit.js:861:11)
          at run (C:\Users\arunk\Downloads\projects\New folder\pdf reader\node_modules\jest-circus\build\jestAdapterInit.js:765:3)
          at runAndTransformResultsToJestFormat (C:\Users\arunk\Downloads\projects\New folder\pdf reader\node_modules\jest-circus\build\jestAdapterInit.js:1993:21)
          at jestAdapter (C:\Users\arunk\Downloads\projects\New folder\pdf reader\node_modules\jest-circus\build\runner.js:111:19)
          at runTestInternal (C:\Users\arunk\Downloads\projects\New folder\pdf reader\node_modules\jest-runner\build\index.js:276:16)
          at runTest (C:\Users\arunk\Downloads\projects\New folder\pdf reader\node_modules\jest-runner\build\index.js:344:7)

      at StorageRepository.migrateBackend (eval at <anonymous> (tests/multi-format-persistence.test.js:116:9), <anonymous>:876:15)

    console.warn
      Failed to migrate legacy document storage: ReferenceError: indexedDB is not defined
          at eval (eval at <anonymous> (C:\Users\arunk\Downloads\projects\New folder\pdf reader\tests\multi-format-persistence.test.js:116:9), <anonymous>:405:23)
          at new Promise (<anonymous>)
          at DatabaseManager.init (eval at <anonymous> (C:\Users\arunk\Downloads\projects\New folder\pdf reader\tests\multi-format-persistence.test.js:116:9), <anonymous>:404:24)
          at DatabaseManager.getDB (eval at <anonymous> (C:\Users\arunk\Downloads\projects\New folder\pdf reader\tests\multi-format-persistence.test.js:116:9), <anonymous>:440:17)
          at StorageRepository.migrateBackend (eval at <anonymous> (C:\Users\arunk\Downloads\projects\New folder\pdf reader\tests\multi-format-persistence.test.js:116:9), <anonymous>:837:39)
          at eval (eval at <anonymous> (C:\Users\arunk\Downloads\projects\New folder\pdf reader\tests\multi-format-persistence.test.js:116:9), <anonymous>:987:26)
          at Object.eval (C:\Users\arunk\Downloads\projects\New folder\pdf reader\tests\multi-format-persistence.test.js:116:9)
          at Promise.finally.completed (C:\Users\arunk\Downloads\projects\New folder\pdf reader\node_modules\jest-circus\build\jestAdapterInit.js:1561:28)
          at new Promise (<anonymous>)
          at callAsyncCircusFn (C:\Users\arunk\Downloads\projects\New folder\pdf reader\node_modules\jest-circus\build\jestAdapterInit.js:1501:10)
          at _callCircusHook (C:\Users\arunk\Downloads\projects\New folder\pdf reader\node_modules\jest-circus\build\jestAdapterInit.js:980:40)
          at runNextTicks (node:internal/process/task_queues:65:5)
          at processTimers (node:internal/timers:538:9)
          at _runTest (C:\Users\arunk\Downloads\projects\New folder\pdf reader\node_modules\jest-circus\build\jestAdapterInit.js:945:5)
          at C:\Users\arunk\Downloads\projects\New folder\pdf reader\node_modules\jest-circus\build\jestAdapterInit.js:853:7
          at _runTestsForDescribeBlock (C:\Users\arunk\Downloads\projects\New folder\pdf reader\node_modules\jest-circus\build\jestAdapterInit.js:866:11)
          at _runTestsForDescribeBlock (C:\Users\arunk\Downloads\projects\New folder\pdf reader\node_modules\jest-circus\build\jestAdapterInit.js:861:11)
          at _runTestsForDescribeBlock (C:\Users\arunk\Downloads\projects\New folder\pdf reader\node_modules\jest-circus\build\jestAdapterInit.js:861:11)
          at run (C:\Users\arunk\Downloads\projects\New folder\pdf reader\node_modules\jest-circus\build\jestAdapterInit.js:765:3)
          at runAndTransformResultsToJestFormat (C:\Users\arunk\Downloads\projects\New folder\pdf reader\node_modules\jest-circus\build\jestAdapterInit.js:1993:21)
          at jestAdapter (C:\Users\arunk\Downloads\projects\New folder\pdf reader\node_modules\jest-circus\build\runner.js:111:19)
          at runTestInternal (C:\Users\arunk\Downloads\projects\New folder\pdf reader\node_modules\jest-runner\build\index.js:276:16)
          at runTest (C:\Users\arunk\Downloads\projects\New folder\pdf reader\node_modules\jest-runner\build\index.js:344:7)

      at StorageRepository.migrateBackend (eval at <anonymous> (tests/multi-format-persistence.test.js:116:9), <anonymous>:876:15)

    console.warn
      Failed to migrate legacy document storage: ReferenceError: indexedDB is not defined
          at eval (eval at <anonymous> (C:\Users\arunk\Downloads\projects\New folder\pdf reader\tests\multi-format-persistence.test.js:116:9), <anonymous>:405:23)
          at new Promise (<anonymous>)
          at DatabaseManager.init (eval at <anonymous> (C:\Users\arunk\Downloads\projects\New folder\pdf reader\tests\multi-format-persistence.test.js:116:9), <anonymous>:404:24)
          at DatabaseManager.getDB (eval at <anonymous> (C:\Users\arunk\Downloads\projects\New folder\pdf reader\tests\multi-format-persistence.test.js:116:9), <anonymous>:440:17)
          at StorageRepository.migrateBackend (eval at <anonymous> (C:\Users\arunk\Downloads\projects\New folder\pdf reader\tests\multi-format-persistence.test.js:116:9), <anonymous>:837:39)
          at eval (eval at <anonymous> (C:\Users\arunk\Downloads\projects\New folder\pdf reader\tests\multi-format-persistence.test.js:116:9), <anonymous>:987:26)
          at Object.eval (C:\Users\arunk\Downloads\projects\New folder\pdf reader\tests\multi-format-persistence.test.js:116:9)
          at Promise.finally.completed (C:\Users\arunk\Downloads\projects\New folder\pdf reader\node_modules\jest-circus\build\jestAdapterInit.js:1561:28)
          at new Promise (<anonymous>)
          at callAsyncCircusFn (C:\Users\arunk\Downloads\projects\New folder\pdf reader\node_modules\jest-circus\build\jestAdapterInit.js:1501:10)
          at _callCircusHook (C:\Users\arunk\Downloads\projects\New folder\pdf reader\node_modules\jest-circus\build\jestAdapterInit.js:980:40)
          at runNextTicks (node:internal/process/task_queues:65:5)
          at processTimers (node:internal/timers:538:9)
          at _runTest (C:\Users\arunk\Downloads\projects\New folder\pdf reader\node_modules\jest-circus\build\jestAdapterInit.js:945:5)
          at C:\Users\arunk\Downloads\projects\New folder\pdf reader\node_modules\jest-circus\build\jestAdapterInit.js:853:7
          at _runTestsForDescribeBlock (C:\Users\arunk\Downloads\projects\New folder\pdf reader\node_modules\jest-circus\build\jestAdapterInit.js:866:11)
          at _runTestsForDescribeBlock (C:\Users\arunk\Downloads\projects\New folder\pdf reader\node_modules\jest-circus\build\jestAdapterInit.js:861:11)
          at _runTestsForDescribeBlock (C:\Users\arunk\Downloads\projects\New folder\pdf reader\node_modules\jest-circus\build\jestAdapterInit.js:861:11)
          at run (C:\Users\arunk\Downloads\projects\New folder\pdf reader\node_modules\jest-circus\build\jestAdapterInit.js:765:3)
          at runAndTransformResultsToJestFormat (C:\Users\arunk\Downloads\projects\New folder\pdf reader\node_modules\jest-circus\build\jestAdapterInit.js:1993:21)
          at jestAdapter (C:\Users\arunk\Downloads\projects\New folder\pdf reader\node_modules\jest-circus\build\runner.js:111:19)
          at runTestInternal (C:\Users\arunk\Downloads\projects\New folder\pdf reader\node_modules\jest-runner\build\index.js:276:16)
          at runTest (C:\Users\arunk\Downloads\projects\New folder\pdf reader\node_modules\jest-runner\build\index.js:344:7)

      at StorageRepository.migrateBackend (eval at <anonymous> (tests/multi-format-persistence.test.js:116:9), <anonymous>:876:15)

    console.warn
      Failed to migrate legacy document storage: ReferenceError: indexedDB is not defined
          at eval (eval at <anonymous> (C:\Users\arunk\Downloads\projects\New folder\pdf reader\tests\multi-format-persistence.test.js:116:9), <anonymous>:405:23)
          at new Promise (<anonymous>)
          at DatabaseManager.init (eval at <anonymous> (C:\Users\arunk\Downloads\projects\New folder\pdf reader\tests\multi-format-persistence.test.js:116:9), <anonymous>:404:24)
          at DatabaseManager.getDB (eval at <anonymous> (C:\Users\arunk\Downloads\projects\New folder\pdf reader\tests\multi-format-persistence.test.js:116:9), <anonymous>:440:17)
          at StorageRepository.migrateBackend (eval at <anonymous> (C:\Users\arunk\Downloads\projects\New folder\pdf reader\tests\multi-format-persistence.test.js:116:9), <anonymous>:837:39)
          at eval (eval at <anonymous> (C:\Users\arunk\Downloads\projects\New folder\pdf reader\tests\multi-format-persistence.test.js:116:9), <anonymous>:987:26)
          at Object.eval (C:\Users\arunk\Downloads\projects\New folder\pdf reader\tests\multi-format-persistence.test.js:116:9)
          at Promise.finally.completed (C:\Users\arunk\Downloads\projects\New folder\pdf reader\node_modules\jest-circus\build\jestAdapterInit.js:1561:28)
          at new Promise (<anonymous>)
          at callAsyncCircusFn (C:\Users\arunk\Downloads\projects\New folder\pdf reader\node_modules\jest-circus\build\jestAdapterInit.js:1501:10)
          at _callCircusHook (C:\Users\arunk\Downloads\projects\New folder\pdf reader\node_modules\jest-circus\build\jestAdapterInit.js:980:40)
          at runNextTicks (node:internal/process/task_queues:65:5)
          at processTimers (node:internal/timers:538:9)
          at _runTest (C:\Users\arunk\Downloads\projects\New folder\pdf reader\node_modules\jest-circus\build\jestAdapterInit.js:945:5)
          at C:\Users\arunk\Downloads\projects\New folder\pdf reader\node_modules\jest-circus\build\jestAdapterInit.js:853:7
          at _runTestsForDescribeBlock (C:\Users\arunk\Downloads\projects\New folder\pdf reader\node_modules\jest-circus\build\jestAdapterInit.js:866:11)
          at _runTestsForDescribeBlock (C:\Users\arunk\Downloads\projects\New folder\pdf reader\node_modules\jest-circus\build\jestAdapterInit.js:861:11)
          at _runTestsForDescribeBlock (C:\Users\arunk\Downloads\projects\New folder\pdf reader\node_modules\jest-circus\build\jestAdapterInit.js:861:11)
          at run (C:\Users\arunk\Downloads\projects\New folder\pdf reader\node_modules\jest-circus\build\jestAdapterInit.js:765:3)
          at runAndTransformResultsToJestFormat (C:\Users\arunk\Downloads\projects\New folder\pdf reader\node_modules\jest-circus\build\jestAdapterInit.js:1993:21)
          at jestAdapter (C:\Users\arunk\Downloads\projects\New folder\pdf reader\node_modules\jest-circus\build\runner.js:111:19)
          at runTestInternal (C:\Users\arunk\Downloads\projects\New folder\pdf reader\node_modules\jest-runner\build\index.js:276:16)
          at runTest (C:\Users\arunk\Downloads\projects\New folder\pdf reader\node_modules\jest-runner\build\index.js:344:7)

      at StorageRepository.migrateBackend (eval at <anonymous> (tests/multi-format-persistence.test.js:116:9), <anonymous>:876:15)

    console.warn
      Failed to migrate legacy document storage: ReferenceError: indexedDB is not defined
          at eval (eval at <anonymous> (C:\Users\arunk\Downloads\projects\New folder\pdf reader\tests\multi-format-persistence.test.js:116:9), <anonymous>:405:23)
          at new Promise (<anonymous>)
          at DatabaseManager.init (eval at <anonymous> (C:\Users\arunk\Downloads\projects\New folder\pdf reader\tests\multi-format-persistence.test.js:116:9), <anonymous>:404:24)
          at DatabaseManager.getDB (eval at <anonymous> (C:\Users\arunk\Downloads\projects\New folder\pdf reader\tests\multi-format-persistence.test.js:116:9), <anonymous>:440:17)
          at StorageRepository.migrateBackend (eval at <anonymous> (C:\Users\arunk\Downloads\projects\New folder\pdf reader\tests\multi-format-persistence.test.js:116:9), <anonymous>:837:39)
          at eval (eval at <anonymous> (C:\Users\arunk\Downloads\projects\New folder\pdf reader\tests\multi-format-persistence.test.js:116:9), <anonymous>:987:26)
          at Object.eval (C:\Users\arunk\Downloads\projects\New folder\pdf reader\tests\multi-format-persistence.test.js:116:9)
          at Promise.finally.completed (C:\Users\arunk\Downloads\projects\New folder\pdf reader\node_modules\jest-circus\build\jestAdapterInit.js:1561:28)
          at new Promise (<anonymous>)
          at callAsyncCircusFn (C:\Users\arunk\Downloads\projects\New folder\pdf reader\node_modules\jest-circus\build\jestAdapterInit.js:1501:10)
          at _callCircusHook (C:\Users\arunk\Downloads\projects\New folder\pdf reader\node_modules\jest-circus\build\jestAdapterInit.js:980:40)
          at runNextTicks (node:internal/process/task_queues:65:5)
          at processTimers (node:internal/timers:538:9)
          at _runTest (C:\Users\arunk\Downloads\projects\New folder\pdf reader\node_modules\jest-circus\build\jestAdapterInit.js:945:5)
          at C:\Users\arunk\Downloads\projects\New folder\pdf reader\node_modules\jest-circus\build\jestAdapterInit.js:853:7
          at _runTestsForDescribeBlock (C:\Users\arunk\Downloads\projects\New folder\pdf reader\node_modules\jest-circus\build\jestAdapterInit.js:866:11)
          at _runTestsForDescribeBlock (C:\Users\arunk\Downloads\projects\New folder\pdf reader\node_modules\jest-circus\build\jestAdapterInit.js:861:11)
          at _runTestsForDescribeBlock (C:\Users\arunk\Downloads\projects\New folder\pdf reader\node_modules\jest-circus\build\jestAdapterInit.js:861:11)
          at run (C:\Users\arunk\Downloads\projects\New folder\pdf reader\node_modules\jest-circus\build\jestAdapterInit.js:765:3)
          at runAndTransformResultsToJestFormat (C:\Users\arunk\Downloads\projects\New folder\pdf reader\node_modules\jest-circus\build\jestAdapterInit.js:1993:21)
          at jestAdapter (C:\Users\arunk\Downloads\projects\New folder\pdf reader\node_modules\jest-circus\build\runner.js:111:19)
          at runTestInternal (C:\Users\arunk\Downloads\projects\New folder\pdf reader\node_modules\jest-runner\build\index.js:276:16)
          at runTest (C:\Users\arunk\Downloads\projects\New folder\pdf reader\node_modules\jest-runner\build\index.js:344:7)

      at StorageRepository.migrateBackend (eval at <anonymous> (tests/multi-format-persistence.test.js:116:9), <anonymous>:876:15)

    console.warn
      Failed to migrate legacy document storage: ReferenceError: indexedDB is not defined
          at eval (eval at <anonymous> (C:\Users\arunk\Downloads\projects\New folder\pdf reader\tests\multi-format-persistence.test.js:116:9), <anonymous>:405:23)
          at new Promise (<anonymous>)
          at DatabaseManager.init (eval at <anonymous> (C:\Users\arunk\Downloads\projects\New folder\pdf reader\tests\multi-format-persistence.test.js:116:9), <anonymous>:404:24)
          at DatabaseManager.getDB (eval at <anonymous> (C:\Users\arunk\Downloads\projects\New folder\pdf reader\tests\multi-format-persistence.test.js:116:9), <anonymous>:440:17)
          at StorageRepository.migrateBackend (eval at <anonymous> (C:\Users\arunk\Downloads\projects\New folder\pdf reader\tests\multi-format-persistence.test.js:116:9), <anonymous>:837:39)
          at eval (eval at <anonymous> (C:\Users\arunk\Downloads\projects\New folder\pdf reader\tests\multi-format-persistence.test.js:116:9), <anonymous>:987:26)
          at Object.eval (C:\Users\arunk\Downloads\projects\New folder\pdf reader\tests\multi-format-persistence.test.js:116:9)
          at Promise.finally.completed (C:\Users\arunk\Downloads\projects\New folder\pdf reader\node_modules\jest-circus\build\jestAdapterInit.js:1561:28)
          at new Promise (<anonymous>)
          at callAsyncCircusFn (C:\Users\arunk\Downloads\projects\New folder\pdf reader\node_modules\jest-circus\build\jestAdapterInit.js:1501:10)
          at _callCircusHook (C:\Users\arunk\Downloads\projects\New folder\pdf reader\node_modules\jest-circus\build\jestAdapterInit.js:980:40)
          at runNextTicks (node:internal/process/task_queues:65:5)
          at processTimers (node:internal/timers:538:9)
          at _runTest (C:\Users\arunk\Downloads\projects\New folder\pdf reader\node_modules\jest-circus\build\jestAdapterInit.js:945:5)
          at C:\Users\arunk\Downloads\projects\New folder\pdf reader\node_modules\jest-circus\build\jestAdapterInit.js:853:7
          at _runTestsForDescribeBlock (C:\Users\arunk\Downloads\projects\New folder\pdf reader\node_modules\jest-circus\build\jestAdapterInit.js:866:11)
          at _runTestsForDescribeBlock (C:\Users\arunk\Downloads\projects\New folder\pdf reader\node_modules\jest-circus\build\jestAdapterInit.js:861:11)
          at _runTestsForDescribeBlock (C:\Users\arunk\Downloads\projects\New folder\pdf reader\node_modules\jest-circus\build\jestAdapterInit.js:861:11)
          at run (C:\Users\arunk\Downloads\projects\New folder\pdf reader\node_modules\jest-circus\build\jestAdapterInit.js:765:3)
          at runAndTransformResultsToJestFormat (C:\Users\arunk\Downloads\projects\New folder\pdf reader\node_modules\jest-circus\build\jestAdapterInit.js:1993:21)
          at jestAdapter (C:\Users\arunk\Downloads\projects\New folder\pdf reader\node_modules\jest-circus\build\runner.js:111:19)
          at runTestInternal (C:\Users\arunk\Downloads\projects\New folder\pdf reader\node_modules\jest-runner\build\index.js:276:16)
          at runTest (C:\Users\arunk\Downloads\projects\New folder\pdf reader\node_modules\jest-runner\build\index.js:344:7)

      at StorageRepository.migrateBackend (eval at <anonymous> (tests/multi-format-persistence.test.js:116:9), <anonymous>:876:15)

    console.warn
      Failed to migrate legacy document storage: ReferenceError: indexedDB is not defined
          at eval (eval at <anonymous> (C:\Users\arunk\Downloads\projects\New folder\pdf reader\tests\multi-format-persistence.test.js:116:9), <anonymous>:405:23)
          at new Promise (<anonymous>)
          at DatabaseManager.init (eval at <anonymous> (C:\Users\arunk\Downloads\projects\New folder\pdf reader\tests\multi-format-persistence.test.js:116:9), <anonymous>:404:24)
          at DatabaseManager.getDB (eval at <anonymous> (C:\Users\arunk\Downloads\projects\New folder\pdf reader\tests\multi-format-persistence.test.js:116:9), <anonymous>:440:17)
          at StorageRepository.migrateBackend (eval at <anonymous> (C:\Users\arunk\Downloads\projects\New folder\pdf reader\tests\multi-format-persistence.test.js:116:9), <anonymous>:837:39)
          at eval (eval at <anonymous> (C:\Users\arunk\Downloads\projects\New folder\pdf reader\tests\multi-format-persistence.test.js:116:9), <anonymous>:987:26)
          at Object.eval (C:\Users\arunk\Downloads\projects\New folder\pdf reader\tests\multi-format-persistence.test.js:116:9)
          at Promise.finally.completed (C:\Users\arunk\Downloads\projects\New folder\pdf reader\node_modules\jest-circus\build\jestAdapterInit.js:1561:28)
          at new Promise (<anonymous>)
          at callAsyncCircusFn (C:\Users\arunk\Downloads\projects\New folder\pdf reader\node_modules\jest-circus\build\jestAdapterInit.js:1501:10)
          at _callCircusHook (C:\Users\arunk\Downloads\projects\New folder\pdf reader\node_modules\jest-circus\build\jestAdapterInit.js:980:40)
          at runNextTicks (node:internal/process/task_queues:65:5)
          at processTimers (node:internal/timers:538:9)
          at _runTest (C:\Users\arunk\Downloads\projects\New folder\pdf reader\node_modules\jest-circus\build\jestAdapterInit.js:945:5)
          at C:\Users\arunk\Downloads\projects\New folder\pdf reader\node_modules\jest-circus\build\jestAdapterInit.js:853:7
          at _runTestsForDescribeBlock (C:\Users\arunk\Downloads\projects\New folder\pdf reader\node_modules\jest-circus\build\jestAdapterInit.js:866:11)
          at _runTestsForDescribeBlock (C:\Users\arunk\Downloads\projects\New folder\pdf reader\node_modules\jest-circus\build\jestAdapterInit.js:861:11)
          at _runTestsForDescribeBlock (C:\Users\arunk\Downloads\projects\New folder\pdf reader\node_modules\jest-circus\build\jestAdapterInit.js:861:11)
          at run (C:\Users\arunk\Downloads\projects\New folder\pdf reader\node_modules\jest-circus\build\jestAdapterInit.js:765:3)
          at runAndTransformResultsToJestFormat (C:\Users\arunk\Downloads\projects\New folder\pdf reader\node_modules\jest-circus\build\jestAdapterInit.js:1993:21)
          at jestAdapter (C:\Users\arunk\Downloads\projects\New folder\pdf reader\node_modules\jest-circus\build\runner.js:111:19)
          at runTestInternal (C:\Users\arunk\Downloads\projects\New folder\pdf reader\node_modules\jest-runner\build\index.js:276:16)
          at runTest (C:\Users\arunk\Downloads\projects\New folder\pdf reader\node_modules\jest-runner\build\index.js:344:7)

      at StorageRepository.migrateBackend (eval at <anonymous> (tests/multi-format-persistence.test.js:116:9), <anonymous>:876:15)

    console.log
      [ProfileMigration] Migrating namespace from 'guest' to 'testuser'...

      at eval (eval at <anonymous> (tests/multi-format-persistence.test.js:116:9), <anonymous>:1064:17)
          at Array.forEach (<anonymous>)

    console.warn
      [AutoRestore] #file-upload not found ΓÇö cannot auto-restore.

      at _dispatchRestore (eval at <anonymous> (tests/multi-format-persistence.test.js:116:9), <anonymous>:1208:15)

    console.warn
      [AutoRestore] #file-upload not found ΓÇö cannot auto-restore.

      at _dispatchRestore (eval at <anonymous> (tests/multi-format-persistence.test.js:116:9), <anonymous>:1208:15)

    console.warn
      [AutoRestore] #file-upload not found ΓÇö cannot auto-restore.

      at _dispatchRestore (eval at <anonymous> (tests/multi-format-persistence.test.js:116:9), <anonymous>:1208:15)

    console.warn
      [AutoRestore] #file-upload not found ΓÇö cannot auto-restore.

      at _dispatchRestore (eval at <anonymous> (tests/multi-format-persistence.test.js:116:9), <anonymous>:1208:15)

    console.warn
      [AutoRestore] #file-upload not found ΓÇö cannot auto-restore.

      at _dispatchRestore (eval at <anonymous> (tests/multi-format-persistence.test.js:116:9), <anonymous>:1208:15)

    console.warn
      [AutoRestore] #file-upload not found ΓÇö cannot auto-restore.

      at _dispatchRestore (eval at <anonymous> (tests/multi-format-persistence.test.js:116:9), <anonymous>:1208:15)

    console.warn
      [AutoRestore] #file-upload not found ΓÇö cannot auto-restore.

      at _dispatchRestore (eval at <anonymous> (tests/multi-format-persistence.test.js:116:9), <anonymous>:1208:15)

    console.warn
      [AutoRestore] #file-upload not found ΓÇö cannot auto-restore.

      at _dispatchRestore (eval at <anonymous> (tests/multi-format-persistence.test.js:116:9), <anonymous>:1208:15)

    console.warn
      [AutoRestore] #file-upload not found ΓÇö cannot auto-restore.

      at _dispatchRestore (eval at <anonymous> (tests/multi-format-persistence.test.js:116:9), <anonymous>:1208:15)

    console.warn
      [AutoRestore] #file-upload not found ΓÇö cannot auto-restore.

      at _dispatchRestore (eval at <anonymous> (tests/multi-format-persistence.test.js:116:9), <anonymous>:1208:15)

    console.warn
      Failed to migrate legacy document storage: ReferenceError: indexedDB is not defined
          at eval (eval at <anonymous> (C:\Users\arunk\Downloads\projects\New folder\pdf reader\tests\multi-format-persistence.test.js:116:9), <anonymous>:405:23)
          at new Promise (<anonymous>)
          at DatabaseManager.init (eval at <anonymous> (C:\Users\arunk\Downloads\projects\New folder\pdf reader\tests\multi-format-persistence.test.js:116:9), <anonymous>:404:24)
          at DatabaseManager.getDB (eval at <anonymous> (C:\Users\arunk\Downloads\projects\New folder\pdf reader\tests\multi-format-persistence.test.js:116:9), <anonymous>:440:17)
          at StorageRepository.migrateBackend (eval at <anonymous> (C:\Users\arunk\Downloads\projects\New folder\pdf reader\tests\multi-format-persistence.test.js:116:9), <anonymous>:837:39)
          at eval (eval at <anonymous> (C:\Users\arunk\Downloads\projects\New folder\pdf reader\tests\multi-format-persistence.test.js:116:9), <anonymous>:987:26)
          at Object.eval (C:\Users\arunk\Downloads\projects\New folder\pdf reader\tests\multi-format-persistence.test.js:116:9)
          at Promise.finally.completed (C:\Users\arunk\Downloads\projects\New folder\pdf reader\node_modules\jest-circus\build\jestAdapterInit.js:1561:28)
          at new Promise (<anonymous>)
          at callAsyncCircusFn (C:\Users\arunk\Downloads\projects\New folder\pdf reader\node_modules\jest-circus\build\jestAdapterInit.js:1501:10)
          at _callCircusHook (C:\Users\arunk\Downloads\projects\New folder\pdf reader\node_modules\jest-circus\build\jestAdapterInit.js:980:40)
          at _runTest (C:\Users\arunk\Downloads\projects\New folder\pdf reader\node_modules\jest-circus\build\jestAdapterInit.js:945:5)
          at C:\Users\arunk\Downloads\projects\New folder\pdf reader\node_modules\jest-circus\build\jestAdapterInit.js:853:7
          at _runTestsForDescribeBlock (C:\Users\arunk\Downloads\projects\New folder\pdf reader\node_modules\jest-circus\build\jestAdapterInit.js:866:11)
          at _runTestsForDescribeBlock (C:\Users\arunk\Downloads\projects\New folder\pdf reader\node_modules\jest-circus\build\jestAdapterInit.js:861:11)
          at _runTestsForDescribeBlock (C:\Users\arunk\Downloads\projects\New folder\pdf reader\node_modules\jest-circus\build\jestAdapterInit.js:861:11)
          at run (C:\Users\arunk\Downloads\projects\New folder\pdf reader\node_modules\jest-circus\build\jestAdapterInit.js:765:3)
          at runAndTransformResultsToJestFormat (C:\Users\arunk\Downloads\projects\New folder\pdf reader\node_modules\jest-circus\build\jestAdapterInit.js:1993:21)
          at jestAdapter (C:\Users\arunk\Downloads\projects\New folder\pdf reader\node_modules\jest-circus\build\runner.js:111:19)
          at runTestInternal (C:\Users\arunk\Downloads\projects\New folder\pdf reader\node_modules\jest-runner\build\index.js:276:16)
          at runTest (C:\Users\arunk\Downloads\projects\New folder\pdf reader\node_modules\jest-runner\build\index.js:344:7)

      at StorageRepository.migrateBackend (eval at <anonymous> (tests/multi-format-persistence.test.js:116:9), <anonymous>:876:15)

    console.warn
      Failed to migrate legacy document storage: ReferenceError: indexedDB is not defined
          at eval (eval at <anonymous> (C:\Users\arunk\Downloads\projects\New folder\pdf reader\tests\multi-format-persistence.test.js:116:9), <anonymous>:405:23)
          at new Promise (<anonymous>)
          at DatabaseManager.init (eval at <anonymous> (C:\Users\arunk\Downloads\projects\New folder\pdf reader\tests\multi-format-persistence.test.js:116:9), <anonymous>:404:24)
          at DatabaseManager.getDB (eval at <anonymous> (C:\Users\arunk\Downloads\projects\New folder\pdf reader\tests\multi-format-persistence.test.js:116:9), <anonymous>:440:17)
          at StorageRepository.migrateBackend (eval at <anonymous> (C:\Users\arunk\Downloads\projects\New folder\pdf reader\tests\multi-format-persistence.test.js:116:9), <anonymous>:837:39)
          at eval (eval at <anonymous> (C:\Users\arunk\Downloads\projects\New folder\pdf reader\tests\multi-format-persistence.test.js:116:9), <anonymous>:987:26)
          at Object.eval (C:\Users\arunk\Downloads\projects\New folder\pdf reader\tests\multi-format-persistence.test.js:116:9)
          at Promise.finally.completed (C:\Users\arunk\Downloads\projects\New folder\pdf reader\node_modules\jest-circus\build\jestAdapterInit.js:1561:28)
          at new Promise (<anonymous>)
          at callAsyncCircusFn (C:\Users\arunk\Downloads\projects\New folder\pdf reader\node_modules\jest-circus\build\jestAdapterInit.js:1501:10)
          at _callCircusHook (C:\Users\arunk\Downloads\projects\New folder\pdf reader\node_modules\jest-circus\build\jestAdapterInit.js:980:40)
          at _runTest (C:\Users\arunk\Downloads\projects\New folder\pdf reader\node_modules\jest-circus\build\jestAdapterInit.js:945:5)
          at C:\Users\arunk\Downloads\projects\New folder\pdf reader\node_modules\jest-circus\build\jestAdapterInit.js:853:7
          at _runTestsForDescribeBlock (C:\Users\arunk\Downloads\projects\New folder\pdf reader\node_modules\jest-circus\build\jestAdapterInit.js:866:11)
          at _runTestsForDescribeBlock (C:\Users\arunk\Downloads\projects\New folder\pdf reader\node_modules\jest-circus\build\jestAdapterInit.js:861:11)
          at _runTestsForDescribeBlock (C:\Users\arunk\Downloads\projects\New folder\pdf reader\node_modules\jest-circus\build\jestAdapterInit.js:861:11)
          at run (C:\Users\arunk\Downloads\projects\New folder\pdf reader\node_modules\jest-circus\build\jestAdapterInit.js:765:3)
          at runAndTransformResultsToJestFormat (C:\Users\arunk\Downloads\projects\New folder\pdf reader\node_modules\jest-circus\build\jestAdapterInit.js:1993:21)
          at jestAdapter (C:\Users\arunk\Downloads\projects\New folder\pdf reader\node_modules\jest-circus\build\runner.js:111:19)
          at runTestInternal (C:\Users\arunk\Downloads\projects\New folder\pdf reader\node_modules\jest-runner\build\index.js:276:16)
          at runTest (C:\Users\arunk\Downloads\projects\New folder\pdf reader\node_modules\jest-runner\build\index.js:344:7)

      at StorageRepository.migrateBackend (eval at <anonymous> (tests/multi-format-persistence.test.js:116:9), <anonymous>:876:15)

    console.warn
      Failed to migrate legacy document storage: ReferenceError: indexedDB is not defined
          at eval (eval at <anonymous> (C:\Users\arunk\Downloads\projects\New folder\pdf reader\tests\multi-format-persistence.test.js:116:9), <anonymous>:405:23)
          at new Promise (<anonymous>)
          at DatabaseManager.init (eval at <anonymous> (C:\Users\arunk\Downloads\projects\New folder\pdf reader\tests\multi-format-persistence.test.js:116:9), <anonymous>:404:24)
          at DatabaseManager.getDB (eval at <anonymous> (C:\Users\arunk\Downloads\projects\New folder\pdf reader\tests\multi-format-persistence.test.js:116:9), <anonymous>:440:17)
          at StorageRepository.migrateBackend (eval at <anonymous> (C:\Users\arunk\Downloads\projects\New folder\pdf reader\tests\multi-format-persistence.test.js:116:9), <anonymous>:837:39)
          at eval (eval at <anonymous> (C:\Users\arunk\Downloads\projects\New folder\pdf reader\tests\multi-format-persistence.test.js:116:9), <anonymous>:987:26)
          at Object.eval (C:\Users\arunk\Downloads\projects\New folder\pdf reader\tests\multi-format-persistence.test.js:116:9)
          at Promise.finally.completed (C:\Users\arunk\Downloads\projects\New folder\pdf reader\node_modules\jest-circus\build\jestAdapterInit.js:1561:28)
          at new Promise (<anonymous>)
          at callAsyncCircusFn (C:\Users\arunk\Downloads\projects\New folder\pdf reader\node_modules\jest-circus\build\jestAdapterInit.js:1501:10)
          at _callCircusHook (C:\Users\arunk\Downloads\projects\New folder\pdf reader\node_modules\jest-circus\build\jestAdapterInit.js:980:40)
          at _runTest (C:\Users\arunk\Downloads\projects\New folder\pdf reader\node_modules\jest-circus\build\jestAdapterInit.js:945:5)
          at C:\Users\arunk\Downloads\projects\New folder\pdf reader\node_modules\jest-circus\build\jestAdapterInit.js:853:7
          at _runTestsForDescribeBlock (C:\Users\arunk\Downloads\projects\New folder\pdf reader\node_modules\jest-circus\build\jestAdapterInit.js:866:11)
          at _runTestsForDescribeBlock (C:\Users\arunk\Downloads\projects\New folder\pdf reader\node_modules\jest-circus\build\jestAdapterInit.js:861:11)
          at _runTestsForDescribeBlock (C:\Users\arunk\Downloads\projects\New folder\pdf reader\node_modules\jest-circus\build\jestAdapterInit.js:861:11)
          at run (C:\Users\arunk\Downloads\projects\New folder\pdf reader\node_modules\jest-circus\build\jestAdapterInit.js:765:3)
          at runAndTransformResultsToJestFormat (C:\Users\arunk\Downloads\projects\New folder\pdf reader\node_modules\jest-circus\build\jestAdapterInit.js:1993:21)
          at jestAdapter (C:\Users\arunk\Downloads\projects\New folder\pdf reader\node_modules\jest-circus\build\runner.js:111:19)
          at runTestInternal (C:\Users\arunk\Downloads\projects\New folder\pdf reader\node_modules\jest-runner\build\index.js:276:16)
          at runTest (C:\Users\arunk\Downloads\projects\New folder\pdf reader\node_modules\jest-runner\build\index.js:344:7)

      at StorageRepository.migrateBackend (eval at <anonymous> (tests/multi-format-persistence.test.js:116:9), <anonymous>:876:15)

    console.warn
      Failed to migrate legacy document storage: ReferenceError: indexedDB is not defined
          at eval (eval at <anonymous> (C:\Users\arunk\Downloads\projects\New folder\pdf reader\tests\multi-format-persistence.test.js:116:9), <anonymous>:405:23)
          at new Promise (<anonymous>)
          at DatabaseManager.init (eval at <anonymous> (C:\Users\arunk\Downloads\projects\New folder\pdf reader\tests\multi-format-persistence.test.js:116:9), <anonymous>:404:24)
          at DatabaseManager.getDB (eval at <anonymous> (C:\Users\arunk\Downloads\projects\New folder\pdf reader\tests\multi-format-persistence.test.js:116:9), <anonymous>:440:17)
          at StorageRepository.migrateBackend (eval at <anonymous> (C:\Users\arunk\Downloads\projects\New folder\pdf reader\tests\multi-format-persistence.test.js:116:9), <anonymous>:837:39)
          at eval (eval at <anonymous> (C:\Users\arunk\Downloads\projects\New folder\pdf reader\tests\multi-format-persistence.test.js:116:9), <anonymous>:987:26)
          at Object.eval (C:\Users\arunk\Downloads\projects\New folder\pdf reader\tests\multi-format-persistence.test.js:116:9)
          at Promise.finally.completed (C:\Users\arunk\Downloads\projects\New folder\pdf reader\node_modules\jest-circus\build\jestAdapterInit.js:1561:28)
          at new Promise (<anonymous>)
          at callAsyncCircusFn (C:\Users\arunk\Downloads\projects\New folder\pdf reader\node_modules\jest-circus\build\jestAdapterInit.js:1501:10)
          at _callCircusHook (C:\Users\arunk\Downloads\projects\New folder\pdf reader\node_modules\jest-circus\build\jestAdapterInit.js:980:40)
          at _runTest (C:\Users\arunk\Downloads\projects\New folder\pdf reader\node_modules\jest-circus\build\jestAdapterInit.js:945:5)
          at C:\Users\arunk\Downloads\projects\New folder\pdf reader\node_modules\jest-circus\build\jestAdapterInit.js:853:7
          at _runTestsForDescribeBlock (C:\Users\arunk\Downloads\projects\New folder\pdf reader\node_modules\jest-circus\build\jestAdapterInit.js:866:11)
          at _runTestsForDescribeBlock (C:\Users\arunk\Downloads\projects\New folder\pdf reader\node_modules\jest-circus\build\jestAdapterInit.js:861:11)
          at _runTestsForDescribeBlock (C:\Users\arunk\Downloads\projects\New folder\pdf reader\node_modules\jest-circus\build\jestAdapterInit.js:861:11)
          at run (C:\Users\arunk\Downloads\projects\New folder\pdf reader\node_modules\jest-circus\build\jestAdapterInit.js:765:3)
          at runAndTransformResultsToJestFormat (C:\Users\arunk\Downloads\projects\New folder\pdf reader\node_modules\jest-circus\build\jestAdapterInit.js:1993:21)
          at jestAdapter (C:\Users\arunk\Downloads\projects\New folder\pdf reader\node_modules\jest-circus\build\runner.js:111:19)
          at runTestInternal (C:\Users\arunk\Downloads\projects\New folder\pdf reader\node_modules\jest-runner\build\index.js:276:16)
          at runTest (C:\Users\arunk\Downloads\projects\New folder\pdf reader\node_modules\jest-runner\build\index.js:344:7)

      at StorageRepository.migrateBackend (eval at <anonymous> (tests/multi-format-persistence.test.js:116:9), <anonymous>:876:15)

    console.warn
      Failed to migrate legacy document storage: ReferenceError: indexedDB is not defined
          at eval (eval at <anonymous> (C:\Users\arunk\Downloads\projects\New folder\pdf reader\tests\multi-format-persistence.test.js:116:9), <anonymous>:405:23)
          at new Promise (<anonymous>)
          at DatabaseManager.init (eval at <anonymous> (C:\Users\arunk\Downloads\projects\New folder\pdf reader\tests\multi-format-persistence.test.js:116:9), <anonymous>:404:24)
          at DatabaseManager.getDB (eval at <anonymous> (C:\Users\arunk\Downloads\projects\New folder\pdf reader\tests\multi-format-persistence.test.js:116:9), <anonymous>:440:17)
          at StorageRepository.migrateBackend (eval at <anonymous> (C:\Users\arunk\Downloads\projects\New folder\pdf reader\tests\multi-format-persistence.test.js:116:9), <anonymous>:837:39)
          at eval (eval at <anonymous> (C:\Users\arunk\Downloads\projects\New folder\pdf reader\tests\multi-format-persistence.test.js:116:9), <anonymous>:987:26)
          at Object.eval (C:\Users\arunk\Downloads\projects\New folder\pdf reader\tests\multi-format-persistence.test.js:116:9)
          at Promise.finally.completed (C:\Users\arunk\Downloads\projects\New folder\pdf reader\node_modules\jest-circus\build\jestAdapterInit.js:1561:28)
          at new Promise (<anonymous>)
          at callAsyncCircusFn (C:\Users\arunk\Downloads\projects\New folder\pdf reader\node_modules\jest-circus\build\jestAdapterInit.js:1501:10)
          at _callCircusHook (C:\Users\arunk\Downloads\projects\New folder\pdf reader\node_modules\jest-circus\build\jestAdapterInit.js:980:40)
          at _runTest (C:\Users\arunk\Downloads\projects\New folder\pdf reader\node_modules\jest-circus\build\jestAdapterInit.js:945:5)
          at C:\Users\arunk\Downloads\projects\New folder\pdf reader\node_modules\jest-circus\build\jestAdapterInit.js:853:7
          at _runTestsForDescribeBlock (C:\Users\arunk\Downloads\projects\New folder\pdf reader\node_modules\jest-circus\build\jestAdapterInit.js:866:11)
          at _runTestsForDescribeBlock (C:\Users\arunk\Downloads\projects\New folder\pdf reader\node_modules\jest-circus\build\jestAdapterInit.js:861:11)
          at _runTestsForDescribeBlock (C:\Users\arunk\Downloads\projects\New folder\pdf reader\node_modules\jest-circus\build\jestAdapterInit.js:861:11)
          at run (C:\Users\arunk\Downloads\projects\New folder\pdf reader\node_modules\jest-circus\build\jestAdapterInit.js:765:3)
          at runAndTransformResultsToJestFormat (C:\Users\arunk\Downloads\projects\New folder\pdf reader\node_modules\jest-circus\build\jestAdapterInit.js:1993:21)
          at jestAdapter (C:\Users\arunk\Downloads\projects\New folder\pdf reader\node_modules\jest-circus\build\runner.js:111:19)
          at runTestInternal (C:\Users\arunk\Downloads\projects\New folder\pdf reader\node_modules\jest-runner\build\index.js:276:16)
          at runTest (C:\Users\arunk\Downloads\projects\New folder\pdf reader\node_modules\jest-runner\build\index.js:344:7)

      at StorageRepository.migrateBackend (eval at <anonymous> (tests/multi-format-persistence.test.js:116:9), <anonymous>:876:15)

    console.warn
      Failed to migrate legacy document storage: ReferenceError: indexedDB is not defined
          at eval (eval at <anonymous> (C:\Users\arunk\Downloads\projects\New folder\pdf reader\tests\multi-format-persistence.test.js:116:9), <anonymous>:405:23)
          at new Promise (<anonymous>)
          at DatabaseManager.init (eval at <anonymous> (C:\Users\arunk\Downloads\projects\New folder\pdf reader\tests\multi-format-persistence.test.js:116:9), <anonymous>:404:24)
          at DatabaseManager.getDB (eval at <anonymous> (C:\Users\arunk\Downloads\projects\New folder\pdf reader\tests\multi-format-persistence.test.js:116:9), <anonymous>:440:17)
          at StorageRepository.migrateBackend (eval at <anonymous> (C:\Users\arunk\Downloads\projects\New folder\pdf reader\tests\multi-format-persistence.test.js:116:9), <anonymous>:837:39)
          at eval (eval at <anonymous> (C:\Users\arunk\Downloads\projects\New folder\pdf reader\tests\multi-format-persistence.test.js:116:9), <anonymous>:987:26)
          at Object.eval (C:\Users\arunk\Downloads\projects\New folder\pdf reader\tests\multi-format-persistence.test.js:116:9)
          at Promise.finally.completed (C:\Users\arunk\Downloads\projects\New folder\pdf reader\node_modules\jest-circus\build\jestAdapterInit.js:1561:28)
          at new Promise (<anonymous>)
          at callAsyncCircusFn (C:\Users\arunk\Downloads\projects\New folder\pdf reader\node_modules\jest-circus\build\jestAdapterInit.js:1501:10)
          at _callCircusHook (C:\Users\arunk\Downloads\projects\New folder\pdf reader\node_modules\jest-circus\build\jestAdapterInit.js:980:40)
          at _runTest (C:\Users\arunk\Downloads\projects\New folder\pdf reader\node_modules\jest-circus\build\jestAdapterInit.js:945:5)
          at C:\Users\arunk\Downloads\projects\New folder\pdf reader\node_modules\jest-circus\build\jestAdapterInit.js:853:7
          at _runTestsForDescribeBlock (C:\Users\arunk\Downloads\projects\New folder\pdf reader\node_modules\jest-circus\build\jestAdapterInit.js:866:11)
          at _runTestsForDescribeBlock (C:\Users\arunk\Downloads\projects\New folder\pdf reader\node_modules\jest-circus\build\jestAdapterInit.js:861:11)
          at _runTestsForDescribeBlock (C:\Users\arunk\Downloads\projects\New folder\pdf reader\node_modules\jest-circus\build\jestAdapterInit.js:861:11)
          at run (C:\Users\arunk\Downloads\projects\New folder\pdf reader\node_modules\jest-circus\build\jestAdapterInit.js:765:3)
          at runAndTransformResultsToJestFormat (C:\Users\arunk\Downloads\projects\New folder\pdf reader\node_modules\jest-circus\build\jestAdapterInit.js:1993:21)
          at jestAdapter (C:\Users\arunk\Downloads\projects\New folder\pdf reader\node_modules\jest-circus\build\runner.js:111:19)
          at runTestInternal (C:\Users\arunk\Downloads\projects\New folder\pdf reader\node_modules\jest-runner\build\index.js:276:16)
          at runTest (C:\Users\arunk\Downloads\projects\New folder\pdf reader\node_modules\jest-runner\build\index.js:344:7)

      at StorageRepository.migrateBackend (eval at <anonymous> (tests/multi-format-persistence.test.js:116:9), <anonymous>:876:15)

    console.warn
      Failed to migrate legacy document storage: ReferenceError: indexedDB is not defined
          at eval (eval at <anonymous> (C:\Users\arunk\Downloads\projects\New folder\pdf reader\tests\multi-format-persistence.test.js:116:9), <anonymous>:405:23)
          at new Promise (<anonymous>)
          at DatabaseManager.init (eval at <anonymous> (C:\Users\arunk\Downloads\projects\New folder\pdf reader\tests\multi-format-persistence.test.js:116:9), <anonymous>:404:24)
          at DatabaseManager.getDB (eval at <anonymous> (C:\Users\arunk\Downloads\projects\New folder\pdf reader\tests\multi-format-persistence.test.js:116:9), <anonymous>:440:17)
          at StorageRepository.migrateBackend (eval at <anonymous> (C:\Users\arunk\Downloads\projects\New folder\pdf reader\tests\multi-format-persistence.test.js:116:9), <anonymous>:837:39)
          at eval (eval at <anonymous> (C:\Users\arunk\Downloads\projects\New folder\pdf reader\tests\multi-format-persistence.test.js:116:9), <anonymous>:987:26)
          at Object.eval (C:\Users\arunk\Downloads\projects\New folder\pdf reader\tests\multi-format-persistence.test.js:116:9)
          at Promise.finally.completed (C:\Users\arunk\Downloads\projects\New folder\pdf reader\node_modules\jest-circus\build\jestAdapterInit.js:1561:28)
          at new Promise (<anonymous>)
          at callAsyncCircusFn (C:\Users\arunk\Downloads\projects\New folder\pdf reader\node_modules\jest-circus\build\jestAdapterInit.js:1501:10)
          at _callCircusHook (C:\Users\arunk\Downloads\projects\New folder\pdf reader\node_modules\jest-circus\build\jestAdapterInit.js:980:40)
          at _runTest (C:\Users\arunk\Downloads\projects\New folder\pdf reader\node_modules\jest-circus\build\jestAdapterInit.js:945:5)
          at C:\Users\arunk\Downloads\projects\New folder\pdf reader\node_modules\jest-circus\build\jestAdapterInit.js:853:7
          at _runTestsForDescribeBlock (C:\Users\arunk\Downloads\projects\New folder\pdf reader\node_modules\jest-circus\build\jestAdapterInit.js:866:11)
          at _runTestsForDescribeBlock (C:\Users\arunk\Downloads\projects\New folder\pdf reader\node_modules\jest-circus\build\jestAdapterInit.js:861:11)
          at _runTestsForDescribeBlock (C:\Users\arunk\Downloads\projects\New folder\pdf reader\node_modules\jest-circus\build\jestAdapterInit.js:861:11)
          at run (C:\Users\arunk\Downloads\projects\New folder\pdf reader\node_modules\jest-circus\build\jestAdapterInit.js:765:3)
          at runAndTransformResultsToJestFormat (C:\Users\arunk\Downloads\projects\New folder\pdf reader\node_modules\jest-circus\build\jestAdapterInit.js:1993:21)
          at jestAdapter (C:\Users\arunk\Downloads\projects\New folder\pdf reader\node_modules\jest-circus\build\runner.js:111:19)
          at runTestInternal (C:\Users\arunk\Downloads\projects\New folder\pdf reader\node_modules\jest-runner\build\index.js:276:16)
          at runTest (C:\Users\arunk\Downloads\projects\New folder\pdf reader\node_modules\jest-runner\build\index.js:344:7)

      at StorageRepository.migrateBackend (eval at <anonymous> (tests/multi-format-persistence.test.js:116:9), <anonymous>:876:15)

    console.warn
      Failed to migrate legacy document storage: ReferenceError: indexedDB is not defined
          at eval (eval at <anonymous> (C:\Users\arunk\Downloads\projects\New folder\pdf reader\tests\multi-format-persistence.test.js:116:9), <anonymous>:405:23)
          at new Promise (<anonymous>)
          at DatabaseManager.init (eval at <anonymous> (C:\Users\arunk\Downloads\projects\New folder\pdf reader\tests\multi-format-persistence.test.js:116:9), <anonymous>:404:24)
          at DatabaseManager.getDB (eval at <anonymous> (C:\Users\arunk\Downloads\projects\New folder\pdf reader\tests\multi-format-persistence.test.js:116:9), <anonymous>:440:17)
          at StorageRepository.migrateBackend (eval at <anonymous> (C:\Users\arunk\Downloads\projects\New folder\pdf reader\tests\multi-format-persistence.test.js:116:9), <anonymous>:837:39)
          at eval (eval at <anonymous> (C:\Users\arunk\Downloads\projects\New folder\pdf reader\tests\multi-format-persistence.test.js:116:9), <anonymous>:987:26)
          at Object.eval (C:\Users\arunk\Downloads\projects\New folder\pdf reader\tests\multi-format-persistence.test.js:116:9)
          at Promise.finally.completed (C:\Users\arunk\Downloads\projects\New folder\pdf reader\node_modules\jest-circus\build\jestAdapterInit.js:1561:28)
          at new Promise (<anonymous>)
          at callAsyncCircusFn (C:\Users\arunk\Downloads\projects\New folder\pdf reader\node_modules\jest-circus\build\jestAdapterInit.js:1501:10)
          at _callCircusHook (C:\Users\arunk\Downloads\projects\New folder\pdf reader\node_modules\jest-circus\build\jestAdapterInit.js:980:40)
          at _runTest (C:\Users\arunk\Downloads\projects\New folder\pdf reader\node_modules\jest-circus\build\jestAdapterInit.js:945:5)
          at C:\Users\arunk\Downloads\projects\New folder\pdf reader\node_modules\jest-circus\build\jestAdapterInit.js:853:7
          at _runTestsForDescribeBlock (C:\Users\arunk\Downloads\projects\New folder\pdf reader\node_modules\jest-circus\build\jestAdapterInit.js:866:11)
          at _runTestsForDescribeBlock (C:\Users\arunk\Downloads\projects\New folder\pdf reader\node_modules\jest-circus\build\jestAdapterInit.js:861:11)
          at _runTestsForDescribeBlock (C:\Users\arunk\Downloads\projects\New folder\pdf reader\node_modules\jest-circus\build\jestAdapterInit.js:861:11)
          at run (C:\Users\arunk\Downloads\projects\New folder\pdf reader\node_modules\jest-circus\build\jestAdapterInit.js:765:3)
          at runAndTransformResultsToJestFormat (C:\Users\arunk\Downloads\projects\New folder\pdf reader\node_modules\jest-circus\build\jestAdapterInit.js:1993:21)
          at jestAdapter (C:\Users\arunk\Downloads\projects\New folder\pdf reader\node_modules\jest-circus\build\runner.js:111:19)
          at runTestInternal (C:\Users\arunk\Downloads\projects\New folder\pdf reader\node_modules\jest-runner\build\index.js:276:16)
          at runTest (C:\Users\arunk\Downloads\projects\New folder\pdf reader\node_modules\jest-runner\build\index.js:344:7)

      at StorageRepository.migrateBackend (eval at <anonymous> (tests/multi-format-persistence.test.js:116:9), <anonymous>:876:15)

    console.warn
      Failed to migrate legacy document storage: ReferenceError: indexedDB is not defined
          at eval (eval at <anonymous> (C:\Users\arunk\Downloads\projects\New folder\pdf reader\tests\multi-format-persistence.test.js:116:9), <anonymous>:405:23)
          at new Promise (<anonymous>)
          at DatabaseManager.init (eval at <anonymous> (C:\Users\arunk\Downloads\projects\New folder\pdf reader\tests\multi-format-persistence.test.js:116:9), <anonymous>:404:24)
          at DatabaseManager.getDB (eval at <anonymous> (C:\Users\arunk\Downloads\projects\New folder\pdf reader\tests\multi-format-persistence.test.js:116:9), <anonymous>:440:17)
          at StorageRepository.migrateBackend (eval at <anonymous> (C:\Users\arunk\Downloads\projects\New folder\pdf reader\tests\multi-format-persistence.test.js:116:9), <anonymous>:837:39)
          at eval (eval at <anonymous> (C:\Users\arunk\Downloads\projects\New folder\pdf reader\tests\multi-format-persistence.test.js:116:9), <anonymous>:987:26)
          at Object.eval (C:\Users\arunk\Downloads\projects\New folder\pdf reader\tests\multi-format-persistence.test.js:116:9)
          at Promise.finally.completed (C:\Users\arunk\Downloads\projects\New folder\pdf reader\node_modules\jest-circus\build\jestAdapterInit.js:1561:28)
          at new Promise (<anonymous>)
          at callAsyncCircusFn (C:\Users\arunk\Downloads\projects\New folder\pdf reader\node_modules\jest-circus\build\jestAdapterInit.js:1501:10)
          at _callCircusHook (C:\Users\arunk\Downloads\projects\New folder\pdf reader\node_modules\jest-circus\build\jestAdapterInit.js:980:40)
          at _runTest (C:\Users\arunk\Downloads\projects\New folder\pdf reader\node_modules\jest-circus\build\jestAdapterInit.js:945:5)
          at C:\Users\arunk\Downloads\projects\New folder\pdf reader\node_modules\jest-circus\build\jestAdapterInit.js:853:7
          at _runTestsForDescribeBlock (C:\Users\arunk\Downloads\projects\New folder\pdf reader\node_modules\jest-circus\build\jestAdapterInit.js:866:11)
          at _runTestsForDescribeBlock (C:\Users\arunk\Downloads\projects\New folder\pdf reader\node_modules\jest-circus\build\jestAdapterInit.js:861:11)
          at _runTestsForDescribeBlock (C:\Users\arunk\Downloads\projects\New folder\pdf reader\node_modules\jest-circus\build\jestAdapterInit.js:861:11)
          at run (C:\Users\arunk\Downloads\projects\New folder\pdf reader\node_modules\jest-circus\build\jestAdapterInit.js:765:3)
          at runAndTransformResultsToJestFormat (C:\Users\arunk\Downloads\projects\New folder\pdf reader\node_modules\jest-circus\build\jestAdapterInit.js:1993:21)
          at jestAdapter (C:\Users\arunk\Downloads\projects\New folder\pdf reader\node_modules\jest-circus\build\runner.js:111:19)
          at runTestInternal (C:\Users\arunk\Downloads\projects\New folder\pdf reader\node_modules\jest-runner\build\index.js:276:16)
          at runTest (C:\Users\arunk\Downloads\projects\New folder\pdf reader\node_modules\jest-runner\build\index.js:344:7)

      at StorageRepository.migrateBackend (eval at <anonymous> (tests/multi-format-persistence.test.js:116:9), <anonymous>:876:15)

    console.warn
      Failed to migrate legacy document storage: ReferenceError: indexedDB is not defined
          at eval (eval at <anonymous> (C:\Users\arunk\Downloads\projects\New folder\pdf reader\tests\multi-format-persistence.test.js:116:9), <anonymous>:405:23)
          at new Promise (<anonymous>)
          at DatabaseManager.init (eval at <anonymous> (C:\Users\arunk\Downloads\projects\New folder\pdf reader\tests\multi-format-persistence.test.js:116:9), <anonymous>:404:24)
          at DatabaseManager.getDB (eval at <anonymous> (C:\Users\arunk\Downloads\projects\New folder\pdf reader\tests\multi-format-persistence.test.js:116:9), <anonymous>:440:17)
          at StorageRepository.migrateBackend (eval at <anonymous> (C:\Users\arunk\Downloads\projects\New folder\pdf reader\tests\multi-format-persistence.test.js:116:9), <anonymous>:837:39)
          at eval (eval at <anonymous> (C:\Users\arunk\Downloads\projects\New folder\pdf reader\tests\multi-format-persistence.test.js:116:9), <anonymous>:987:26)
          at Object.eval (C:\Users\arunk\Downloads\projects\New folder\pdf reader\tests\multi-format-persistence.test.js:116:9)
          at Promise.finally.completed (C:\Users\arunk\Downloads\projects\New folder\pdf reader\node_modules\jest-circus\build\jestAdapterInit.js:1561:28)
          at new Promise (<anonymous>)
          at callAsyncCircusFn (C:\Users\arunk\Downloads\projects\New folder\pdf reader\node_modules\jest-circus\build\jestAdapterInit.js:1501:10)
          at _callCircusHook (C:\Users\arunk\Downloads\projects\New folder\pdf reader\node_modules\jest-circus\build\jestAdapterInit.js:980:40)
          at _runTest (C:\Users\arunk\Downloads\projects\New folder\pdf reader\node_modules\jest-circus\build\jestAdapterInit.js:945:5)
          at C:\Users\arunk\Downloads\projects\New folder\pdf reader\node_modules\jest-circus\build\jestAdapterInit.js:853:7
          at _runTestsForDescribeBlock (C:\Users\arunk\Downloads\projects\New folder\pdf reader\node_modules\jest-circus\build\jestAdapterInit.js:866:11)
          at _runTestsForDescribeBlock (C:\Users\arunk\Downloads\projects\New folder\pdf reader\node_modules\jest-circus\build\jestAdapterInit.js:861:11)
          at _runTestsForDescribeBlock (C:\Users\arunk\Downloads\projects\New folder\pdf reader\node_modules\jest-circus\build\jestAdapterInit.js:861:11)
          at run (C:\Users\arunk\Downloads\projects\New folder\pdf reader\node_modules\jest-circus\build\jestAdapterInit.js:765:3)
          at runAndTransformResultsToJestFormat (C:\Users\arunk\Downloads\projects\New folder\pdf reader\node_modules\jest-circus\build\jestAdapterInit.js:1993:21)
          at jestAdapter (C:\Users\arunk\Downloads\projects\New folder\pdf reader\node_modules\jest-circus\build\runner.js:111:19)
          at runTestInternal (C:\Users\arunk\Downloads\projects\New folder\pdf reader\node_modules\jest-runner\build\index.js:276:16)
          at runTest (C:\Users\arunk\Downloads\projects\New folder\pdf reader\node_modules\jest-runner\build\index.js:344:7)

      at StorageRepository.migrateBackend (eval at <anonymous> (tests/multi-format-persistence.test.js:116:9), <anonymous>:876:15)

    console.warn
      Failed to migrate legacy document storage: ReferenceError: indexedDB is not defined
          at eval (eval at <anonymous> (C:\Users\arunk\Downloads\projects\New folder\pdf reader\tests\multi-format-persistence.test.js:116:9), <anonymous>:405:23)
          at new Promise (<anonymous>)
          at DatabaseManager.init (eval at <anonymous> (C:\Users\arunk\Downloads\projects\New folder\pdf reader\tests\multi-format-persistence.test.js:116:9), <anonymous>:404:24)
          at DatabaseManager.getDB (eval at <anonymous> (C:\Users\arunk\Downloads\projects\New folder\pdf reader\tests\multi-format-persistence.test.js:116:9), <anonymous>:440:17)
          at StorageRepository.migrateBackend (eval at <anonymous> (C:\Users\arunk\Downloads\projects\New folder\pdf reader\tests\multi-format-persistence.test.js:116:9), <anonymous>:837:39)
          at eval (eval at <anonymous> (C:\Users\arunk\Downloads\projects\New folder\pdf reader\tests\multi-format-persistence.test.js:116:9), <anonymous>:987:26)
          at Object.eval (C:\Users\arunk\Downloads\projects\New folder\pdf reader\tests\multi-format-persistence.test.js:116:9)
          at Promise.finally.completed (C:\Users\arunk\Downloads\projects\New folder\pdf reader\node_modules\jest-circus\build\jestAdapterInit.js:1561:28)
          at new Promise (<anonymous>)
          at callAsyncCircusFn (C:\Users\arunk\Downloads\projects\New folder\pdf reader\node_modules\jest-circus\build\jestAdapterInit.js:1501:10)
          at _callCircusHook (C:\Users\arunk\Downloads\projects\New folder\pdf reader\node_modules\jest-circus\build\jestAdapterInit.js:980:40)
          at _runTest (C:\Users\arunk\Downloads\projects\New folder\pdf reader\node_modules\jest-circus\build\jestAdapterInit.js:945:5)
          at C:\Users\arunk\Downloads\projects\New folder\pdf reader\node_modules\jest-circus\build\jestAdapterInit.js:853:7
          at _runTestsForDescribeBlock (C:\Users\arunk\Downloads\projects\New folder\pdf reader\node_modules\jest-circus\build\jestAdapterInit.js:866:11)
          at _runTestsForDescribeBlock (C:\Users\arunk\Downloads\projects\New folder\pdf reader\node_modules\jest-circus\build\jestAdapterInit.js:861:11)
          at _runTestsForDescribeBlock (C:\Users\arunk\Downloads\projects\New folder\pdf reader\node_modules\jest-circus\build\jestAdapterInit.js:861:11)
          at run (C:\Users\arunk\Downloads\projects\New folder\pdf reader\node_modules\jest-circus\build\jestAdapterInit.js:765:3)
          at runAndTransformResultsToJestFormat (C:\Users\arunk\Downloads\projects\New folder\pdf reader\node_modules\jest-circus\build\jestAdapterInit.js:1993:21)
          at jestAdapter (C:\Users\arunk\Downloads\projects\New folder\pdf reader\node_modules\jest-circus\build\runner.js:111:19)
          at runTestInternal (C:\Users\arunk\Downloads\projects\New folder\pdf reader\node_modules\jest-runner\build\index.js:276:16)
          at runTest (C:\Users\arunk\Downloads\projects\New folder\pdf reader\node_modules\jest-runner\build\index.js:344:7)

      at StorageRepository.migrateBackend (eval at <anonymous> (tests/multi-format-persistence.test.js:116:9), <anonymous>:876:15)

    console.warn
      Failed to migrate legacy document storage: ReferenceError: indexedDB is not defined
          at eval (eval at <anonymous> (C:\Users\arunk\Downloads\projects\New folder\pdf reader\tests\multi-format-persistence.test.js:116:9), <anonymous>:405:23)
          at new Promise (<anonymous>)
          at DatabaseManager.init (eval at <anonymous> (C:\Users\arunk\Downloads\projects\New folder\pdf reader\tests\multi-format-persistence.test.js:116:9), <anonymous>:404:24)
          at DatabaseManager.getDB (eval at <anonymous> (C:\Users\arunk\Downloads\projects\New folder\pdf reader\tests\multi-format-persistence.test.js:116:9), <anonymous>:440:17)
          at StorageRepository.migrateBackend (eval at <anonymous> (C:\Users\arunk\Downloads\projects\New folder\pdf reader\tests\multi-format-persistence.test.js:116:9), <anonymous>:837:39)
          at eval (eval at <anonymous> (C:\Users\arunk\Downloads\projects\New folder\pdf reader\tests\multi-format-persistence.test.js:116:9), <anonymous>:987:26)
          at Object.eval (C:\Users\arunk\Downloads\projects\New folder\pdf reader\tests\multi-format-persistence.test.js:116:9)
          at Promise.finally.completed (C:\Users\arunk\Downloads\projects\New folder\pdf reader\node_modules\jest-circus\build\jestAdapterInit.js:1561:28)
          at new Promise (<anonymous>)
          at callAsyncCircusFn (C:\Users\arunk\Downloads\projects\New folder\pdf reader\node_modules\jest-circus\build\jestAdapterInit.js:1501:10)
          at _callCircusHook (C:\Users\arunk\Downloads\projects\New folder\pdf reader\node_modules\jest-circus\build\jestAdapterInit.js:980:40)
          at _runTest (C:\Users\arunk\Downloads\projects\New folder\pdf reader\node_modules\jest-circus\build\jestAdapterInit.js:945:5)
          at C:\Users\arunk\Downloads\projects\New folder\pdf reader\node_modules\jest-circus\build\jestAdapterInit.js:853:7
          at _runTestsForDescribeBlock (C:\Users\arunk\Downloads\projects\New folder\pdf reader\node_modules\jest-circus\build\jestAdapterInit.js:866:11)
          at _runTestsForDescribeBlock (C:\Users\arunk\Downloads\projects\New folder\pdf reader\node_modules\jest-circus\build\jestAdapterInit.js:861:11)
          at _runTestsForDescribeBlock (C:\Users\arunk\Downloads\projects\New folder\pdf reader\node_modules\jest-circus\build\jestAdapterInit.js:861:11)
          at run (C:\Users\arunk\Downloads\projects\New folder\pdf reader\node_modules\jest-circus\build\jestAdapterInit.js:765:3)
          at runAndTransformResultsToJestFormat (C:\Users\arunk\Downloads\projects\New folder\pdf reader\node_modules\jest-circus\build\jestAdapterInit.js:1993:21)
          at jestAdapter (C:\Users\arunk\Downloads\projects\New folder\pdf reader\node_modules\jest-circus\build\runner.js:111:19)
          at runTestInternal (C:\Users\arunk\Downloads\projects\New folder\pdf reader\node_modules\jest-runner\build\index.js:276:16)
          at runTest (C:\Users\arunk\Downloads\projects\New folder\pdf reader\node_modules\jest-runner\build\index.js:344:7)

      at StorageRepository.migrateBackend (eval at <anonymous> (tests/multi-format-persistence.test.js:116:9), <anonymous>:876:15)

    console.log
      [ProfileMigration] Migrating namespace from 'guest' to 'testuser'...

      at eval (eval at <anonymous> (tests/multi-format-persistence.test.js:116:9), <anonymous>:1064:17)
          at Array.forEach (<anonymous>)

    console.warn
      Failed to migrate legacy document storage: ReferenceError: indexedDB is not defined
          at eval (eval at <anonymous> (C:\Users\arunk\Downloads\projects\New folder\pdf reader\tests\multi-format-persistence.test.js:116:9), <anonymous>:405:23)
          at new Promise (<anonymous>)
          at DatabaseManager.init (eval at <anonymous> (C:\Users\arunk\Downloads\projects\New folder\pdf reader\tests\multi-format-persistence.test.js:116:9), <anonymous>:404:24)
          at DatabaseManager.getDB (eval at <anonymous> (C:\Users\arunk\Downloads\projects\New folder\pdf reader\tests\multi-format-persistence.test.js:116:9), <anonymous>:440:17)
          at StorageRepository.migrateBackend (eval at <anonymous> (C:\Users\arunk\Downloads\projects\New folder\pdf reader\tests\multi-format-persistence.test.js:116:9), <anonymous>:837:39)
          at eval (eval at <anonymous> (C:\Users\arunk\Downloads\projects\New folder\pdf reader\tests\multi-format-persistence.test.js:116:9), <anonymous>:987:26)
          at Object.eval (C:\Users\arunk\Downloads\projects\New folder\pdf reader\tests\multi-format-persistence.test.js:116:9)
          at Promise.finally.completed (C:\Users\arunk\Downloads\projects\New folder\pdf reader\node_modules\jest-circus\build\jestAdapterInit.js:1561:28)
          at new Promise (<anonymous>)
          at callAsyncCircusFn (C:\Users\arunk\Downloads\projects\New folder\pdf reader\node_modules\jest-circus\build\jestAdapterInit.js:1501:10)
          at _callCircusHook (C:\Users\arunk\Downloads\projects\New folder\pdf reader\node_modules\jest-circus\build\jestAdapterInit.js:980:40)
          at _runTest (C:\Users\arunk\Downloads\projects\New folder\pdf reader\node_modules\jest-circus\build\jestAdapterInit.js:945:5)
          at C:\Users\arunk\Downloads\projects\New folder\pdf reader\node_modules\jest-circus\build\jestAdapterInit.js:853:7
          at _runTestsForDescribeBlock (C:\Users\arunk\Downloads\projects\New folder\pdf reader\node_modules\jest-circus\build\jestAdapterInit.js:866:11)
          at _runTestsForDescribeBlock (C:\Users\arunk\Downloads\projects\New folder\pdf reader\node_modules\jest-circus\build\jestAdapterInit.js:861:11)
          at _runTestsForDescribeBlock (C:\Users\arunk\Downloads\projects\New folder\pdf reader\node_modules\jest-circus\build\jestAdapterInit.js:861:11)
          at run (C:\Users\arunk\Downloads\projects\New folder\pdf reader\node_modules\jest-circus\build\jestAdapterInit.js:765:3)
          at runAndTransformResultsToJestFormat (C:\Users\arunk\Downloads\projects\New folder\pdf reader\node_modules\jest-circus\build\jestAdapterInit.js:1993:21)
          at jestAdapter (C:\Users\arunk\Downloads\projects\New folder\pdf reader\node_modules\jest-circus\build\runner.js:111:19)
          at runTestInternal (C:\Users\arunk\Downloads\projects\New folder\pdf reader\node_modules\jest-runner\build\index.js:276:16)
          at runTest (C:\Users\arunk\Downloads\projects\New folder\pdf reader\node_modules\jest-runner\build\index.js:344:7)

      at StorageRepository.migrateBackend (eval at <anonymous> (tests/multi-format-persistence.test.js:116:9), <anonymous>:876:15)

    console.warn
      Failed to migrate legacy document storage: ReferenceError: indexedDB is not defined
          at eval (eval at <anonymous> (C:\Users\arunk\Downloads\projects\New folder\pdf reader\tests\multi-format-persistence.test.js:116:9), <anonymous>:405:23)
          at new Promise (<anonymous>)
          at DatabaseManager.init (eval at <anonymous> (C:\Users\arunk\Downloads\projects\New folder\pdf reader\tests\multi-format-persistence.test.js:116:9), <anonymous>:404:24)
          at DatabaseManager.getDB (eval at <anonymous> (C:\Users\arunk\Downloads\projects\New folder\pdf reader\tests\multi-format-persistence.test.js:116:9), <anonymous>:440:17)
          at StorageRepository.migrateBackend (eval at <anonymous> (C:\Users\arunk\Downloads\projects\New folder\pdf reader\tests\multi-format-persistence.test.js:116:9), <anonymous>:837:39)
          at eval (eval at <anonymous> (C:\Users\arunk\Downloads\projects\New folder\pdf reader\tests\multi-format-persistence.test.js:116:9), <anonymous>:987:26)
          at Object.eval (C:\Users\arunk\Downloads\projects\New folder\pdf reader\tests\multi-format-persistence.test.js:116:9)
          at Promise.finally.completed (C:\Users\arunk\Downloads\projects\New folder\pdf reader\node_modules\jest-circus\build\jestAdapterInit.js:1561:28)
          at new Promise (<anonymous>)
          at callAsyncCircusFn (C:\Users\arunk\Downloads\projects\New folder\pdf reader\node_modules\jest-circus\build\jestAdapterInit.js:1501:10)
          at _callCircusHook (C:\Users\arunk\Downloads\projects\New folder\pdf reader\node_modules\jest-circus\build\jestAdapterInit.js:980:40)
          at _runTest (C:\Users\arunk\Downloads\projects\New folder\pdf reader\node_modules\jest-circus\build\jestAdapterInit.js:945:5)
          at C:\Users\arunk\Downloads\projects\New folder\pdf reader\node_modules\jest-circus\build\jestAdapterInit.js:853:7
          at _runTestsForDescribeBlock (C:\Users\arunk\Downloads\projects\New folder\pdf reader\node_modules\jest-circus\build\jestAdapterInit.js:866:11)
          at _runTestsForDescribeBlock (C:\Users\arunk\Downloads\projects\New folder\pdf reader\node_modules\jest-circus\build\jestAdapterInit.js:861:11)
          at _runTestsForDescribeBlock (C:\Users\arunk\Downloads\projects\New folder\pdf reader\node_modules\jest-circus\build\jestAdapterInit.js:861:11)
          at run (C:\Users\arunk\Downloads\projects\New folder\pdf reader\node_modules\jest-circus\build\jestAdapterInit.js:765:3)
          at runAndTransformResultsToJestFormat (C:\Users\arunk\Downloads\projects\New folder\pdf reader\node_modules\jest-circus\build\jestAdapterInit.js:1993:21)
          at jestAdapter (C:\Users\arunk\Downloads\projects\New folder\pdf reader\node_modules\jest-circus\build\runner.js:111:19)
          at runTestInternal (C:\Users\arunk\Downloads\projects\New folder\pdf reader\node_modules\jest-runner\build\index.js:276:16)
          at runTest (C:\Users\arunk\Downloads\projects\New folder\pdf reader\node_modules\jest-runner\build\index.js:344:7)

      at StorageRepository.migrateBackend (eval at <anonymous> (tests/multi-format-persistence.test.js:116:9), <anonymous>:876:15)

PASS tests/remote-stylus-sync.test.js
PASS tests/stylus-engine.test.js
PASS tests/remote-stylus-bugs.test.js
  ΓùÅ Console

    console.warn
      broadcastCanvasInfo: notesRepo not ready, retrying in 300ms

      at broadcastCanvasInfo (eval at loadSync (tests/remote-stylus-bugs.test.js:49:3), <anonymous>:730:29)
      at _desktopMsgListener (eval at loadSync (tests/remote-stylus-bugs.test.js:49:3), <anonymous>:752:21)
      at fn (tests/remote-stylus-bugs.test.js:29:54)
          at Array.forEach (<anonymous>)
      at MockWebSocket.forEach [as _receive] (tests/remote-stylus-bugs.test.js:29:40)
      at Object._receive (tests/remote-stylus-bugs.test.js:234:8)

    console.warn
      broadcastCanvasInfo: notesRepo not ready, retrying in 300ms

      at broadcastCanvasInfo (eval at loadSync (tests/remote-stylus-bugs.test.js:49:3), <anonymous>:730:29)
      at _desktopMsgListener (eval at loadSync (tests/remote-stylus-bugs.test.js:49:3), <anonymous>:752:21)
      at fn (tests/remote-stylus-bugs.test.js:29:54)
          at Array.forEach (<anonymous>)
      at MockWebSocket.forEach [as _receive] (tests/remote-stylus-bugs.test.js:29:40)
      at Object._receive (tests/remote-stylus-bugs.test.js:261:8)

    console.warn
      broadcastCanvasInfo: notesRepo not ready, retrying in 600ms

      at broadcastCanvasInfo (eval at loadSync (tests/remote-stylus-bugs.test.js:49:3), <anonymous>:730:29)
      at eval (eval at loadSync (tests/remote-stylus-bugs.test.js:49:3), <anonymous>:731:38)
      at callTimer (node_modules/@sinonjs/fake-timers/src/fake-timers-src.js:1525:24)
      at runTimersInRange (node_modules/@sinonjs/fake-timers/src/fake-timers-src.js:2223:25)
      at doTickInner (node_modules/@sinonjs/fake-timers/src/fake-timers-src.js:2318:21)
      at doTick (node_modules/@sinonjs/fake-timers/src/fake-timers-src.js:2334:20)
      at Object.tick (node_modules/@sinonjs/fake-timers/src/fake-timers-src.js:2342:20)
      at FakeTimers.advanceTimersByTime (node_modules/@jest/fake-timers/build/index.js:580:19)
      at Object.advanceTimersByTime (tests/remote-stylus-bugs.test.js:267:10)

    console.warn
      broadcastCanvasInfo: notesRepo not ready, retrying in 300ms

      at broadcastCanvasInfo (eval at loadSync (tests/remote-stylus-bugs.test.js:49:3), <anonymous>:730:29)
      at _desktopMsgListener (eval at loadSync (tests/remote-stylus-bugs.test.js:49:3), <anonymous>:752:21)
      at fn (tests/remote-stylus-bugs.test.js:29:54)
          at Array.forEach (<anonymous>)
      at MockWebSocket.forEach [as _receive] (tests/remote-stylus-bugs.test.js:29:40)
      at Object._receive (tests/remote-stylus-bugs.test.js:275:8)

    console.warn
      broadcastCanvasInfo: notesRepo not ready, retrying in 600ms

      at broadcastCanvasInfo (eval at loadSync (tests/remote-stylus-bugs.test.js:49:3), <anonymous>:730:29)
      at eval (eval at loadSync (tests/remote-stylus-bugs.test.js:49:3), <anonymous>:731:38)
      at callTimer (node_modules/@sinonjs/fake-timers/src/fake-timers-src.js:1525:24)
      at runTimersInRange (node_modules/@sinonjs/fake-timers/src/fake-timers-src.js:2223:25)
      at doTickInner (node_modules/@sinonjs/fake-timers/src/fake-timers-src.js:2318:21)
      at doTick (node_modules/@sinonjs/fake-timers/src/fake-timers-src.js:2334:20)
      at Object.tick (node_modules/@sinonjs/fake-timers/src/fake-timers-src.js:2342:20)
      at FakeTimers.advanceTimersByTime (node_modules/@jest/fake-timers/build/index.js:580:19)
      at Object.advanceTimersByTime (tests/remote-stylus-bugs.test.js:278:10)

    console.warn
      broadcastCanvasInfo: notesRepo not ready, retrying in 900ms

      at broadcastCanvasInfo (eval at loadSync (tests/remote-stylus-bugs.test.js:49:3), <anonymous>:730:29)
      at eval (eval at loadSync (tests/remote-stylus-bugs.test.js:49:3), <anonymous>:731:38)
      at callTimer (node_modules/@sinonjs/fake-timers/src/fake-timers-src.js:1525:24)
      at runTimersInRange (node_modules/@sinonjs/fake-timers/src/fake-timers-src.js:2223:25)
      at doTickInner (node_modules/@sinonjs/fake-timers/src/fake-timers-src.js:2318:21)
      at doTick (node_modules/@sinonjs/fake-timers/src/fake-timers-src.js:2334:20)
      at Object.tick (node_modules/@sinonjs/fake-timers/src/fake-timers-src.js:2342:20)
      at FakeTimers.advanceTimersByTime (node_modules/@jest/fake-timers/build/index.js:580:19)
      at Object.advanceTimersByTime (tests/remote-stylus-bugs.test.js:278:10)

    console.error
      Failed to get menu tree from notesRepo Error: fail
          at Object.<anonymous> (C:\Users\arunk\Downloads\projects\New folder\pdf reader\tests\remote-stylus-bugs.test.js:286:67)
          at Promise.finally.completed (C:\Users\arunk\Downloads\projects\New folder\pdf reader\node_modules\jest-circus\build\jestAdapterInit.js:1561:28)
          at new Promise (<anonymous>)
          at callAsyncCircusFn (C:\Users\arunk\Downloads\projects\New folder\pdf reader\node_modules\jest-circus\build\jestAdapterInit.js:1501:10)
          at _callCircusTest (C:\Users\arunk\Downloads\projects\New folder\pdf reader\node_modules\jest-circus\build\jestAdapterInit.js:1011:40)
          at _runTest (C:\Users\arunk\Downloads\projects\New folder\pdf reader\node_modules\jest-circus\build\jestAdapterInit.js:951:3)
          at C:\Users\arunk\Downloads\projects\New folder\pdf reader\node_modules\jest-circus\build\jestAdapterInit.js:853:7
          at _runTestsForDescribeBlock (C:\Users\arunk\Downloads\projects\New folder\pdf reader\node_modules\jest-circus\build\jestAdapterInit.js:866:11)
          at _runTestsForDescribeBlock (C:\Users\arunk\Downloads\projects\New folder\pdf reader\node_modules\jest-circus\build\jestAdapterInit.js:861:11)
          at run (C:\Users\arunk\Downloads\projects\New folder\pdf reader\node_modules\jest-circus\build\jestAdapterInit.js:765:3)
          at runAndTransformResultsToJestFormat (C:\Users\arunk\Downloads\projects\New folder\pdf reader\node_modules\jest-circus\build\jestAdapterInit.js:1993:21)
          at jestAdapter (C:\Users\arunk\Downloads\projects\New folder\pdf reader\node_modules\jest-circus\build\runner.js:111:19)
          at runTestInternal (C:\Users\arunk\Downloads\projects\New folder\pdf reader\node_modules\jest-runner\build\index.js:276:16)
          at runTest (C:\Users\arunk\Downloads\projects\New folder\pdf reader\node_modules\jest-runner\build\index.js:344:7)

      at eval (eval at loadSync (tests/remote-stylus-bugs.test.js:49:3), <anonymous>:706:29)

    console.warn
      broadcastCanvasInfo: retrying in 300ms (attempt 1/3)

      at eval (eval at loadSync (tests/remote-stylus-bugs.test.js:49:3), <anonymous>:710:33)

    console.error
      Failed to get menu tree from notesRepo Error: first fail
          at Object.<anonymous> (C:\Users\arunk\Downloads\projects\New folder\pdf reader\tests\remote-stylus-bugs.test.js:302:49)
          at C:\Users\arunk\Downloads\projects\New folder\pdf reader\node_modules\jest-mock\build\index.js:305:39
          at Object.<anonymous> (C:\Users\arunk\Downloads\projects\New folder\pdf reader\node_modules\jest-mock\build\index.js:312:13)
          at Object.mockConstructor [as getAllNotes] (C:\Users\arunk\Downloads\projects\New folder\pdf reader\node_modules\jest-mock\build\index.js:102:19)
          at broadcastCanvasInfo (eval at loadSync (C:\Users\arunk\Downloads\projects\New folder\pdf reader\tests\remote-stylus-bugs.test.js:49:3), <anonymous>:658:34)
          at _desktopMsgListener (eval at loadSync (C:\Users\arunk\Downloads\projects\New folder\pdf reader\tests\remote-stylus-bugs.test.js:49:3), <anonymous>:752:21)
          at fn (C:\Users\arunk\Downloads\projects\New folder\pdf reader\tests\remote-stylus-bugs.test.js:29:54)
          at Array.forEach (<anonymous>)
          at MockWebSocket.forEach [as _receive] (C:\Users\arunk\Downloads\projects\New folder\pdf reader\tests\remote-stylus-bugs.test.js:29:40)
          at Object._receive (C:\Users\arunk\Downloads\projects\New folder\pdf reader\tests\remote-stylus-bugs.test.js:307:8)
          at Promise.finally.completed (C:\Users\arunk\Downloads\projects\New folder\pdf reader\node_modules\jest-circus\build\jestAdapterInit.js:1561:28)
          at new Promise (<anonymous>)
          at callAsyncCircusFn (C:\Users\arunk\Downloads\projects\New folder\pdf reader\node_modules\jest-circus\build\jestAdapterInit.js:1501:10)
          at _callCircusTest (C:\Users\arunk\Downloads\projects\New folder\pdf reader\node_modules\jest-circus\build\jestAdapterInit.js:1011:40)
          at _runTest (C:\Users\arunk\Downloads\projects\New folder\pdf reader\node_modules\jest-circus\build\jestAdapterInit.js:951:3)
          at C:\Users\arunk\Downloads\projects\New folder\pdf reader\node_modules\jest-circus\build\jestAdapterInit.js:853:7
          at _runTestsForDescribeBlock (C:\Users\arunk\Downloads\projects\New folder\pdf reader\node_modules\jest-circus\build\jestAdapterInit.js:866:11)
          at _runTestsForDescribeBlock (C:\Users\arunk\Downloads\projects\New folder\pdf reader\node_modules\jest-circus\build\jestAdapterInit.js:861:11)
          at run (C:\Users\arunk\Downloads\projects\New folder\pdf reader\node_modules\jest-circus\build\jestAdapterInit.js:765:3)
          at runAndTransformResultsToJestFormat (C:\Users\arunk\Downloads\projects\New folder\pdf reader\node_modules\jest-circus\build\jestAdapterInit.js:1993:21)
          at jestAdapter (C:\Users\arunk\Downloads\projects\New folder\pdf reader\node_modules\jest-circus\build\runner.js:111:19)
          at runTestInternal (C:\Users\arunk\Downloads\projects\New folder\pdf reader\node_modules\jest-runner\build\index.js:276:16)
          at runTest (C:\Users\arunk\Downloads\projects\New folder\pdf reader\node_modules\jest-runner\build\index.js:344:7)

      at eval (eval at loadSync (tests/remote-stylus-bugs.test.js:49:3), <anonymous>:706:29)

    console.warn
      broadcastCanvasInfo: retrying in 300ms (attempt 1/3)

      at eval (eval at loadSync (tests/remote-stylus-bugs.test.js:49:3), <anonymous>:710:33)

PASS tests/stylus-engine-bugs.test.js
PASS tests/theme-engine.test.js
PASS tests/remote-notes-app.test.js
PASS tests/font-engine.test.js
PASS tests/integration/remote-notes-flow.test.js
PASS tests/remote-notes-engine.test.js

Test Suites: 2 failed, 11 passed, 13 total
Tests:       5 failed, 1 skipped, 242 passed, 248 total
Snapshots:   0 total
Time:        1.409 s
Ran all test suites.
